Archive member included because of file (symbol)

H:\Assignment_Workspace\FestoTester_RTOS\src\sysbios\sysbios.am4fg(m3_Hwi_asm_gnu.o)
                              H:\Assignment_Workspace\FestoTester_RTOS\Debug\configPkg\package\cfg\app_pm4fg.om4fg (ti_sysbios_family_arm_m3_Hwi_pendSV(int0_t))
H:\Assignment_Workspace\FestoTester_RTOS\src\sysbios\sysbios.am4fg(m3_Hwi_asm_switch_gnu.o)
                              H:\Assignment_Workspace\FestoTester_RTOS\Debug\configPkg\package\cfg\app_pm4fg.om4fg (ti_sysbios_family_arm_m3_Hwi_getTaskSP__E)
H:\Assignment_Workspace\FestoTester_RTOS\src\sysbios\sysbios.am4fg(m3_IntrinsicsSupport_asm_gnu.o)
                              H:\Assignment_Workspace\FestoTester_RTOS\Debug\configPkg\package\cfg\app_pm4fg.om4fg (ti_sysbios_family_arm_m3_IntrinsicsSupport_maxbit__E)
H:\Assignment_Workspace\FestoTester_RTOS\src\sysbios\sysbios.am4fg(m3_TaskSupport_asm_gnu.o)
                              H:\Assignment_Workspace\FestoTester_RTOS\Debug\configPkg\package\cfg\app_pm4fg.om4fg (ti_sysbios_family_arm_m3_TaskSupport_swap__E)
H:\Assignment_Workspace\FestoTester_RTOS\src\sysbios\sysbios.am4fg(_BIOS.o)
                              H:\Assignment_Workspace\FestoTester_RTOS\Debug\configPkg\package\cfg\app_pm4fg.om4fg (ti_sysbios_BIOS_getThreadType__E)
H:\Assignment_Workspace\FestoTester_RTOS\src\sysbios\sysbios.am4fg(knl_Clock.o)
                              H:\Assignment_Workspace\FestoTester_RTOS\Debug\configPkg\package\cfg\app_pm4fg.om4fg (ti_sysbios_knl_Clock_Module_startup__E)
H:\Assignment_Workspace\FestoTester_RTOS\src\sysbios\sysbios.am4fg(knl_Idle.o)
                              H:\Assignment_Workspace\FestoTester_RTOS\Debug\configPkg\package\cfg\app_pm4fg.om4fg (ti_sysbios_knl_Idle_loop__E)
H:\Assignment_Workspace\FestoTester_RTOS\src\sysbios\sysbios.am4fg(knl_Queue.o)
                              H:\Assignment_Workspace\FestoTester_RTOS\Debug\configPkg\package\cfg\app_pm4fg.om4fg (ti_sysbios_knl_Queue_Instance_init__E)
H:\Assignment_Workspace\FestoTester_RTOS\src\sysbios\sysbios.am4fg(knl_Semaphore.o)
                              H:\Assignment_Workspace\FestoTester_RTOS\Debug\configPkg\package\cfg\app_pm4fg.om4fg (ti_sysbios_knl_Semaphore_Instance_init__E)
H:\Assignment_Workspace\FestoTester_RTOS\src\sysbios\sysbios.am4fg(knl_Swi.o)
                              H:\Assignment_Workspace\FestoTester_RTOS\Debug\configPkg\package\cfg\app_pm4fg.om4fg (ti_sysbios_knl_Swi_Module_startup__E)
H:\Assignment_Workspace\FestoTester_RTOS\src\sysbios\sysbios.am4fg(knl_Task.o)
                              H:\Assignment_Workspace\FestoTester_RTOS\Debug\configPkg\package\cfg\app_pm4fg.om4fg (ti_sysbios_knl_Task_startup__E)
H:\Assignment_Workspace\FestoTester_RTOS\src\sysbios\sysbios.am4fg(hal_Hwi.o)
                              H:\Assignment_Workspace\FestoTester_RTOS\Debug\configPkg\package\cfg\app_pm4fg.om4fg (ti_sysbios_hal_Hwi_Module_startup__E)
H:\Assignment_Workspace\FestoTester_RTOS\src\sysbios\sysbios.am4fg(hal_Hwi_stack.o)
                              H:\Assignment_Workspace\FestoTester_RTOS\Debug\configPkg\package\cfg\app_pm4fg.om4fg (ti_sysbios_hal_Hwi_initStack)
H:\Assignment_Workspace\FestoTester_RTOS\src\sysbios\sysbios.am4fg(hal_Hwi_startup.o)
                              H:\Assignment_Workspace\FestoTester_RTOS\Debug\configPkg\package\cfg\app_pm4fg.om4fg (ti_sysbios_hal_Hwi_startup__E)
H:\Assignment_Workspace\FestoTester_RTOS\src\sysbios\sysbios.am4fg(gnu_ReentSupport.o)
                              H:\Assignment_Workspace\FestoTester_RTOS\Debug\configPkg\package\cfg\app_pm4fg.om4fg (ti_sysbios_rts_gnu_ReentSupport_taskRegHook(int0_t))
H:\Assignment_Workspace\FestoTester_RTOS\src\sysbios\sysbios.am4fg(m3_Hwi.o)
                              H:\Assignment_Workspace\FestoTester_RTOS\Debug\configPkg\package\cfg\app_pm4fg.om4fg (ti_sysbios_family_arm_m3_Hwi_Module_startup__E)
H:\Assignment_Workspace\FestoTester_RTOS\src\sysbios\sysbios.am4fg(m3_TaskSupport.o)
                              H:\Assignment_Workspace\FestoTester_RTOS\Debug\configPkg\package\cfg\app_pm4fg.om4fg (ti_sysbios_family_arm_m3_TaskSupport_start__E)
H:\Assignment_Workspace\FestoTester_RTOS\src\sysbios\sysbios.am4fg(lm4_TimestampProvider.o)
                              H:\Assignment_Workspace\FestoTester_RTOS\Debug\configPkg\package\cfg\app_pm4fg.om4fg (ti_sysbios_family_arm_lm4_TimestampProvider_Module_startup__E)
H:\Assignment_Workspace\FestoTester_RTOS\src\sysbios\sysbios.am4fg(lm4_Timer.o)
                              H:\Assignment_Workspace\FestoTester_RTOS\Debug\configPkg\package\cfg\app_pm4fg.om4fg (ti_sysbios_family_arm_lm4_Timer_getNumTimers__E)
H:\Assignment_Workspace\FestoTester_RTOS\src\sysbios\sysbios.am4fg(gates_GateHwi.o)
                              H:\Assignment_Workspace\FestoTester_RTOS\Debug\configPkg\package\cfg\app_pm4fg.om4fg (ti_sysbios_gates_GateHwi_Instance_init__E)
[...]
Memory Configuration

Name             Origin             Length             Attributes
FLASH            0x00000000         0x00100000         xr
SRAM             0x20000000         0x00040000         xw
*default*        0x00000000         0xffffffff

Linker script and memory map

LOAD ./main.o
LOAD ./utils/ustdlib.o
LOAD ./drivers/frame.o
LOAD ./drivers/kentec320x240x16_ssd2119.o
LOAD ./drivers/mx66l51235f.o
LOAD ./drivers/pinout.o
LOAD ./drivers/touch.o
                0x00000000                PROVIDE (_intvecs_base_address, DEFINED (_intvecs_base_address)?_intvecs_base_address:0x0)

.intvecs        0x00000000       0x3c
 *(.intvecs)
 .intvecs       0x00000000       0x3c H:\Assignment_Workspace\FestoTester_RTOS\Debug\configPkg\package\cfg\app_pm4fg.om4fg
                0x00000000                ti_sysbios_family_arm_m3_Hwi_resetVectors
                0x20000000                PROVIDE (_vtable_base_address, DEFINED (_vtable_base_address)?_vtable_base_address:0x20000000)

.vtable         0x20000000      0x360
 *(.vtable)
 .vtable        0x20000000      0x360 H:\Assignment_Workspace\FestoTester_RTOS\Debug\configPkg\package\cfg\app_pm4fg.om4fg
                0x20000000                ti_sysbios_family_arm_m3_Hwi_ramVectors

.text           0x00000040     0xaa04
 CREATE_OBJECT_SYMBOLS
 *(.text)
 .text          0x00000040      0x13c H:\Assignment_Workspace\FestoTester_RTOS\src\sysbios\sysbios.am4fg(m3_Hwi_asm_gnu.o)
                0x00000040                ti_sysbios_family_arm_m3_Hwi_dispatch(int0_t)
                0x0000011c                ti_sysbios_family_arm_m3_Hwi_pendSV(int0_t)
                0x0000015c                ti_sysbios_family_arm_m3_Hwi_excHandlerAsm(int0_t)
 *fill*         0x0000017c        0x4 
 .text          0x00000180       0xa0 H:\Assignment_Workspace\FestoTester_RTOS\src\sysbios\sysbios.am4fg(m3_Hwi_asm_switch_gnu.o)
                0x0000019c                ti_sysbios_family_xxx_Hwi_switchAndRunFunc
                0x000001ba                ti_sysbios_family_arm_m3_Hwi_getTaskSP__E
                0x000001c0                ti_sysbios_family_arm_m3_Hwi_initStacks__E
 .text          0x00000220       0xd0 H:\Assignment_Workspace\FestoTester_RTOS\src\sysbios\sysbios.am4fg(m3_TaskSupport_asm_gnu.o)
                0x00000220                ti_sysbios_family_arm_m3_TaskSupport_buildTaskStack
                0x000002ac                ti_sysbios_family_arm_m3_TaskSupport_swap__E
                0x000002b8                ti_sysbios_knl_Task_swapReturn
                0x000002d4                ti_sysbios_family_arm_m3_TaskSupport_glue
 *(.text.*)
 .text.qut_set_gpio
                0x000002f0      0x15c ./main.o
                0x000002f0                qut_set_gpio
 .text.qut_get_gpio
                0x0000044c       0xcc ./main.o
                0x0000044c                qut_get_gpio
 .text.QUT_ADC0_Init
                0x00000518       0x54 ./main.o
                0x00000518                QUT_ADC0_Init
 .text.QUT_ADC0_Read
                0x0000056c       0x44 ./main.o
                0x0000056c                QUT_ADC0_Read
 .text.QUT_UART_Init
                0x000005b0       0x2c ./main.o
                0x000005b0                QUT_UART_Init
 .text.QUT_UART_Send
                0x000005dc       0x30 ./main.o
                0x000005dc                QUT_UART_Send
 .text.QUT_UART_Send_uint32_t
                0x0000060c       0xb4 ./main.o
                0x0000060c                QUT_UART_Send_uint32_t
 .text.OnIntroPaint
                0x000006c0      0x5ac ./main.o
                0x000006c0                OnIntroPaint
 .text.OnButtonPress_0
                0x00000c6c       0xa0 ./main.o
                0x00000c6c                OnButtonPress_0
 .text.OnButtonPress_1
                0x00000d0c       0xa0 ./main.o
                0x00000d0c                OnButtonPress_1
 .text.OnButtonPress_2
                0x00000dac       0xa0 ./main.o
                0x00000dac                OnButtonPress_2
 .text.OnButtonPress_3
                0x00000e4c       0xa0 ./main.o
                0x00000e4c                OnButtonPress_3
 .text.OnButtonPress_4
                0x00000eec       0xa0 ./main.o
                0x00000eec                OnButtonPress_4
 .text.OnButtonPress_5
                0x00000f8c       0xa0 ./main.o
                0x00000f8c                OnButtonPress_5
 .text.OnButtonPress_6
                0x0000102c       0xa0 ./main.o
                0x0000102c                OnButtonPress_6
 .text.OnButtonPress_7
                0x000010cc       0xa0 ./main.o
                0x000010cc                OnButtonPress_7
 .text.taskFxn  0x0000116c       0xc8 ./main.o
                0x0000116c                taskFxn
 .text.main     0x00001234      0x188 ./main.o
                0x00001234                main
 .text.FrameDraw
                0x000013bc      0x278 ./drivers/frame.o
                0x000013bc                FrameDraw
 .text.WriteData
                0x00001634       0x34 ./drivers/kentec320x240x16_ssd2119.o
 .text.WriteCommand
                0x00001668       0x24 ./drivers/kentec320x240x16_ssd2119.o
 .text.Kentec320x240x16_SSD2119PixelDraw
                0x0000168c       0x44 ./drivers/kentec320x240x16_ssd2119.o
 .text.Kentec320x240x16_SSD2119PixelDrawMultiple
                0x000016d0      0x1d0 ./drivers/kentec320x240x16_ssd2119.o
 .text.Kentec320x240x16_SSD2119LineDrawH
                0x000018a0       0x60 ./drivers/kentec320x240x16_ssd2119.o
 .text.Kentec320x240x16_SSD2119LineDrawV
                0x00001900       0x60 ./drivers/kentec320x240x16_ssd2119.o
 .text.Kentec320x240x16_SSD2119RectFill
                0x00001960       0xf4 ./drivers/kentec320x240x16_ssd2119.o
 .text.Kentec320x240x16_SSD2119ColorTranslate
                0x00001a54       0x34 ./drivers/kentec320x240x16_ssd2119.o
 .text.Kentec320x240x16_SSD2119Flush
                0x00001a88       0x14 ./drivers/kentec320x240x16_ssd2119.o
 .text.Kentec320x240x16_SSD2119Init
                0x00001a9c      0x320 ./drivers/kentec320x240x16_ssd2119.o
                0x00001a9c                Kentec320x240x16_SSD2119Init
 .text.PinoutSet
                0x00001dbc      0x384 ./drivers/pinout.o
                0x00001dbc                PinoutSet
 .text.TouchScreenDebouncer
                0x00002140      0x284 ./drivers/touch.o
 .text.TouchScreenIntHandler
                0x000023c4      0x1b8 ./drivers/touch.o
                0x000023c4                TouchScreenIntHandler
 .text.TouchScreenInit
                0x0000257c       0xd0 ./drivers/touch.o
                0x0000257c                TouchScreenInit
 .text.TouchScreenCallbackSet
                0x0000264c       0x1c ./drivers/touch.o
                0x0000264c                TouchScreenCallbackSet
 .text.xdc_runtime_Startup_exec__I
                0x00002668       0x14 H:\Assignment_Workspace\FestoTester_RTOS\Debug\configPkg\package\cfg\app_pm4fg.om4fg
                0x00002668                xdc_runtime_Startup_exec(int0_t)
 .text.xdc_runtime_System_printfExtend__I
                0x0000267c       0xd4 H:\Assignment_Workspace\FestoTester_RTOS\Debug\configPkg\package\cfg\app_pm4fg.om4fg
                0x0000267c                xdc_runtime_System_printfExtend(int0_t)
 .text.xdc_runtime_SysMin_output__I
                0x00002750       0x24 H:\Assignment_Workspace\FestoTester_RTOS\Debug\configPkg\package\cfg\app_pm4fg.om4fg
                0x00002750                xdc_runtime_SysMin_output(int0_t)
 .text.xdc_runtime_Text_visitRope__I
                0x00002774       0x10 H:\Assignment_Workspace\FestoTester_RTOS\Debug\configPkg\package\cfg\app_pm4fg.om4fg
                0x00002774                xdc_runtime_Text_visitRope(int0_t)
 .text.ti_catalog_arm_cortexm4_tiva_ce_Boot_init__I
                0x00002784       0x10 H:\Assignment_Workspace\FestoTester_RTOS\Debug\configPkg\package\cfg\app_pm4fg.om4fg
                0x00002784                ti_catalog_arm_cortexm4_tiva_ce_Boot_init(int0_t)
 .text.ti_sysbios_BIOS_startFunc__I
                0x00002794       0x20 H:\Assignment_Workspace\FestoTester_RTOS\Debug\configPkg\package\cfg\app_pm4fg.om4fg
                0x00002794                ti_sysbios_BIOS_startFunc(int0_t)
 .text.ti_sysbios_BIOS_atExitFunc__I
                0x000027b4       0x14 H:\Assignment_Workspace\FestoTester_RTOS\Debug\configPkg\package\cfg\app_pm4fg.om4fg
                0x000027b4                ti_sysbios_BIOS_atExitFunc(int0_t)
 .text.ti_sysbios_BIOS_exitFunc__I
                0x000027c8       0x14 H:\Assignment_Workspace\FestoTester_RTOS\Debug\configPkg\package\cfg\app_pm4fg.om4fg
                0x000027c8                ti_sysbios_BIOS_exitFunc(int0_t)
 .text.ti_sysbios_BIOS_errorRaiseHook__I
                0x000027dc       0x2c H:\Assignment_Workspace\FestoTester_RTOS\Debug\configPkg\package\cfg\app_pm4fg.om4fg
                0x000027dc                ti_sysbios_BIOS_errorRaiseHook(int0_t)
 .text.ti_sysbios_gates_GateHwi_Handle__label__S
                0x00002808       0x1c H:\Assignment_Workspace\FestoTester_RTOS\Debug\configPkg\package\cfg\app_pm4fg.om4fg
                0x00002808                ti_sysbios_gates_GateHwi_Handle__label(void) static
 .text.ti_sysbios_gates_GateMutex_Handle__label__S
                0x00002824       0x1c H:\Assignment_Workspace\FestoTester_RTOS\Debug\configPkg\package\cfg\app_pm4fg.om4fg
                0x00002824                ti_sysbios_gates_GateMutex_Handle__label(void) static
 .text.ti_sysbios_heaps_HeapMem_Handle__label__S
                0x00002840       0x1c H:\Assignment_Workspace\FestoTester_RTOS\Debug\configPkg\package\cfg\app_pm4fg.om4fg
                0x00002840                ti_sysbios_heaps_HeapMem_Handle__label(void) static
 .text.xdc_runtime_LoggerBuf_Handle__label__S
                0x0000285c       0x1c H:\Assignment_Workspace\FestoTester_RTOS\Debug\configPkg\package\cfg\app_pm4fg.om4fg
                0x0000285c                xdc_runtime_LoggerBuf_Handle__label(void) static
 .text.ti_sysbios_gates_GateHwi_Object__delete__S
                0x00002878       0x24 H:\Assignment_Workspace\FestoTester_RTOS\Debug\configPkg\package\cfg\app_pm4fg.om4fg
                0x00002878                ti_sysbios_gates_GateHwi_Object__delete(void) static
 .text.ti_sysbios_gates_GateMutex_Object__delete__S
                0x0000289c       0x28 H:\Assignment_Workspace\FestoTester_RTOS\Debug\configPkg\package\cfg\app_pm4fg.om4fg
                0x0000289c                ti_sysbios_gates_GateMutex_Object__delete(void) static
 .text.ti_sysbios_heaps_HeapMem_Object__delete__S
                0x000028c4       0x24 H:\Assignment_Workspace\FestoTester_RTOS\Debug\configPkg\package\cfg\app_pm4fg.om4fg
                0x000028c4                ti_sysbios_heaps_HeapMem_Object__delete(void) static
 .text.xdc_runtime_LoggerBuf_Object__delete__S
                0x000028e8       0x24 H:\Assignment_Workspace\FestoTester_RTOS\Debug\configPkg\package\cfg\app_pm4fg.om4fg
                0x000028e8                xdc_runtime_LoggerBuf_Object__delete(void) static
 .text.ti_sysbios_gates_GateHwi_Object__create__S
                0x0000290c       0x2c H:\Assignment_Workspace\FestoTester_RTOS\Debug\configPkg\package\cfg\app_pm4fg.om4fg
                0x0000290c                ti_sysbios_gates_GateHwi_Object__create(void) static
 .text.ti_sysbios_gates_GateMutex_Object__create__S
                0x00002938       0x2c H:\Assignment_Workspace\FestoTester_RTOS\Debug\configPkg\package\cfg\app_pm4fg.om4fg
                0x00002938                ti_sysbios_gates_GateMutex_Object__create(void) static
 .text.ti_sysbios_heaps_HeapMem_Object__create__S
                0x00002964       0x2c H:\Assignment_Workspace\FestoTester_RTOS\Debug\configPkg\package\cfg\app_pm4fg.om4fg
                0x00002964                ti_sysbios_heaps_HeapMem_Object__create(void) static
 .text.xdc_runtime_LoggerBuf_Object__create__S
                0x00002990       0x54 H:\Assignment_Workspace\FestoTester_RTOS\Debug\configPkg\package\cfg\app_pm4fg.om4fg
                0x00002990                xdc_runtime_LoggerBuf_Object__create(void) static
 .text.ti_sysbios_knl_Clock_doTick__I
                0x000029e4       0x30 H:\Assignment_Workspace\FestoTester_RTOS\Debug\configPkg\package\cfg\app_pm4fg.om4fg
                0x000029e4                ti_sysbios_knl_Clock_doTick(int0_t)
 .text.xdc_runtime_Startup_reset__I
                0x00002a14        0x4 H:\Assignment_Workspace\FestoTester_RTOS\Debug\configPkg\package\cfg\app_pm4fg.om4fg
                0x00002a14                xdc_runtime_Startup_reset(int0_t)
 .text.malloc   0x00002a18       0x30 H:\Assignment_Workspace\FestoTester_RTOS\Debug\configPkg\package\cfg\app_pm4fg.om4fg
                0x00002a18                malloc
 .text.free     0x00002a48       0x18 H:\Assignment_Workspace\FestoTester_RTOS\Debug\configPkg\package\cfg\app_pm4fg.om4fg
                0x00002a48                free
 .text._free_r  0x00002a60        0x8 H:\Assignment_Workspace\FestoTester_RTOS\Debug\configPkg\package\cfg\app_pm4fg.om4fg
                0x00002a60                _free_r
 .text.__getreent
                0x00002a68       0x1c H:\Assignment_Workspace\FestoTester_RTOS\Debug\configPkg\package\cfg\app_pm4fg.om4fg
                0x00002a68                __getreent
 .text.__libc_lock_release_recursive
                0x00002a84       0x14 H:\Assignment_Workspace\FestoTester_RTOS\Debug\configPkg\package\cfg\app_pm4fg.om4fg
                0x00002a84                __libc_lock_release_recursive
 .text.xdc_runtime_System_printf__E
                0x00002a98       0x1c H:\Assignment_Workspace\FestoTester_RTOS\Debug\configPkg\package\cfg\app_pm4fg.om4fg
                0x00002a98                xdc_runtime_System_printf__E
 .text.xdc_runtime_System_aprintf__E
                0x00002ab4       0x1c H:\Assignment_Workspace\FestoTester_RTOS\Debug\configPkg\package\cfg\app_pm4fg.om4fg
                0x00002ab4                xdc_runtime_System_aprintf__E
 .text.ti_sysbios_hal_Hwi_HwiProxy_Module__startupDone__S
                0x00002ad0       0x14 H:\Assignment_Workspace\FestoTester_RTOS\Debug\configPkg\package\cfg\app_pm4fg.om4fg
                0x00002ad0                ti_sysbios_hal_Hwi_HwiProxy_Module__startupDone(void) static
 .text.ti_sysbios_hal_Hwi_HwiProxy_getStackInfo__E
                0x00002ae4        0x4 H:\Assignment_Workspace\FestoTester_RTOS\Debug\configPkg\package\cfg\app_pm4fg.om4fg
                0x00002ae4                ti_sysbios_hal_Hwi_HwiProxy_getStackInfo__E
 .text.ti_sysbios_hal_Hwi_HwiProxy_startup__E
                0x00002ae8        0x4 H:\Assignment_Workspace\FestoTester_RTOS\Debug\configPkg\package\cfg\app_pm4fg.om4fg
                0x00002ae8                ti_sysbios_hal_Hwi_HwiProxy_startup__E
 .text.ti_sysbios_hal_Hwi_HwiProxy_switchFromBootStack__E
                0x00002aec        0x4 H:\Assignment_Workspace\FestoTester_RTOS\Debug\configPkg\package\cfg\app_pm4fg.om4fg
                0x00002aec                ti_sysbios_hal_Hwi_HwiProxy_switchFromBootStack__E
 .text.ti_sysbios_heaps_HeapMem_Module_GateProxy_query__E
                0x00002af0        0x4 H:\Assignment_Workspace\FestoTester_RTOS\Debug\configPkg\package\cfg\app_pm4fg.om4fg
                0x00002af0                ti_sysbios_heaps_HeapMem_Module_GateProxy_query__E
 .text.ti_sysbios_heaps_HeapMem_Module_GateProxy_enter__E
                0x00002af4        0x4 H:\Assignment_Workspace\FestoTester_RTOS\Debug\configPkg\package\cfg\app_pm4fg.om4fg
                0x00002af4                ti_sysbios_heaps_HeapMem_Module_GateProxy_enter__E
 .text.ti_sysbios_heaps_HeapMem_Module_GateProxy_leave__E
                0x00002af8        0x4 H:\Assignment_Workspace\FestoTester_RTOS\Debug\configPkg\package\cfg\app_pm4fg.om4fg
                0x00002af8                ti_sysbios_heaps_HeapMem_Module_GateProxy_leave__E
 .text.ti_sysbios_knl_Clock_TimerProxy_Module__startupDone__S
                0x00002afc       0x14 H:\Assignment_Workspace\FestoTester_RTOS\Debug\configPkg\package\cfg\app_pm4fg.om4fg
                0x00002afc                ti_sysbios_knl_Clock_TimerProxy_Module__startupDone(void) static
 .text.ti_sysbios_knl_Clock_TimerProxy_getMaxTicks__E
                0x00002b10        0x4 H:\Assignment_Workspace\FestoTester_RTOS\Debug\configPkg\package\cfg\app_pm4fg.om4fg
                0x00002b10                ti_sysbios_knl_Clock_TimerProxy_getMaxTicks__E
 .text.ti_sysbios_knl_Clock_TimerProxy_getPeriod__E
                0x00002b14        0x4 H:\Assignment_Workspace\FestoTester_RTOS\Debug\configPkg\package\cfg\app_pm4fg.om4fg
                0x00002b14                ti_sysbios_knl_Clock_TimerProxy_getPeriod__E
 .text.ti_sysbios_knl_Task_SupportProxy_Module__startupDone__S
                0x00002b18        0x4 H:\Assignment_Workspace\FestoTester_RTOS\Debug\configPkg\package\cfg\app_pm4fg.om4fg
                0x00002b18                ti_sysbios_knl_Task_SupportProxy_Module__startupDone(void) static
 .text.ti_sysbios_knl_Task_SupportProxy_start__E
                0x00002b1c        0x4 H:\Assignment_Workspace\FestoTester_RTOS\Debug\configPkg\package\cfg\app_pm4fg.om4fg
                0x00002b1c                ti_sysbios_knl_Task_SupportProxy_start__E
 .text.ti_sysbios_knl_Task_SupportProxy_swap__E
                0x00002b20        0x4 H:\Assignment_Workspace\FestoTester_RTOS\Debug\configPkg\package\cfg\app_pm4fg.om4fg
                0x00002b20                ti_sysbios_knl_Task_SupportProxy_swap__E
 .text.ti_sysbios_knl_Task_SupportProxy_checkStack__E
                0x00002b24        0x4 H:\Assignment_Workspace\FestoTester_RTOS\Debug\configPkg\package\cfg\app_pm4fg.om4fg
                0x00002b24                ti_sysbios_knl_Task_SupportProxy_checkStack__E
 .text.ti_sysbios_knl_Task_SupportProxy_getStackAlignment__E
                0x00002b28        0x4 H:\Assignment_Workspace\FestoTester_RTOS\Debug\configPkg\package\cfg\app_pm4fg.om4fg
                0x00002b28                ti_sysbios_knl_Task_SupportProxy_getStackAlignment__E
 .text.xdc_runtime_LoggerBuf_Module_GateProxy_enter__E
                0x00002b2c        0x4 H:\Assignment_Workspace\FestoTester_RTOS\Debug\configPkg\package\cfg\app_pm4fg.om4fg
                0x00002b2c                xdc_runtime_LoggerBuf_Module_GateProxy_enter__E
 .text.xdc_runtime_LoggerBuf_Module_GateProxy_leave__E
                0x00002b30        0x4 H:\Assignment_Workspace\FestoTester_RTOS\Debug\configPkg\package\cfg\app_pm4fg.om4fg
                0x00002b30                xdc_runtime_LoggerBuf_Module_GateProxy_leave__E
 .text.xdc_runtime_LoggerBuf_TimestampProxy_get64__E
                0x00002b34        0x4 H:\Assignment_Workspace\FestoTester_RTOS\Debug\configPkg\package\cfg\app_pm4fg.om4fg
                0x00002b34                xdc_runtime_LoggerBuf_TimestampProxy_get64__E
 .text.xdc_runtime_Memory_HeapProxy_alloc__E
                0x00002b38        0xc H:\Assignment_Workspace\FestoTester_RTOS\Debug\configPkg\package\cfg\app_pm4fg.om4fg
                0x00002b38                xdc_runtime_Memory_HeapProxy_alloc__E
 .text.xdc_runtime_Memory_HeapProxy_free__E
                0x00002b44        0xc H:\Assignment_Workspace\FestoTester_RTOS\Debug\configPkg\package\cfg\app_pm4fg.om4fg
                0x00002b44                xdc_runtime_Memory_HeapProxy_free__E
 .text.xdc_runtime_System_Module_GateProxy_enter__E
                0x00002b50        0x4 H:\Assignment_Workspace\FestoTester_RTOS\Debug\configPkg\package\cfg\app_pm4fg.om4fg
                0x00002b50                xdc_runtime_System_Module_GateProxy_enter__E
 .text.xdc_runtime_System_Module_GateProxy_leave__E
                0x00002b54        0x4 H:\Assignment_Workspace\FestoTester_RTOS\Debug\configPkg\package\cfg\app_pm4fg.om4fg
                0x00002b54                xdc_runtime_System_Module_GateProxy_leave__E
 .text.xdc_runtime_System_SupportProxy_abort__E
                0x00002b58        0x4 H:\Assignment_Workspace\FestoTester_RTOS\Debug\configPkg\package\cfg\app_pm4fg.om4fg
                0x00002b58                xdc_runtime_System_SupportProxy_abort__E
 .text.xdc_runtime_System_SupportProxy_exit__E
                0x00002b5c        0x4 H:\Assignment_Workspace\FestoTester_RTOS\Debug\configPkg\package\cfg\app_pm4fg.om4fg
                0x00002b5c                xdc_runtime_System_SupportProxy_exit__E
 .text.xdc_runtime_System_SupportProxy_putch__E
                0x00002b60        0x4 H:\Assignment_Workspace\FestoTester_RTOS\Debug\configPkg\package\cfg\app_pm4fg.om4fg
                0x00002b60                xdc_runtime_System_SupportProxy_putch__E
 .text.xdc_runtime_System_SupportProxy_ready__E
                0x00002b64        0x4 H:\Assignment_Workspace\FestoTester_RTOS\Debug\configPkg\package\cfg\app_pm4fg.om4fg
                0x00002b64                xdc_runtime_System_SupportProxy_ready__E
 .text.ti_sysbios_family_arm_m3_Hwi_Handle__label__S
                0x00002b68       0x1c H:\Assignment_Workspace\FestoTester_RTOS\Debug\configPkg\package\cfg\app_pm4fg.om4fg
                0x00002b68                ti_sysbios_family_arm_m3_Hwi_Handle__label(void) static
 .text.ti_sysbios_family_arm_m3_Hwi_Object__get__S
                0x00002b84       0x1c H:\Assignment_Workspace\FestoTester_RTOS\Debug\configPkg\package\cfg\app_pm4fg.om4fg
                0x00002b84                ti_sysbios_family_arm_m3_Hwi_Object__get(void) static
 .text.ti_sysbios_heaps_HeapMem_Object__get__S
                0x00002ba0       0x1c H:\Assignment_Workspace\FestoTester_RTOS\Debug\configPkg\package\cfg\app_pm4fg.om4fg
                0x00002ba0                ti_sysbios_heaps_HeapMem_Object__get(void) static
 .text.ti_sysbios_knl_Queue_Object__get__S
                0x00002bbc        0x8 H:\Assignment_Workspace\FestoTester_RTOS\Debug\configPkg\package\cfg\app_pm4fg.om4fg
                0x00002bbc                ti_sysbios_knl_Queue_Object__get(void) static
 .text.ti_sysbios_knl_Queue_construct
                0x00002bc4       0x2c H:\Assignment_Workspace\FestoTester_RTOS\Debug\configPkg\package\cfg\app_pm4fg.om4fg
                0x00002bc4                ti_sysbios_knl_Queue_construct
 .text.ti_sysbios_knl_Queue_destruct
                0x00002bf0       0x20 H:\Assignment_Workspace\FestoTester_RTOS\Debug\configPkg\package\cfg\app_pm4fg.om4fg
                0x00002bf0                ti_sysbios_knl_Queue_destruct
 .text.ti_sysbios_knl_Semaphore_construct
                0x00002c10       0x30 H:\Assignment_Workspace\FestoTester_RTOS\Debug\configPkg\package\cfg\app_pm4fg.om4fg
                0x00002c10                ti_sysbios_knl_Semaphore_construct
 .text.__libc_lock_init_recursive
                0x00002c40       0x34 H:\Assignment_Workspace\FestoTester_RTOS\Debug\configPkg\package\cfg\app_pm4fg.om4fg
                0x00002c40                __libc_lock_init_recursive
 .text.__libc_lock_acquire_recursive
                0x00002c74       0x78 H:\Assignment_Workspace\FestoTester_RTOS\Debug\configPkg\package\cfg\app_pm4fg.om4fg
                0x00002c74                __libc_lock_acquire_recursive
 .text.ti_sysbios_knl_Semaphore_destruct
                0x00002cec       0x24 H:\Assignment_Workspace\FestoTester_RTOS\Debug\configPkg\package\cfg\app_pm4fg.om4fg
                0x00002cec                ti_sysbios_knl_Semaphore_destruct
 .text.ti_sysbios_knl_Swi_Handle__label__S
                0x00002d10       0x1c H:\Assignment_Workspace\FestoTester_RTOS\Debug\configPkg\package\cfg\app_pm4fg.om4fg
                0x00002d10                ti_sysbios_knl_Swi_Handle__label(void) static
 .text.ti_sysbios_knl_Swi_Object__get__S
                0x00002d2c       0x1c H:\Assignment_Workspace\FestoTester_RTOS\Debug\configPkg\package\cfg\app_pm4fg.om4fg
                0x00002d2c                ti_sysbios_knl_Swi_Object__get(void) static
 .text.ti_sysbios_knl_Task_Handle__label__S
                0x00002d48       0x1c H:\Assignment_Workspace\FestoTester_RTOS\Debug\configPkg\package\cfg\app_pm4fg.om4fg
                0x00002d48                ti_sysbios_knl_Task_Handle__label(void) static
 .text.ti_sysbios_knl_Task_Object__get__S
                0x00002d64       0x18 H:\Assignment_Workspace\FestoTester_RTOS\Debug\configPkg\package\cfg\app_pm4fg.om4fg
                0x00002d64                ti_sysbios_knl_Task_Object__get(void) static
 .text.ti_sysbios_knl_Task_create
                0x00002d7c       0x54 H:\Assignment_Workspace\FestoTester_RTOS\Debug\configPkg\package\cfg\app_pm4fg.om4fg
                0x00002d7c                ti_sysbios_knl_Task_create
 .text.xdc_runtime_LoggerBuf_Object__get__S
                0x00002dd0       0x1c H:\Assignment_Workspace\FestoTester_RTOS\Debug\configPkg\package\cfg\app_pm4fg.om4fg
                0x00002dd0                xdc_runtime_LoggerBuf_Object__get(void) static
 .text.ti_sysbios_BIOS_getThreadType__E
                0x00002dec        0xc H:\Assignment_Workspace\FestoTester_RTOS\src\sysbios\sysbios.am4fg(_BIOS.o)
                0x00002dec                ti_sysbios_BIOS_getThreadType__E
 .text.ti_sysbios_BIOS_setThreadType__E
                0x00002df8       0x10 H:\Assignment_Workspace\FestoTester_RTOS\src\sysbios\sysbios.am4fg(_BIOS.o)
                0x00002df8                ti_sysbios_BIOS_setThreadType__E
 .text.ti_sysbios_BIOS_start__E
                0x00002e08       0x10 H:\Assignment_Workspace\FestoTester_RTOS\src\sysbios\sysbios.am4fg(_BIOS.o)
                0x00002e08                ti_sysbios_BIOS_start__E
 .text.ti_sysbios_BIOS_exit__E
                0x00002e18       0x10 H:\Assignment_Workspace\FestoTester_RTOS\src\sysbios\sysbios.am4fg(_BIOS.o)
                0x00002e18                ti_sysbios_BIOS_exit__E
 .text.ti_sysbios_knl_Clock_Module_startup__E
                0x00002e28       0x24 H:\Assignment_Workspace\FestoTester_RTOS\src\sysbios\sysbios.am4fg(knl_Clock.o)
                0x00002e28                ti_sysbios_knl_Clock_Module_startup__E
 .text.ti_sysbios_knl_Clock_getCompletedTicks__E
                0x00002e4c        0xc H:\Assignment_Workspace\FestoTester_RTOS\src\sysbios\sysbios.am4fg(knl_Clock.o)
                0x00002e4c                ti_sysbios_knl_Clock_getCompletedTicks__E
 .text.ti_sysbios_knl_Clock_getTickPeriod__E
                0x00002e58        0xc H:\Assignment_Workspace\FestoTester_RTOS\src\sysbios\sysbios.am4fg(knl_Clock.o)
                0x00002e58                ti_sysbios_knl_Clock_getTickPeriod__E
 .text.ti_sysbios_knl_Clock_workFunc__E
                0x00002e64      0x158 H:\Assignment_Workspace\FestoTester_RTOS\src\sysbios\sysbios.am4fg(knl_Clock.o)
                0x00002e64                ti_sysbios_knl_Clock_workFunc__E
 .text.ti_sysbios_knl_Clock_addI__E
                0x00002fbc       0x28 H:\Assignment_Workspace\FestoTester_RTOS\src\sysbios\sysbios.am4fg(knl_Clock.o)
                0x00002fbc                ti_sysbios_knl_Clock_addI__E
 .text.ti_sysbios_knl_Clock_removeI__E
                0x00002fe4        0x4 H:\Assignment_Workspace\FestoTester_RTOS\src\sysbios\sysbios.am4fg(knl_Clock.o)
                0x00002fe4                ti_sysbios_knl_Clock_removeI__E
 .text.ti_sysbios_knl_Clock_startI__E
                0x00002fe8       0x14 H:\Assignment_Workspace\FestoTester_RTOS\src\sysbios\sysbios.am4fg(knl_Clock.o)
                0x00002fe8                ti_sysbios_knl_Clock_startI__E
 .text.ti_sysbios_knl_Clock_stop__E
                0x00002ffc        0x8 H:\Assignment_Workspace\FestoTester_RTOS\src\sysbios\sysbios.am4fg(knl_Clock.o)
                0x00002ffc                ti_sysbios_knl_Clock_stop__E
 .text.ti_sysbios_knl_Clock_logTick__E
                0x00003004       0x60 H:\Assignment_Workspace\FestoTester_RTOS\src\sysbios\sysbios.am4fg(knl_Clock.o)
                0x00003004                ti_sysbios_knl_Clock_logTick__E
 .text.ti_sysbios_knl_Idle_loop__E
                0x00003064       0x20 H:\Assignment_Workspace\FestoTester_RTOS\src\sysbios\sysbios.am4fg(knl_Idle.o)
                0x00003064                ti_sysbios_knl_Idle_loop__E
 .text.ti_sysbios_knl_Idle_run__E
                0x00003084       0x24 H:\Assignment_Workspace\FestoTester_RTOS\src\sysbios\sysbios.am4fg(knl_Idle.o)
                0x00003084                ti_sysbios_knl_Idle_run__E
 .text.ti_sysbios_knl_Queue_Instance_init__E
                0x000030a8        0x8 H:\Assignment_Workspace\FestoTester_RTOS\src\sysbios\sysbios.am4fg(knl_Queue.o)
                0x000030a8                ti_sysbios_knl_Queue_Instance_init__E
 .text.ti_sysbios_knl_Queue_dequeue__E
                0x000030b0        0xc H:\Assignment_Workspace\FestoTester_RTOS\src\sysbios\sysbios.am4fg(knl_Queue.o)
                0x000030b0                ti_sysbios_knl_Queue_dequeue__E
 .text.ti_sysbios_knl_Queue_empty__E
                0x000030bc        0xc H:\Assignment_Workspace\FestoTester_RTOS\src\sysbios\sysbios.am4fg(knl_Queue.o)
                0x000030bc                ti_sysbios_knl_Queue_empty__E
 .text.ti_sysbios_knl_Queue_enqueue__E
                0x000030c8        0xc H:\Assignment_Workspace\FestoTester_RTOS\src\sysbios\sysbios.am4fg(knl_Queue.o)
                0x000030c8                ti_sysbios_knl_Queue_enqueue__E
 .text.ti_sysbios_knl_Queue_head__E
                0x000030d4        0x4 H:\Assignment_Workspace\FestoTester_RTOS\src\sysbios\sysbios.am4fg(knl_Queue.o)
                0x000030d4                ti_sysbios_knl_Queue_head__E
 .text.ti_sysbios_knl_Queue_elemClear__E
                0x000030d8        0x8 H:\Assignment_Workspace\FestoTester_RTOS\src\sysbios\sysbios.am4fg(knl_Queue.o)
                0x000030d8                ti_sysbios_knl_Queue_elemClear__E
 .text.ti_sysbios_knl_Queue_insert__E
                0x000030e0        0xc H:\Assignment_Workspace\FestoTester_RTOS\src\sysbios\sysbios.am4fg(knl_Queue.o)
                0x000030e0                ti_sysbios_knl_Queue_insert__E
 .text.ti_sysbios_knl_Queue_next__E
                0x000030ec        0x4 H:\Assignment_Workspace\FestoTester_RTOS\src\sysbios\sysbios.am4fg(knl_Queue.o)
                0x000030ec                ti_sysbios_knl_Queue_next__E
 .text.ti_sysbios_knl_Queue_put__E
                0x000030f0       0x1c H:\Assignment_Workspace\FestoTester_RTOS\src\sysbios\sysbios.am4fg(knl_Queue.o)
                0x000030f0                ti_sysbios_knl_Queue_put__E
 .text.ti_sysbios_knl_Queue_remove__E
                0x0000310c       0x10 H:\Assignment_Workspace\FestoTester_RTOS\src\sysbios\sysbios.am4fg(knl_Queue.o)
                0x0000310c                ti_sysbios_knl_Queue_remove__E
 .text.ti_sysbios_knl_Semaphore_pendTimeout__I
                0x0000311c       0x30 H:\Assignment_Workspace\FestoTester_RTOS\src\sysbios\sysbios.am4fg(knl_Semaphore.o)
                0x0000311c                ti_sysbios_knl_Semaphore_pendTimeout(int0_t)
 .text.ti_sysbios_knl_Semaphore_Instance_init__E
                0x0000314c       0x9c H:\Assignment_Workspace\FestoTester_RTOS\src\sysbios\sysbios.am4fg(knl_Semaphore.o)
                0x0000314c                ti_sysbios_knl_Semaphore_Instance_init__E
 .text.ti_sysbios_knl_Semaphore_Instance_finalize__E
                0x000031e8       0x10 H:\Assignment_Workspace\FestoTester_RTOS\src\sysbios\sysbios.am4fg(knl_Semaphore.o)
                0x000031e8                ti_sysbios_knl_Semaphore_Instance_finalize__E
 .text.ti_sysbios_knl_Semaphore_pend__E
                0x000031f8      0x31c H:\Assignment_Workspace\FestoTester_RTOS\src\sysbios\sysbios.am4fg(knl_Semaphore.o)
                0x000031f8                ti_sysbios_knl_Semaphore_pend__E
 .text.ti_sysbios_knl_Semaphore_post__E
                0x00003514      0x13c H:\Assignment_Workspace\FestoTester_RTOS\src\sysbios\sysbios.am4fg(knl_Semaphore.o)
                0x00003514                ti_sysbios_knl_Semaphore_post__E
 .text.ti_sysbios_knl_Swi_runLoop__I
                0x00003650      0x170 H:\Assignment_Workspace\FestoTester_RTOS\src\sysbios\sysbios.am4fg(knl_Swi.o)
                0x00003650                ti_sysbios_knl_Swi_runLoop(int0_t)
 .text.ti_sysbios_knl_Swi_Module_startup__E
                0x000037c0       0x24 H:\Assignment_Workspace\FestoTester_RTOS\src\sysbios\sysbios.am4fg(knl_Swi.o)
                0x000037c0                ti_sysbios_knl_Swi_Module_startup__E
 .text.ti_sysbios_knl_Swi_startup__E
                0x000037e4       0x88 H:\Assignment_Workspace\FestoTester_RTOS\src\sysbios\sysbios.am4fg(knl_Swi.o)
                0x000037e4                ti_sysbios_knl_Swi_startup__E
 .text.ti_sysbios_knl_Swi_enabled__E
                0x0000386c       0x14 H:\Assignment_Workspace\FestoTester_RTOS\src\sysbios\sysbios.am4fg(knl_Swi.o)
                0x0000386c                ti_sysbios_knl_Swi_enabled__E
 .text.ti_sysbios_knl_Swi_disable__E
                0x00003880       0x14 H:\Assignment_Workspace\FestoTester_RTOS\src\sysbios\sysbios.am4fg(knl_Swi.o)
                0x00003880                ti_sysbios_knl_Swi_disable__E
 .text.ti_sysbios_knl_Swi_restoreHwi__E
                0x00003894      0x188 H:\Assignment_Workspace\FestoTester_RTOS\src\sysbios\sysbios.am4fg(knl_Swi.o)
                0x00003894                ti_sysbios_knl_Swi_restoreHwi__E
 .text.ti_sysbios_knl_Swi_self__E
                0x00003a1c        0xc H:\Assignment_Workspace\FestoTester_RTOS\src\sysbios\sysbios.am4fg(knl_Swi.o)
                0x00003a1c                ti_sysbios_knl_Swi_self__E
 .text.ti_sysbios_knl_Swi_post__E
                0x00003a28       0xf4 H:\Assignment_Workspace\FestoTester_RTOS\src\sysbios\sysbios.am4fg(knl_Swi.o)
                0x00003a28                ti_sysbios_knl_Swi_post__E
 .text.ti_sysbios_knl_Task_schedule__I
                0x00003b1c      0x234 H:\Assignment_Workspace\FestoTester_RTOS\src\sysbios\sysbios.am4fg(knl_Task.o)
                0x00003b1c                ti_sysbios_knl_Task_schedule(int0_t)
 .text.ti_sysbios_knl_Task_enter__I
                0x00003d50       0x24 H:\Assignment_Workspace\FestoTester_RTOS\src\sysbios\sysbios.am4fg(knl_Task.o)
                0x00003d50                ti_sysbios_knl_Task_enter(int0_t)
 .text.ti_sysbios_knl_Task_startCore__E
                0x00003d74      0x148 H:\Assignment_Workspace\FestoTester_RTOS\src\sysbios\sysbios.am4fg(knl_Task.o)
                0x00003d74                ti_sysbios_knl_Task_startCore__E
 .text.ti_sysbios_knl_Task_startup__E
                0x00003ebc        0x8 H:\Assignment_Workspace\FestoTester_RTOS\src\sysbios\sysbios.am4fg(knl_Task.o)
                0x00003ebc                ti_sysbios_knl_Task_startup__E
 .text.ti_sysbios_knl_Task_enabled__E
                0x00003ec4       0x20 H:\Assignment_Workspace\FestoTester_RTOS\src\sysbios\sysbios.am4fg(knl_Task.o)
                0x00003ec4                ti_sysbios_knl_Task_enabled__E
 .text.ti_sysbios_knl_Task_disable__E
                0x00003ee4       0x14 H:\Assignment_Workspace\FestoTester_RTOS\src\sysbios\sysbios.am4fg(knl_Task.o)
                0x00003ee4                ti_sysbios_knl_Task_disable__E
 .text.ti_sysbios_knl_Task_restore__E
                0x00003ef8       0x3c H:\Assignment_Workspace\FestoTester_RTOS\src\sysbios\sysbios.am4fg(knl_Task.o)
                0x00003ef8                ti_sysbios_knl_Task_restore__E
 .text.ti_sysbios_knl_Task_restoreHwi__E
                0x00003f34       0x24 H:\Assignment_Workspace\FestoTester_RTOS\src\sysbios\sysbios.am4fg(knl_Task.o)
                0x00003f34                ti_sysbios_knl_Task_restoreHwi__E
 .text.ti_sysbios_knl_Task_self__E
                0x00003f58        0xc H:\Assignment_Workspace\FestoTester_RTOS\src\sysbios\sysbios.am4fg(knl_Task.o)
                0x00003f58                ti_sysbios_knl_Task_self__E
 .text.ti_sysbios_knl_Task_Instance_finalize__E
                0x00003f64      0x300 H:\Assignment_Workspace\FestoTester_RTOS\src\sysbios\sysbios.am4fg(knl_Task.o)
                0x00003f64                ti_sysbios_knl_Task_Instance_finalize__E
 .text.ti_sysbios_knl_Task_getHookContext__E
                0x00004264        0x8 H:\Assignment_Workspace\FestoTester_RTOS\src\sysbios\sysbios.am4fg(knl_Task.o)
                0x00004264                ti_sysbios_knl_Task_getHookContext__E
 .text.ti_sysbios_knl_Task_setHookContext__E
                0x0000426c        0x8 H:\Assignment_Workspace\FestoTester_RTOS\src\sysbios\sysbios.am4fg(knl_Task.o)
                0x0000426c                ti_sysbios_knl_Task_setHookContext__E
 .text.ti_sysbios_knl_Task_getPri__E
                0x00004274        0x4 H:\Assignment_Workspace\FestoTester_RTOS\src\sysbios\sysbios.am4fg(knl_Task.o)
                0x00004274                ti_sysbios_knl_Task_getPri__E
 .text.ti_sysbios_knl_Task_blockI__E
                0x00004278       0xb0 H:\Assignment_Workspace\FestoTester_RTOS\src\sysbios\sysbios.am4fg(knl_Task.o)
                0x00004278                ti_sysbios_knl_Task_blockI__E
 .text.ti_sysbios_knl_Task_exit__E
                0x00004328      0x12c H:\Assignment_Workspace\FestoTester_RTOS\src\sysbios\sysbios.am4fg(knl_Task.o)
                0x00004328                ti_sysbios_knl_Task_exit__E
 .text.ti_sysbios_knl_Task_unblockI__E
                0x00004454       0xc0 H:\Assignment_Workspace\FestoTester_RTOS\src\sysbios\sysbios.am4fg(knl_Task.o)
                0x00004454                ti_sysbios_knl_Task_unblockI__E
 .text.ti_sysbios_knl_Task_postInit__I.part.4
                0x00004514       0xec H:\Assignment_Workspace\FestoTester_RTOS\src\sysbios\sysbios.am4fg(knl_Task.o)
 .text.ti_sysbios_knl_Task_Module_startup__E
                0x00004600       0xb8 H:\Assignment_Workspace\FestoTester_RTOS\src\sysbios\sysbios.am4fg(knl_Task.o)
                0x00004600                ti_sysbios_knl_Task_Module_startup__E
 .text.ti_sysbios_knl_Task_Instance_init__E
                0x000046b8      0x24c H:\Assignment_Workspace\FestoTester_RTOS\src\sysbios\sysbios.am4fg(knl_Task.o)
                0x000046b8                ti_sysbios_knl_Task_Instance_init__E
 .text.ti_sysbios_hal_Hwi_Module_startup__E
                0x00004904       0x10 H:\Assignment_Workspace\FestoTester_RTOS\src\sysbios\sysbios.am4fg(hal_Hwi.o)
                0x00004904                ti_sysbios_hal_Hwi_Module_startup__E
 .text.ti_sysbios_hal_Hwi_getStackInfo__E
                0x00004914        0x4 H:\Assignment_Workspace\FestoTester_RTOS\src\sysbios\sysbios.am4fg(hal_Hwi.o)
                0x00004914                ti_sysbios_hal_Hwi_getStackInfo__E
 .text.ti_sysbios_hal_Hwi_switchFromBootStack__E
                0x00004918        0x4 H:\Assignment_Workspace\FestoTester_RTOS\src\sysbios\sysbios.am4fg(hal_Hwi.o)
                0x00004918                ti_sysbios_hal_Hwi_switchFromBootStack__E
 .text.ti_sysbios_hal_Hwi_initStack
                0x0000491c       0x24 H:\Assignment_Workspace\FestoTester_RTOS\src\sysbios\sysbios.am4fg(hal_Hwi_stack.o)
                0x0000491c                ti_sysbios_hal_Hwi_initStack
 .text.ti_sysbios_hal_Hwi_checkStack
                0x00004940       0x38 H:\Assignment_Workspace\FestoTester_RTOS\src\sysbios\sysbios.am4fg(hal_Hwi_stack.o)
                0x00004940                ti_sysbios_hal_Hwi_checkStack
 .text.ti_sysbios_hal_Hwi_startup__E
                0x00004978        0x4 H:\Assignment_Workspace\FestoTester_RTOS\src\sysbios\sysbios.am4fg(hal_Hwi_startup.o)
                0x00004978                ti_sysbios_hal_Hwi_startup__E
 .text.ti_sysbios_rts_gnu_ReentSupport_taskRegHook__I
                0x0000497c        0xc H:\Assignment_Workspace\FestoTester_RTOS\src\sysbios\sysbios.am4fg(gnu_ReentSupport.o)
                0x0000497c                ti_sysbios_rts_gnu_ReentSupport_taskRegHook(int0_t)
 .text.ti_sysbios_rts_gnu_ReentSupport_taskDeleteHook__I
                0x00004988       0x30 H:\Assignment_Workspace\FestoTester_RTOS\src\sysbios\sysbios.am4fg(gnu_ReentSupport.o)
                0x00004988                ti_sysbios_rts_gnu_ReentSupport_taskDeleteHook(int0_t)
 .text.ti_sysbios_rts_gnu_ReentSupport_getReent__I
                0x000049b8      0x208 H:\Assignment_Workspace\FestoTester_RTOS\src\sysbios\sysbios.am4fg(gnu_ReentSupport.o)
                0x000049b8                ti_sysbios_rts_gnu_ReentSupport_getReent(int0_t)
 .text.ti_sysbios_family_arm_m3_Hwi_Module_startup__E
                0x00004bc0      0x114 H:\Assignment_Workspace\FestoTester_RTOS\src\sysbios\sysbios.am4fg(m3_Hwi.o)
                0x00004bc0                ti_sysbios_family_arm_m3_Hwi_Module_startup__E
 .text.ti_sysbios_family_arm_m3_Hwi_initNVIC__E
                0x00004cd4       0x94 H:\Assignment_Workspace\FestoTester_RTOS\src\sysbios\sysbios.am4fg(m3_Hwi.o)
                0x00004cd4                ti_sysbios_family_arm_m3_Hwi_initNVIC__E
 .text.ti_sysbios_family_arm_m3_Hwi_startup__E
                0x00004d68       0x10 H:\Assignment_Workspace\FestoTester_RTOS\src\sysbios\sysbios.am4fg(m3_Hwi.o)
                0x00004d68                ti_sysbios_family_arm_m3_Hwi_startup__E
 .text.ti_sysbios_family_arm_m3_Hwi_disableInterrupt__E
                0x00004d78       0x58 H:\Assignment_Workspace\FestoTester_RTOS\src\sysbios\sysbios.am4fg(m3_Hwi.o)
                0x00004d78                ti_sysbios_family_arm_m3_Hwi_disableInterrupt__E
 .text.ti_sysbios_family_arm_m3_Hwi_enableInterrupt__E
                0x00004dd0       0x54 H:\Assignment_Workspace\FestoTester_RTOS\src\sysbios\sysbios.am4fg(m3_Hwi.o)
                0x00004dd0                ti_sysbios_family_arm_m3_Hwi_enableInterrupt__E
 .text.ti_sysbios_family_arm_m3_Hwi_clearInterrupt__E
                0x00004e24       0x20 H:\Assignment_Workspace\FestoTester_RTOS\src\sysbios\sysbios.am4fg(m3_Hwi.o)
                0x00004e24                ti_sysbios_family_arm_m3_Hwi_clearInterrupt__E
 .text.ti_sysbios_family_arm_m3_Hwi_switchFromBootStack__E
                0x00004e44       0x1c H:\Assignment_Workspace\FestoTester_RTOS\src\sysbios\sysbios.am4fg(m3_Hwi.o)
                0x00004e44                ti_sysbios_family_arm_m3_Hwi_switchFromBootStack__E
 .text.ti_sysbios_family_arm_m3_Hwi_getStackInfo__E
                0x00004e60       0x40 H:\Assignment_Workspace\FestoTester_RTOS\src\sysbios\sysbios.am4fg(m3_Hwi.o)
                0x00004e60                ti_sysbios_family_arm_m3_Hwi_getStackInfo__E
 .text.ti_sysbios_family_arm_m3_Hwi_excHandler__I
                0x00004ea0       0x20 H:\Assignment_Workspace\FestoTester_RTOS\src\sysbios\sysbios.am4fg(m3_Hwi.o)
                0x00004ea0                ti_sysbios_family_arm_m3_Hwi_excHandler(int0_t)
 .text.ti_sysbios_family_arm_m3_Hwi_excFillContext__I
                0x00004ec0      0x1cc H:\Assignment_Workspace\FestoTester_RTOS\src\sysbios\sysbios.am4fg(m3_Hwi.o)
                0x00004ec0                ti_sysbios_family_arm_m3_Hwi_excFillContext(int0_t)
 .text.ti_sysbios_family_arm_m3_Hwi_excHardFault__I
                0x0000508c      0x2c0 H:\Assignment_Workspace\FestoTester_RTOS\src\sysbios\sysbios.am4fg(m3_Hwi.o)
                0x0000508c                ti_sysbios_family_arm_m3_Hwi_excHardFault(int0_t)
 .text.ti_sysbios_family_arm_m3_Hwi_excDumpRegs__I
                0x0000534c      0x1e8 H:\Assignment_Workspace\FestoTester_RTOS\src\sysbios\sysbios.am4fg(m3_Hwi.o)
                0x0000534c                ti_sysbios_family_arm_m3_Hwi_excDumpRegs(int0_t)
 .text.ti_sysbios_family_arm_m3_Hwi_excHandlerMax__I
                0x00005534      0x3a4 H:\Assignment_Workspace\FestoTester_RTOS\src\sysbios\sysbios.am4fg(m3_Hwi.o)
                0x00005534                ti_sysbios_family_arm_m3_Hwi_excHandlerMax(int0_t)
 .text.ti_sysbios_family_arm_m3_Hwi_dispatchC__I
                0x000058d8      0x114 H:\Assignment_Workspace\FestoTester_RTOS\src\sysbios\sysbios.am4fg(m3_Hwi.o)
                0x000058d8                ti_sysbios_family_arm_m3_Hwi_dispatchC(int0_t)
 .text.ti_sysbios_family_arm_m3_Hwi_doSwiRestore__I
                0x000059ec        0x8 H:\Assignment_Workspace\FestoTester_RTOS\src\sysbios\sysbios.am4fg(m3_Hwi.o)
                0x000059ec                ti_sysbios_family_arm_m3_Hwi_doSwiRestore(int0_t)
 .text.ti_sysbios_family_arm_m3_Hwi_doTaskRestore__I
                0x000059f4        0x8 H:\Assignment_Workspace\FestoTester_RTOS\src\sysbios\sysbios.am4fg(m3_Hwi.o)
                0x000059f4                ti_sysbios_family_arm_m3_Hwi_doTaskRestore(int0_t)
 .text.ti_sysbios_family_arm_m3_TaskSupport_start__E
                0x000059fc       0x44 H:\Assignment_Workspace\FestoTester_RTOS\src\sysbios\sysbios.am4fg(m3_TaskSupport.o)
                0x000059fc                ti_sysbios_family_arm_m3_TaskSupport_start__E
 .text.ti_sysbios_family_arm_m3_TaskSupport_checkStack__E
                0x00005a40        0xc H:\Assignment_Workspace\FestoTester_RTOS\src\sysbios\sysbios.am4fg(m3_TaskSupport.o)
                0x00005a40                ti_sysbios_family_arm_m3_TaskSupport_checkStack__E
 .text.ti_sysbios_family_arm_m3_TaskSupport_getStackAlignment__E
                0x00005a4c        0xc H:\Assignment_Workspace\FestoTester_RTOS\src\sysbios\sysbios.am4fg(m3_TaskSupport.o)
                0x00005a4c                ti_sysbios_family_arm_m3_TaskSupport_getStackAlignment__E
 .text.ti_sysbios_family_arm_lm4_TimestampProvider_Module_startup__E
                0x00005a58        0x8 H:\Assignment_Workspace\FestoTester_RTOS\src\sysbios\sysbios.am4fg(lm4_TimestampProvider.o)
                0x00005a58                ti_sysbios_family_arm_lm4_TimestampProvider_Module_startup__E
 .text.ti_sysbios_family_arm_lm4_TimestampProvider_startTimer__E
                0x00005a60        0xc H:\Assignment_Workspace\FestoTester_RTOS\src\sysbios\sysbios.am4fg(lm4_TimestampProvider.o)
                0x00005a60                ti_sysbios_family_arm_lm4_TimestampProvider_startTimer__E
 .text.ti_sysbios_family_arm_lm4_TimestampProvider_rolloverFunc__E
                0x00005a6c       0x10 H:\Assignment_Workspace\FestoTester_RTOS\src\sysbios\sysbios.am4fg(lm4_TimestampProvider.o)
                0x00005a6c                ti_sysbios_family_arm_lm4_TimestampProvider_rolloverFunc__E
 .text.ti_sysbios_family_arm_lm4_TimestampProvider_get64__E
                0x00005a7c       0x64 H:\Assignment_Workspace\FestoTester_RTOS\src\sysbios\sysbios.am4fg(lm4_TimestampProvider.o)
                0x00005a7c                ti_sysbios_family_arm_lm4_TimestampProvider_get64__E
 .text.ti_sysbios_family_arm_lm4_Timer_getMaxTicks__E
                0x00005ae0        0xc H:\Assignment_Workspace\FestoTester_RTOS\src\sysbios\sysbios.am4fg(lm4_Timer.o)
                0x00005ae0                ti_sysbios_family_arm_lm4_Timer_getMaxTicks__E
 .text.ti_sysbios_family_arm_lm4_Timer_getPeriod__E
                0x00005aec        0x4 H:\Assignment_Workspace\FestoTester_RTOS\src\sysbios\sysbios.am4fg(lm4_Timer.o)
                0x00005aec                ti_sysbios_family_arm_lm4_Timer_getPeriod__E
 .text.ti_sysbios_family_arm_lm4_Timer_getExpiredCounts64__E
                0x00005af0       0x94 H:\Assignment_Workspace\FestoTester_RTOS\src\sysbios\sysbios.am4fg(lm4_Timer.o)
                0x00005af0                ti_sysbios_family_arm_lm4_Timer_getExpiredCounts64__E
 .text.ti_sysbios_family_arm_lm4_Timer_getExpiredCounts__E
                0x00005b84       0x70 H:\Assignment_Workspace\FestoTester_RTOS\src\sysbios\sysbios.am4fg(lm4_Timer.o)
                0x00005b84                ti_sysbios_family_arm_lm4_Timer_getExpiredCounts__E
 .text.ti_sysbios_family_arm_lm4_Timer_masterDisable__I
                0x00005bf4        0x8 H:\Assignment_Workspace\FestoTester_RTOS\src\sysbios\sysbios.am4fg(lm4_Timer.o)
                0x00005bf4                ti_sysbios_family_arm_lm4_Timer_masterDisable(int0_t)
 .text.ti_sysbios_family_arm_lm4_Timer_masterEnable__I
                0x00005bfc        0x4 H:\Assignment_Workspace\FestoTester_RTOS\src\sysbios\sysbios.am4fg(lm4_Timer.o)
                0x00005bfc                ti_sysbios_family_arm_lm4_Timer_masterEnable(int0_t)
 .text.ti_sysbios_family_arm_lm4_Timer_isrStub__E
                0x00005c00       0x64 H:\Assignment_Workspace\FestoTester_RTOS\src\sysbios\sysbios.am4fg(lm4_Timer.o)
                0x00005c00                ti_sysbios_family_arm_lm4_Timer_isrStub__E
 .text.ti_sysbios_family_arm_lm4_Timer_enableTimers__I
                0x00005c64       0x9c H:\Assignment_Workspace\FestoTester_RTOS\src\sysbios\sysbios.am4fg(lm4_Timer.o)
                0x00005c64                ti_sysbios_family_arm_lm4_Timer_enableTimers(int0_t)
 .text.ti_sysbios_family_arm_lm4_Timer_Module_startup__E
                0x00005d00       0xb0 H:\Assignment_Workspace\FestoTester_RTOS\src\sysbios\sysbios.am4fg(lm4_Timer.o)
                0x00005d00                ti_sysbios_family_arm_lm4_Timer_Module_startup__E
 .text.ti_sysbios_family_arm_lm4_Timer_start__E
                0x00005db0      0x230 H:\Assignment_Workspace\FestoTester_RTOS\src\sysbios\sysbios.am4fg(lm4_Timer.o)
                0x00005db0                ti_sysbios_family_arm_lm4_Timer_start__E
 .text.ti_sysbios_family_arm_lm4_Timer_startup__E
                0x00005fe0       0x48 H:\Assignment_Workspace\FestoTester_RTOS\src\sysbios\sysbios.am4fg(lm4_Timer.o)
                0x00005fe0                ti_sysbios_family_arm_lm4_Timer_startup__E
 .text.ti_sysbios_family_arm_lm4_Timer_enableTiva__I
                0x00006028       0x90 H:\Assignment_Workspace\FestoTester_RTOS\src\sysbios\sysbios.am4fg(lm4_Timer.o)
                0x00006028                ti_sysbios_family_arm_lm4_Timer_enableTiva(int0_t)
 .text.ti_sysbios_gates_GateHwi_Instance_init__E
                0x000060b8        0x4 H:\Assignment_Workspace\FestoTester_RTOS\src\sysbios\sysbios.am4fg(gates_GateHwi.o)
                0x000060b8                ti_sysbios_gates_GateHwi_Instance_init__E
 .text.ti_sysbios_gates_GateHwi_enter__E
                0x000060bc        0xc H:\Assignment_Workspace\FestoTester_RTOS\src\sysbios\sysbios.am4fg(gates_GateHwi.o)
                0x000060bc                ti_sysbios_gates_GateHwi_enter__E
 .text.ti_sysbios_gates_GateHwi_leave__E
                0x000060c8        0x8 H:\Assignment_Workspace\FestoTester_RTOS\src\sysbios\sysbios.am4fg(gates_GateHwi.o)
                0x000060c8                ti_sysbios_gates_GateHwi_leave__E
 .text.ti_sysbios_gates_GateHwi_query__E
                0x000060d0        0x4 H:\Assignment_Workspace\FestoTester_RTOS\src\sysbios\sysbios.am4fg(gates_GateHwi.o)
                0x000060d0                ti_sysbios_gates_GateHwi_query__E
 .text.ti_sysbios_gates_GateMutex_Instance_init__E
                0x000060d4       0x1c H:\Assignment_Workspace\FestoTester_RTOS\src\sysbios\sysbios.am4fg(gates_GateMutex.o)
                0x000060d4                ti_sysbios_gates_GateMutex_Instance_init__E
 .text.ti_sysbios_gates_GateMutex_Instance_finalize__E
                0x000060f0       0x10 H:\Assignment_Workspace\FestoTester_RTOS\src\sysbios\sysbios.am4fg(gates_GateMutex.o)
                0x000060f0                ti_sysbios_gates_GateMutex_Instance_finalize__E
 .text.ti_sysbios_gates_GateMutex_enter__E
                0x00006100       0xc0 H:\Assignment_Workspace\FestoTester_RTOS\src\sysbios\sysbios.am4fg(gates_GateMutex.o)
                0x00006100                ti_sysbios_gates_GateMutex_enter__E
 .text.ti_sysbios_gates_GateMutex_leave__E
                0x000061c0       0x14 H:\Assignment_Workspace\FestoTester_RTOS\src\sysbios\sysbios.am4fg(gates_GateMutex.o)
                0x000061c0                ti_sysbios_gates_GateMutex_leave__E
 .text.ti_sysbios_gates_GateMutex_query__E
                0x000061d4        0x4 H:\Assignment_Workspace\FestoTester_RTOS\src\sysbios\sysbios.am4fg(gates_GateMutex.o)
                0x000061d4                ti_sysbios_gates_GateMutex_query__E
 .text.ti_sysbios_heaps_HeapMem_init__I
                0x000061d8       0x38 H:\Assignment_Workspace\FestoTester_RTOS\src\sysbios\sysbios.am4fg(heaps_HeapMem.o)
                0x000061d8                ti_sysbios_heaps_HeapMem_init(int0_t)
 .text.ti_sysbios_heaps_HeapMem_Instance_init__E
                0x00006210      0x144 H:\Assignment_Workspace\FestoTester_RTOS\src\sysbios\sysbios.am4fg(heaps_HeapMem.o)
                0x00006210                ti_sysbios_heaps_HeapMem_Instance_init__E
 .text.ti_sysbios_heaps_HeapMem_alloc__E
                0x00006354      0x390 H:\Assignment_Workspace\FestoTester_RTOS\src\sysbios\sysbios.am4fg(heaps_HeapMem.o)
                0x00006354                ti_sysbios_heaps_HeapMem_alloc__E
 .text.ti_sysbios_heaps_HeapMem_free__E
                0x000066e4      0x3a8 H:\Assignment_Workspace\FestoTester_RTOS\src\sysbios\sysbios.am4fg(heaps_HeapMem.o)
                0x000066e4                ti_sysbios_heaps_HeapMem_free__E
 .text.ti_sysbios_heaps_HeapMem_isBlocking__E
                0x00006a8c        0x8 H:\Assignment_Workspace\FestoTester_RTOS\src\sysbios\sysbios.am4fg(heaps_HeapMem.o)
                0x00006a8c                ti_sysbios_heaps_HeapMem_isBlocking__E
 .text.ti_sysbios_heaps_HeapMem_getStats__E
                0x00006a94       0x48 H:\Assignment_Workspace\FestoTester_RTOS\src\sysbios\sysbios.am4fg(heaps_HeapMem.o)
                0x00006a94                ti_sysbios_heaps_HeapMem_getStats__E
 .text.ti_catalog_arm_cortexm4_tiva_ce_Boot_sysCtlClockFreqSet__E
                0x00006adc       0xa0 C:\ti\tirtos_tivac_2_12_01_33\products\bios_6_41_04_54\packages\ti\catalog\arm\cortexm4\tiva\ce\lib\Boot.am4fg(Boot.om4fg)
                0x00006adc                ti_catalog_arm_cortexm4_tiva_ce_Boot_sysCtlClockFreqSet__E
 .text.ti_catalog_arm_cortexm4_tiva_ce_Boot_sysCtlClockFreqSetI__I
                0x00006b7c      0x2fc C:\ti\tirtos_tivac_2_12_01_33\products\bios_6_41_04_54\packages\ti\catalog\arm\cortexm4\tiva\ce\lib\Boot.am4fg(Boot_sysctl.om4fg)
                0x00006b7c                ti_catalog_arm_cortexm4_tiva_ce_Boot_sysCtlClockFreqSetI(int0_t)
 .text.xdc_runtime_Assert_raise__I
                0x00006e78       0x54 C:\ti\tirtos_tivac_2_12_01_33\products\bios_6_41_04_54\packages\gnu\targets\arm\rtsv7M\lib\gnu.targets.arm.rtsv7M.am4fg(Assert.om4fg)
                0x00006e78                xdc_runtime_Assert_raise(int0_t)
 .text.xdc_runtime_Core_createObject__I
                0x00006ecc       0xf0 C:\ti\tirtos_tivac_2_12_01_33\products\bios_6_41_04_54\packages\gnu\targets\arm\rtsv7M\lib\gnu.targets.arm.rtsv7M.am4fg(Core-mem.om4fg)
                0x00006ecc                xdc_runtime_Core_createObject(int0_t)
 .text.xdc_runtime_Core_deleteObject__I
                0x00006fbc       0x60 C:\ti\tirtos_tivac_2_12_01_33\products\bios_6_41_04_54\packages\gnu\targets\arm\rtsv7M\lib\gnu.targets.arm.rtsv7M.am4fg(Core-mem.om4fg)
                0x00006fbc                xdc_runtime_Core_deleteObject(int0_t)
 .text.xdc_runtime_Core_constructObject__I
                0x0000701c       0xbc C:\ti\tirtos_tivac_2_12_01_33\products\bios_6_41_04_54\packages\gnu\targets\arm\rtsv7M\lib\gnu.targets.arm.rtsv7M.am4fg(Core-smem.om4fg)
                0x0000701c                xdc_runtime_Core_constructObject(int0_t)
 .text.xdc_runtime_Core_assignLabel__I
                0x000070d8       0x3c C:\ti\tirtos_tivac_2_12_01_33\products\bios_6_41_04_54\packages\gnu\targets\arm\rtsv7M\lib\gnu.targets.arm.rtsv7M.am4fg(Core-label.om4fg)
                0x000070d8                xdc_runtime_Core_assignLabel(int0_t)
 .text.xdc_runtime_Core_assignParams__I
                0x00007114       0x40 C:\ti\tirtos_tivac_2_12_01_33\products\bios_6_41_04_54\packages\gnu\targets\arm\rtsv7M\lib\gnu.targets.arm.rtsv7M.am4fg(Core-params.om4fg)
                0x00007114                xdc_runtime_Core_assignParams(int0_t)
 .text.xdc_runtime_Error_init__E
                0x00007154        0xc C:\ti\tirtos_tivac_2_12_01_33\products\bios_6_41_04_54\packages\gnu\targets\arm\rtsv7M\lib\gnu.targets.arm.rtsv7M.am4fg(Error.om4fg)
                0x00007154                xdc_runtime_Error_init__E
 .text.xdc_runtime_Error_check__E
                0x00007160       0x20 C:\ti\tirtos_tivac_2_12_01_33\products\bios_6_41_04_54\packages\gnu\targets\arm\rtsv7M\lib\gnu.targets.arm.rtsv7M.am4fg(Error.om4fg)
                0x00007160                xdc_runtime_Error_check__E
 .text.xdc_runtime_Error_print__E
                0x00007180       0x54 C:\ti\tirtos_tivac_2_12_01_33\products\bios_6_41_04_54\packages\gnu\targets\arm\rtsv7M\lib\gnu.targets.arm.rtsv7M.am4fg(Error.om4fg)
                0x00007180                xdc_runtime_Error_print__E
 .text.xdc_runtime_Error_raiseX__E
                0x000071d4       0x20 C:\ti\tirtos_tivac_2_12_01_33\products\bios_6_41_04_54\packages\gnu\targets\arm\rtsv7M\lib\gnu.targets.arm.rtsv7M.am4fg(Error.om4fg)
                0x000071d4                xdc_runtime_Error_raiseX__E
 .text.xdc_runtime_Error_setX__E
                0x000071f4       0x48 C:\ti\tirtos_tivac_2_12_01_33\products\bios_6_41_04_54\packages\gnu\targets\arm\rtsv7M\lib\gnu.targets.arm.rtsv7M.am4fg(Error.om4fg)
                0x000071f4                xdc_runtime_Error_setX__E
 .text.xdc_runtime_Error_policyDefault__E
                0x0000723c      0x100 C:\ti\tirtos_tivac_2_12_01_33\products\bios_6_41_04_54\packages\gnu\targets\arm\rtsv7M\lib\gnu.targets.arm.rtsv7M.am4fg(Error.om4fg)
                0x0000723c                xdc_runtime_Error_policyDefault__E
 .text.xdc_runtime_Gate_enterSystem__E
                0x0000733c        0xc C:\ti\tirtos_tivac_2_12_01_33\products\bios_6_41_04_54\packages\gnu\targets\arm\rtsv7M\lib\gnu.targets.arm.rtsv7M.am4fg(Gate.om4fg)
                0x0000733c                xdc_runtime_Gate_enterSystem__E
 .text.xdc_runtime_Gate_leaveSystem__E
                0x00007348       0x10 C:\ti\tirtos_tivac_2_12_01_33\products\bios_6_41_04_54\packages\gnu\targets\arm\rtsv7M\lib\gnu.targets.arm.rtsv7M.am4fg(Gate.om4fg)
                0x00007348                xdc_runtime_Gate_leaveSystem__E
 .text.xdc_runtime_LoggerBuf_Instance_finalize__E
                0x00007358       0x14 C:\ti\tirtos_tivac_2_12_01_33\products\bios_6_41_04_54\packages\gnu\targets\arm\rtsv7M\lib\gnu.targets.arm.rtsv7M.am4fg(LoggerBuf.om4fg)
                0x00007358                xdc_runtime_LoggerBuf_Instance_finalize__E
 .text.xdc_runtime_LoggerBuf_enable__E
                0x0000736c        0xc C:\ti\tirtos_tivac_2_12_01_33\products\bios_6_41_04_54\packages\gnu\targets\arm\rtsv7M\lib\gnu.targets.arm.rtsv7M.am4fg(LoggerBuf.om4fg)
                0x0000736c                xdc_runtime_LoggerBuf_enable__E
 .text.xdc_runtime_LoggerBuf_disable__E
                0x00007378        0xc C:\ti\tirtos_tivac_2_12_01_33\products\bios_6_41_04_54\packages\gnu\targets\arm\rtsv7M\lib\gnu.targets.arm.rtsv7M.am4fg(LoggerBuf.om4fg)
                0x00007378                xdc_runtime_LoggerBuf_disable__E
 .text.xdc_runtime_LoggerBuf_reset__E
                0x00007384       0x20 C:\ti\tirtos_tivac_2_12_01_33\products\bios_6_41_04_54\packages\gnu\targets\arm\rtsv7M\lib\gnu.targets.arm.rtsv7M.am4fg(LoggerBuf.om4fg)
                0x00007384                xdc_runtime_LoggerBuf_reset__E
 .text.xdc_runtime_LoggerBuf_Module_startup__E
                0x000073a4       0x28 C:\ti\tirtos_tivac_2_12_01_33\products\bios_6_41_04_54\packages\gnu\targets\arm\rtsv7M\lib\gnu.targets.arm.rtsv7M.am4fg(LoggerBuf.om4fg)
                0x000073a4                xdc_runtime_LoggerBuf_Module_startup__E
 .text.xdc_runtime_LoggerBuf_Instance_init__E
                0x000073cc       0x3c C:\ti\tirtos_tivac_2_12_01_33\products\bios_6_41_04_54\packages\gnu\targets\arm\rtsv7M\lib\gnu.targets.arm.rtsv7M.am4fg(LoggerBuf.om4fg)
                0x000073cc                xdc_runtime_LoggerBuf_Instance_init__E
 .text.xdc_runtime_LoggerBuf_setFilterLevel__E
                0x00007408       0x88 C:\ti\tirtos_tivac_2_12_01_33\products\bios_6_41_04_54\packages\gnu\targets\arm\rtsv7M\lib\gnu.targets.arm.rtsv7M.am4fg(LoggerBuf.om4fg)
                0x00007408                xdc_runtime_LoggerBuf_setFilterLevel__E
 .text.xdc_runtime_LoggerBuf_getFilterLevel__E
                0x00007490       0x78 C:\ti\tirtos_tivac_2_12_01_33\products\bios_6_41_04_54\packages\gnu\targets\arm\rtsv7M\lib\gnu.targets.arm.rtsv7M.am4fg(LoggerBuf.om4fg)
                0x00007490                xdc_runtime_LoggerBuf_getFilterLevel__E
 .text.xdc_runtime_LoggerBuf_filterOutEvent__I
                0x00007508       0x44 C:\ti\tirtos_tivac_2_12_01_33\products\bios_6_41_04_54\packages\gnu\targets\arm\rtsv7M\lib\gnu.targets.arm.rtsv7M.am4fg(LoggerBuf.om4fg)
                0x00007508                xdc_runtime_LoggerBuf_filterOutEvent(int0_t)
 .text.xdc_runtime_LoggerBuf_write4__E
                0x0000754c       0xd4 C:\ti\tirtos_tivac_2_12_01_33\products\bios_6_41_04_54\packages\gnu\targets\arm\rtsv7M\lib\gnu.targets.arm.rtsv7M.am4fg(LoggerBuf.om4fg)
                0x0000754c                xdc_runtime_LoggerBuf_write4__E
 .text.xdc_runtime_LoggerBuf_write0__E
                0x00007620       0x18 C:\ti\tirtos_tivac_2_12_01_33\products\bios_6_41_04_54\packages\gnu\targets\arm\rtsv7M\lib\gnu.targets.arm.rtsv7M.am4fg(LoggerBuf.om4fg)
                0x00007620                xdc_runtime_LoggerBuf_write0__E
 .text.xdc_runtime_LoggerBuf_write1__E
                0x00007638       0x14 C:\ti\tirtos_tivac_2_12_01_33\products\bios_6_41_04_54\packages\gnu\targets\arm\rtsv7M\lib\gnu.targets.arm.rtsv7M.am4fg(LoggerBuf.om4fg)
                0x00007638                xdc_runtime_LoggerBuf_write1__E
 .text.xdc_runtime_LoggerBuf_write2__E
                0x0000764c       0x18 C:\ti\tirtos_tivac_2_12_01_33\products\bios_6_41_04_54\packages\gnu\targets\arm\rtsv7M\lib\gnu.targets.arm.rtsv7M.am4fg(LoggerBuf.om4fg)
                0x0000764c                xdc_runtime_LoggerBuf_write2__E
 .text.xdc_runtime_LoggerBuf_write8__E
                0x00007664      0x19c C:\ti\tirtos_tivac_2_12_01_33\products\bios_6_41_04_54\packages\gnu\targets\arm\rtsv7M\lib\gnu.targets.arm.rtsv7M.am4fg(LoggerBuf.om4fg)
                0x00007664                xdc_runtime_LoggerBuf_write8__E
 .text.xdc_runtime_Memory_alloc__E
                0x00007800       0x80 C:\ti\tirtos_tivac_2_12_01_33\products\bios_6_41_04_54\packages\gnu\targets\arm\rtsv7M\lib\gnu.targets.arm.rtsv7M.am4fg(Memory.om4fg)
                0x00007800                xdc_runtime_Memory_alloc__E
 .text.xdc_runtime_Memory_free__E
                0x00007880       0x14 C:\ti\tirtos_tivac_2_12_01_33\products\bios_6_41_04_54\packages\gnu\targets\arm\rtsv7M\lib\gnu.targets.arm.rtsv7M.am4fg(Memory.om4fg)
                0x00007880                xdc_runtime_Memory_free__E
 .text.xdc_runtime_Memory_valloc__E
                0x00007894       0x1c C:\ti\tirtos_tivac_2_12_01_33\products\bios_6_41_04_54\packages\gnu\targets\arm\rtsv7M\lib\gnu.targets.arm.rtsv7M.am4fg(Memory.om4fg)
                0x00007894                xdc_runtime_Memory_valloc__E
 .text.xdc_runtime_Memory_calloc__E
                0x000078b0       0x14 C:\ti\tirtos_tivac_2_12_01_33\products\bios_6_41_04_54\packages\gnu\targets\arm\rtsv7M\lib\gnu.targets.arm.rtsv7M.am4fg(Memory.om4fg)
                0x000078b0                xdc_runtime_Memory_calloc__E
 .text.xdc_runtime_Startup_exec__E
                0x000078c4       0x5c C:\ti\tirtos_tivac_2_12_01_33\products\bios_6_41_04_54\packages\gnu\targets\arm\rtsv7M\lib\gnu.targets.arm.rtsv7M.am4fg(Startup.om4fg)
                0x000078c4                xdc_runtime_Startup_exec__E
 .text.xdc_runtime_Startup_startMods__I
                0x00007920       0xe8 C:\ti\tirtos_tivac_2_12_01_33\products\bios_6_41_04_54\packages\gnu\targets\arm\rtsv7M\lib\gnu.targets.arm.rtsv7M.am4fg(Startup.om4fg)
                0x00007920                xdc_runtime_Startup_startMods(int0_t)
 .text.xdc_runtime_System_Module_startup__E
                0x00007a08        0x8 C:\ti\tirtos_tivac_2_12_01_33\products\bios_6_41_04_54\packages\gnu\targets\arm\rtsv7M\lib\gnu.targets.arm.rtsv7M.am4fg(System.om4fg)
                0x00007a08                xdc_runtime_System_Module_startup__E
 .text.xdc_runtime_System_abort__E
                0x00007a10       0x1c C:\ti\tirtos_tivac_2_12_01_33\products\bios_6_41_04_54\packages\gnu\targets\arm\rtsv7M\lib\gnu.targets.arm.rtsv7M.am4fg(System.om4fg)
                0x00007a10                xdc_runtime_System_abort__E
 .text.xdc_runtime_System_atexit__E
                0x00007a2c       0x3c C:\ti\tirtos_tivac_2_12_01_33\products\bios_6_41_04_54\packages\gnu\targets\arm\rtsv7M\lib\gnu.targets.arm.rtsv7M.am4fg(System.om4fg)
                0x00007a2c                xdc_runtime_System_atexit__E
 .text.xdc_runtime_System_abortStd__E
                0x00007a68        0x8 C:\ti\tirtos_tivac_2_12_01_33\products\bios_6_41_04_54\packages\gnu\targets\arm\rtsv7M\lib\gnu.targets.arm.rtsv7M.am4fg(System.om4fg)
                0x00007a68                xdc_runtime_System_abortStd__E
 .text.xdc_runtime_System_exitStd__E
                0x00007a70        0x8 C:\ti\tirtos_tivac_2_12_01_33\products\bios_6_41_04_54\packages\gnu\targets\arm\rtsv7M\lib\gnu.targets.arm.rtsv7M.am4fg(System.om4fg)
                0x00007a70                xdc_runtime_System_exitStd__E
 .text.xdc_runtime_System_processAtExit__E
                0x00007a78       0x38 C:\ti\tirtos_tivac_2_12_01_33\products\bios_6_41_04_54\packages\gnu\targets\arm\rtsv7M\lib\gnu.targets.arm.rtsv7M.am4fg(System.om4fg)
                0x00007a78                xdc_runtime_System_processAtExit__E
 .text.xdc_runtime_System_exit__E
                0x00007ab0       0x18 C:\ti\tirtos_tivac_2_12_01_33\products\bios_6_41_04_54\packages\gnu\targets\arm\rtsv7M\lib\gnu.targets.arm.rtsv7M.am4fg(System.om4fg)
                0x00007ab0                xdc_runtime_System_exit__E
 .text.xdc_runtime_System_formatNum__I
                0x00007ac8       0x68 C:\ti\tirtos_tivac_2_12_01_33\products\bios_6_41_04_54\packages\gnu\targets\arm\rtsv7M\lib\gnu.targets.arm.rtsv7M.am4fg(System.om4fg)
                0x00007ac8                xdc_runtime_System_formatNum(int0_t)
 .text.xdc_runtime_System_putchar__I
                0x00007b30       0x34 C:\ti\tirtos_tivac_2_12_01_33\products\bios_6_41_04_54\packages\gnu\targets\arm\rtsv7M\lib\gnu.targets.arm.rtsv7M.am4fg(System.om4fg)
                0x00007b30                xdc_runtime_System_putchar(int0_t)
 .text.xdc_runtime_System_doPrint__I
                0x00007b64      0x338 C:\ti\tirtos_tivac_2_12_01_33\products\bios_6_41_04_54\packages\gnu\targets\arm\rtsv7M\lib\gnu.targets.arm.rtsv7M.am4fg(System.om4fg)
                0x00007b64                xdc_runtime_System_doPrint(int0_t)
 .text.xdc_runtime_System_avprintf__E
                0x00007e9c       0x2c C:\ti\tirtos_tivac_2_12_01_33\products\bios_6_41_04_54\packages\gnu\targets\arm\rtsv7M\lib\gnu.targets.arm.rtsv7M.am4fg(System.om4fg)
                0x00007e9c                xdc_runtime_System_avprintf__E
 .text.xdc_runtime_System_aprintf_va__F
                0x00007ec8        0x4 C:\ti\tirtos_tivac_2_12_01_33\products\bios_6_41_04_54\packages\gnu\targets\arm\rtsv7M\lib\gnu.targets.arm.rtsv7M.am4fg(System.om4fg)
                0x00007ec8                xdc_runtime_System_aprintf_va(void)
 .text.xdc_runtime_System_vprintf__E
                0x00007ecc       0x28 C:\ti\tirtos_tivac_2_12_01_33\products\bios_6_41_04_54\packages\gnu\targets\arm\rtsv7M\lib\gnu.targets.arm.rtsv7M.am4fg(System.om4fg)
                0x00007ecc                xdc_runtime_System_vprintf__E
 .text.xdc_runtime_System_printf_va__F
                0x00007ef4        0x4 C:\ti\tirtos_tivac_2_12_01_33\products\bios_6_41_04_54\packages\gnu\targets\arm\rtsv7M\lib\gnu.targets.arm.rtsv7M.am4fg(System.om4fg)
                0x00007ef4                xdc_runtime_System_printf_va(void)
 .text.xdc_runtime_System_vsnprintf__E
                0x00007ef8       0x18 C:\ti\tirtos_tivac_2_12_01_33\products\bios_6_41_04_54\packages\gnu\targets\arm\rtsv7M\lib\gnu.targets.arm.rtsv7M.am4fg(System.om4fg)
                0x00007ef8                xdc_runtime_System_vsnprintf__E
 .text.xdc_runtime_SysMin_Module_startup__E
                0x00007f10       0x20 C:\ti\tirtos_tivac_2_12_01_33\products\bios_6_41_04_54\packages\gnu\targets\arm\rtsv7M\lib\gnu.targets.arm.rtsv7M.am4fg(SysMin.om4fg)
                0x00007f10                xdc_runtime_SysMin_Module_startup__E
 .text.xdc_runtime_SysMin_putch__E
                0x00007f30       0x4c C:\ti\tirtos_tivac_2_12_01_33\products\bios_6_41_04_54\packages\gnu\targets\arm\rtsv7M\lib\gnu.targets.arm.rtsv7M.am4fg(SysMin.om4fg)
                0x00007f30                xdc_runtime_SysMin_putch__E
 .text.xdc_runtime_SysMin_ready__E
                0x00007f7c       0x10 C:\ti\tirtos_tivac_2_12_01_33\products\bios_6_41_04_54\packages\gnu\targets\arm\rtsv7M\lib\gnu.targets.arm.rtsv7M.am4fg(SysMin.om4fg)
                0x00007f7c                xdc_runtime_SysMin_ready__E
 .text.xdc_runtime_SysMin_flush__E
                0x00007f8c       0x54 C:\ti\tirtos_tivac_2_12_01_33\products\bios_6_41_04_54\packages\gnu\targets\arm\rtsv7M\lib\gnu.targets.arm.rtsv7M.am4fg(SysMin.om4fg)
                0x00007f8c                xdc_runtime_SysMin_flush__E
 .text.xdc_runtime_SysMin_abort__E
                0x00007fe0       0x34 C:\ti\tirtos_tivac_2_12_01_33\products\bios_6_41_04_54\packages\gnu\targets\arm\rtsv7M\lib\gnu.targets.arm.rtsv7M.am4fg(SysMin.om4fg)
                0x00007fe0                xdc_runtime_SysMin_abort__E
 .text.xdc_runtime_SysMin_exit__E
                0x00008014       0x1c C:\ti\tirtos_tivac_2_12_01_33\products\bios_6_41_04_54\packages\gnu\targets\arm\rtsv7M\lib\gnu.targets.arm.rtsv7M.am4fg(SysMin.om4fg)
                0x00008014                xdc_runtime_SysMin_exit__E
 .text.xdc_runtime_Text_cordText__E
                0x00008030       0x2c C:\ti\tirtos_tivac_2_12_01_33\products\bios_6_41_04_54\packages\gnu\targets\arm\rtsv7M\lib\gnu.targets.arm.rtsv7M.am4fg(Text.om4fg)
                0x00008030                xdc_runtime_Text_cordText__E
 .text.xdc_runtime_Text_ropeText__E
                0x0000805c       0x14 C:\ti\tirtos_tivac_2_12_01_33\products\bios_6_41_04_54\packages\gnu\targets\arm\rtsv7M\lib\gnu.targets.arm.rtsv7M.am4fg(Text.om4fg)
                0x0000805c                xdc_runtime_Text_ropeText__E
 .text.xdc_runtime_Text_visitRope2__I
                0x00008070       0x6c C:\ti\tirtos_tivac_2_12_01_33\products\bios_6_41_04_54\packages\gnu\targets\arm\rtsv7M\lib\gnu.targets.arm.rtsv7M.am4fg(Text.om4fg)
                0x00008070                xdc_runtime_Text_visitRope2(int0_t)
 .text.xdc_runtime_Text_xprintf__I
                0x000080dc       0x40 C:\ti\tirtos_tivac_2_12_01_33\products\bios_6_41_04_54\packages\gnu\targets\arm\rtsv7M\lib\gnu.targets.arm.rtsv7M.am4fg(Text.om4fg)
                0x000080dc                xdc_runtime_Text_xprintf(int0_t)
 .text.xdc_runtime_Text_printVisFxn__I
                0x0000811c       0x34 C:\ti\tirtos_tivac_2_12_01_33\products\bios_6_41_04_54\packages\gnu\targets\arm\rtsv7M\lib\gnu.targets.arm.rtsv7M.am4fg(Text.om4fg)
                0x0000811c                xdc_runtime_Text_printVisFxn(int0_t)
 .text.xdc_runtime_Text_putMod__E
                0x00008150       0x94 C:\ti\tirtos_tivac_2_12_01_33\products\bios_6_41_04_54\packages\gnu\targets\arm\rtsv7M\lib\gnu.targets.arm.rtsv7M.am4fg(Text.om4fg)
                0x00008150                xdc_runtime_Text_putMod__E
 .text.xdc_runtime_Text_putLab__E
                0x000081e4       0x80 C:\ti\tirtos_tivac_2_12_01_33\products\bios_6_41_04_54\packages\gnu\targets\arm\rtsv7M\lib\gnu.targets.arm.rtsv7M.am4fg(Text.om4fg)
                0x000081e4                xdc_runtime_Text_putLab__E
 .text.xdc_runtime_Text_putSite__E
                0x00008264       0x9c C:\ti\tirtos_tivac_2_12_01_33\products\bios_6_41_04_54\packages\gnu\targets\arm\rtsv7M\lib\gnu.targets.arm.rtsv7M.am4fg(Text.om4fg)
                0x00008264                xdc_runtime_Text_putSite__E
 .text.xdc_runtime_Registry_findById__E
                0x00008300       0x1c C:\ti\tirtos_tivac_2_12_01_33\products\bios_6_41_04_54\packages\gnu\targets\arm\rtsv7M\lib\gnu.targets.arm.rtsv7M.am4fg(Registry.om4fg)
                0x00008300                xdc_runtime_Registry_findById__E
 .text.startupC
                0x0000831c       0x98 C:\ti\tirtos_tivac_2_12_01_33\products\bios_6_41_04_54\packages\gnu\targets\arm\rtsv7M\lib\boot.am4fg(startup.om4fg)
                0x0000831c                startupC
 .text._fini    0x000083b4        0x4 C:\ti\tirtos_tivac_2_12_01_33\products\bios_6_41_04_54\packages\gnu\targets\arm\rtsv7M\lib\boot.am4fg(startup.om4fg)
                0x000083b4                _fini
 .text._exit    0x000083b8        0x4 C:\ti\tirtos_tivac_2_12_01_33\products\bios_6_41_04_54\packages\gnu\targets\arm\rtsv7M\lib\syscalls.am4fg(syscalls.om4fg)
                0x000083b8                _exit
                0x000083b8                C$$EXIT
 .text.CanvasMsgProc
                0x000083bc      0x18e C:/ti/tirtos_tivac_2_12_01_33/products/TivaWare_C_Series-2.1.0.12573c/grlib/gcc\libgr.a(canvas.o)
                0x000083bc                CanvasMsgProc
 .text.GrCircleDraw
                0x0000854a      0x1da C:/ti/tirtos_tivac_2_12_01_33/products/TivaWare_C_Series-2.1.0.12573c/grlib/gcc\libgr.a(circle.o)
                0x0000854a                GrCircleDraw
 .text.GrCircleFill
                0x00008724      0x11e C:/ti/tirtos_tivac_2_12_01_33/products/TivaWare_C_Series-2.1.0.12573c/grlib/gcc\libgr.a(circle.o)
                0x00008724                GrCircleFill
 *fill*         0x00008842        0x2 
 .text.GrContextInit
                0x00008844       0x6c C:/ti/tirtos_tivac_2_12_01_33/products/TivaWare_C_Series-2.1.0.12573c/grlib/gcc\libgr.a(context.o)
                0x00008844                GrContextInit
 .text.GrContextClipRegionSet
                0x000088b0       0x62 C:/ti/tirtos_tivac_2_12_01_33/products/TivaWare_C_Series-2.1.0.12573c/grlib/gcc\libgr.a(context.o)
                0x000088b0                GrContextClipRegionSet
 .text.PixelTransparentDraw
                0x00008912      0x272 C:/ti/tirtos_tivac_2_12_01_33/products/TivaWare_C_Series-2.1.0.12573c/grlib/gcc\libgr.a(image.o)
 .text.InternalImageDraw
                0x00008b84      0x3a8 C:/ti/tirtos_tivac_2_12_01_33/products/TivaWare_C_Series-2.1.0.12573c/grlib/gcc\libgr.a(image.o)
 .text.GrImageDraw
                0x00008f2c        0xe C:/ti/tirtos_tivac_2_12_01_33/products/TivaWare_C_Series-2.1.0.12573c/grlib/gcc\libgr.a(image.o)
                0x00008f2c                GrImageDraw
 .text.GrLineDrawH
                0x00008f3a       0x46 C:/ti/tirtos_tivac_2_12_01_33/products/TivaWare_C_Series-2.1.0.12573c/grlib/gcc\libgr.a(line.o)
                0x00008f3a                GrLineDrawH
 .text.GrLineDrawV
                0x00008f80       0x46 C:/ti/tirtos_tivac_2_12_01_33/products/TivaWare_C_Series-2.1.0.12573c/grlib/gcc\libgr.a(line.o)
                0x00008f80                GrLineDrawV
 .text.CircularButtonPaint
                0x00008fc6      0x15a C:/ti/tirtos_tivac_2_12_01_33/products/TivaWare_C_Series-2.1.0.12573c/grlib/gcc\libgr.a(pushbutton.o)
 .text.CircularButtonMsgProc
                0x00009120       0xf2 C:/ti/tirtos_tivac_2_12_01_33/products/TivaWare_C_Series-2.1.0.12573c/grlib/gcc\libgr.a(pushbutton.o)
                0x00009120                CircularButtonMsgProc
 .text.GrRectDraw
                0x00009212       0x66 C:/ti/tirtos_tivac_2_12_01_33/products/TivaWare_C_Series-2.1.0.12573c/grlib/gcc\libgr.a(rectangle.o)
                0x00009212                GrRectDraw
 .text.GrRectFill
                0x00009278       0xb8 C:/ti/tirtos_tivac_2_12_01_33/products/TivaWare_C_Series-2.1.0.12573c/grlib/gcc\libgr.a(rectangle.o)
                0x00009278                GrRectFill
 .text.GrStringDraw
                0x00009330       0x16 C:/ti/tirtos_tivac_2_12_01_33/products/TivaWare_C_Series-2.1.0.12573c/grlib/gcc\libgr.a(string.o)
                0x00009330                GrStringDraw
 .text.GrStringNextCharGet
                0x00009346       0x28 C:/ti/tirtos_tivac_2_12_01_33/products/TivaWare_C_Series-2.1.0.12573c/grlib/gcc\libgr.a(string.o)
                0x00009346                GrStringNextCharGet
 .text.GrFontGlyphRender
                0x0000936e      0x27c C:/ti/tirtos_tivac_2_12_01_33/products/TivaWare_C_Series-2.1.0.12573c/grlib/gcc\libgr.a(string.o)
                0x0000936e                GrFontGlyphRender
 .text.GrFontInfoGet
                0x000095ea       0x38 C:/ti/tirtos_tivac_2_12_01_33/products/TivaWare_C_Series-2.1.0.12573c/grlib/gcc\libgr.a(string.o)
                0x000095ea                GrFontInfoGet
 .text.GrFontBaselineGet
                0x00009622       0x2c C:/ti/tirtos_tivac_2_12_01_33/products/TivaWare_C_Series-2.1.0.12573c/grlib/gcc\libgr.a(string.o)
                0x00009622                GrFontBaselineGet
 .text.GrFontHeightGet
                0x0000964e       0x2c C:/ti/tirtos_tivac_2_12_01_33/products/TivaWare_C_Series-2.1.0.12573c/grlib/gcc\libgr.a(string.o)
                0x0000964e                GrFontHeightGet
 .text.GrFontGlyphDataGet
                0x0000967a       0x90 C:/ti/tirtos_tivac_2_12_01_33/products/TivaWare_C_Series-2.1.0.12573c/grlib/gcc\libgr.a(string.o)
                0x0000967a                GrFontGlyphDataGet
 .text.GrDefaultStringRenderer
                0x0000970a       0xb8 C:/ti/tirtos_tivac_2_12_01_33/products/TivaWare_C_Series-2.1.0.12573c/grlib/gcc\libgr.a(string.o)
                0x0000970a                GrDefaultStringRenderer
 .text.GrStringWidthGet
                0x000097c2       0x6a C:/ti/tirtos_tivac_2_12_01_33/products/TivaWare_C_Series-2.1.0.12573c/grlib/gcc\libgr.a(string.o)
                0x000097c2                GrStringWidthGet
 .text.GrFontCodepageGet
                0x0000982c       0x26 C:/ti/tirtos_tivac_2_12_01_33/products/TivaWare_C_Series-2.1.0.12573c/grlib/gcc\libgr.a(string.o)
                0x0000982c                GrFontCodepageGet
 .text.UpdateContextCharMapping
                0x00009852       0x44 C:/ti/tirtos_tivac_2_12_01_33/products/TivaWare_C_Series-2.1.0.12573c/grlib/gcc\libgr.a(string.o)
 .text.GrContextFontSet
                0x00009896        0x6 C:/ti/tirtos_tivac_2_12_01_33/products/TivaWare_C_Series-2.1.0.12573c/grlib/gcc\libgr.a(string.o)
                0x00009896                GrContextFontSet
 .text.WidgetIsInTree
                0x0000989c       0x26 C:/ti/tirtos_tivac_2_12_01_33/products/TivaWare_C_Series-2.1.0.12573c/grlib/gcc\libgr.a(widget.o)
 .text.WidgetDefaultMsgProc
                0x000098c2        0x4 C:/ti/tirtos_tivac_2_12_01_33/products/TivaWare_C_Series-2.1.0.12573c/grlib/gcc\libgr.a(widget.o)
                0x000098c2                WidgetDefaultMsgProc
 .text.WidgetMutexGet
                0x000098c6       0x14 C:/ti/tirtos_tivac_2_12_01_33/products/TivaWare_C_Series-2.1.0.12573c/grlib/gcc\libgr.a(widget.o)
                0x000098c6                WidgetMutexGet
 .text.WidgetAdd
                0x000098da       0x1e C:/ti/tirtos_tivac_2_12_01_33/products/TivaWare_C_Series-2.1.0.12573c/grlib/gcc\libgr.a(widget.o)
                0x000098da                WidgetAdd
 .text.WidgetMessageSendPreOrder
                0x000098f8       0x58 C:/ti/tirtos_tivac_2_12_01_33/products/TivaWare_C_Series-2.1.0.12573c/grlib/gcc\libgr.a(widget.o)
                0x000098f8                WidgetMessageSendPreOrder
 .text.WidgetMessageSendPostOrder
                0x00009950       0x98 C:/ti/tirtos_tivac_2_12_01_33/products/TivaWare_C_Series-2.1.0.12573c/grlib/gcc\libgr.a(widget.o)
                0x00009950                WidgetMessageSendPostOrder
 .text.WidgetMessageQueueAdd
                0x000099e8       0xd4 C:/ti/tirtos_tivac_2_12_01_33/products/TivaWare_C_Series-2.1.0.12573c/grlib/gcc\libgr.a(widget.o)
                0x000099e8                WidgetMessageQueueAdd
 .text.WidgetMessageQueueProcess
                0x00009abc       0x54 C:/ti/tirtos_tivac_2_12_01_33/products/TivaWare_C_Series-2.1.0.12573c/grlib/gcc\libgr.a(widget.o)
                0x00009abc                WidgetMessageQueueProcess
 .text.WidgetPointerMessage
                0x00009b10       0x20 C:/ti/tirtos_tivac_2_12_01_33/products/TivaWare_C_Series-2.1.0.12573c/grlib/gcc\libgr.a(widget.o)
                0x00009b10                WidgetPointerMessage
 .text.GrMapISO8859_1_Unicode
                0x00009b30        0x8 C:/ti/tirtos_tivac_2_12_01_33/products/TivaWare_C_Series-2.1.0.12573c/grlib/gcc\libgr.a(charmap.o)
                0x00009b30                GrMapISO8859_1_Unicode
 .text.ADCIntEnable
                0x00009b38       0x10 C:/ti/tirtos_tivac_2_12_01_33/products/TivaWare_C_Series-2.1.0.12573c/driverlib/gcc\libdriver.a(adc.o)
                0x00009b38                ADCIntEnable
 .text.ADCIntStatus
                0x00009b48       0x34 C:/ti/tirtos_tivac_2_12_01_33/products/TivaWare_C_Series-2.1.0.12573c/driverlib/gcc\libdriver.a(adc.o)
                0x00009b48                ADCIntStatus
 .text.ADCIntClear
                0x00009b7c        0xa C:/ti/tirtos_tivac_2_12_01_33/products/TivaWare_C_Series-2.1.0.12573c/driverlib/gcc\libdriver.a(adc.o)
                0x00009b7c                ADCIntClear
 .text.ADCSequenceEnable
                0x00009b86        0xe C:/ti/tirtos_tivac_2_12_01_33/products/TivaWare_C_Series-2.1.0.12573c/driverlib/gcc\libdriver.a(adc.o)
                0x00009b86                ADCSequenceEnable
 .text.ADCSequenceConfigure
                0x00009b94       0x48 C:/ti/tirtos_tivac_2_12_01_33/products/TivaWare_C_Series-2.1.0.12573c/driverlib/gcc\libdriver.a(adc.o)
                0x00009b94                ADCSequenceConfigure
 .text.ADCSequenceStepConfigure
                0x00009bdc       0x84 C:/ti/tirtos_tivac_2_12_01_33/products/TivaWare_C_Series-2.1.0.12573c/driverlib/gcc\libdriver.a(adc.o)
                0x00009bdc                ADCSequenceStepConfigure
 .text.ADCSequenceDataGet
                0x00009c60       0x1e C:/ti/tirtos_tivac_2_12_01_33/products/TivaWare_C_Series-2.1.0.12573c/driverlib/gcc\libdriver.a(adc.o)
                0x00009c60                ADCSequenceDataGet
 .text.ADCProcessorTrigger
                0x00009c7e       0x18 C:/ti/tirtos_tivac_2_12_01_33/products/TivaWare_C_Series-2.1.0.12573c/driverlib/gcc\libdriver.a(adc.o)
                0x00009c7e                ADCProcessorTrigger
 .text.ADCHardwareOversampleConfigure
                0x00009c96       0x10 C:/ti/tirtos_tivac_2_12_01_33/products/TivaWare_C_Series-2.1.0.12573c/driverlib/gcc\libdriver.a(adc.o)
                0x00009c96                ADCHardwareOversampleConfigure
 .text.GPIODirModeSet
                0x00009ca6       0x2e C:/ti/tirtos_tivac_2_12_01_33/products/TivaWare_C_Series-2.1.0.12573c/driverlib/gcc\libdriver.a(gpio.o)
                0x00009ca6                GPIODirModeSet
 .text.GPIOPadConfigSet
                0x00009cd4      0x130 C:/ti/tirtos_tivac_2_12_01_33/products/TivaWare_C_Series-2.1.0.12573c/driverlib/gcc\libdriver.a(gpio.o)
                0x00009cd4                GPIOPadConfigSet
 .text.GPIOPinRead
                0x00009e04        0x6 C:/ti/tirtos_tivac_2_12_01_33/products/TivaWare_C_Series-2.1.0.12573c/driverlib/gcc\libdriver.a(gpio.o)
                0x00009e04                GPIOPinRead
 .text.GPIOPinWrite
                0x00009e0a        0x6 C:/ti/tirtos_tivac_2_12_01_33/products/TivaWare_C_Series-2.1.0.12573c/driverlib/gcc\libdriver.a(gpio.o)
                0x00009e0a                GPIOPinWrite
 .text.GPIOPinTypeADC
                0x00009e10       0x1c C:/ti/tirtos_tivac_2_12_01_33/products/TivaWare_C_Series-2.1.0.12573c/driverlib/gcc\libdriver.a(gpio.o)
                0x00009e10                GPIOPinTypeADC
 .text.GPIOPinTypeEthernetLED
                0x00009e2c       0x1c C:/ti/tirtos_tivac_2_12_01_33/products/TivaWare_C_Series-2.1.0.12573c/driverlib/gcc\libdriver.a(gpio.o)
                0x00009e2c                GPIOPinTypeEthernetLED
 .text.GPIOPinTypeGPIOInput
                0x00009e48       0x1c C:/ti/tirtos_tivac_2_12_01_33/products/TivaWare_C_Series-2.1.0.12573c/driverlib/gcc\libdriver.a(gpio.o)
                0x00009e48                GPIOPinTypeGPIOInput
 .text.GPIOPinTypeGPIOOutput
                0x00009e64       0x1c C:/ti/tirtos_tivac_2_12_01_33/products/TivaWare_C_Series-2.1.0.12573c/driverlib/gcc\libdriver.a(gpio.o)
                0x00009e64                GPIOPinTypeGPIOOutput
 .text.GPIOPinTypeI2C
                0x00009e80       0x1c C:/ti/tirtos_tivac_2_12_01_33/products/TivaWare_C_Series-2.1.0.12573c/driverlib/gcc\libdriver.a(gpio.o)
                0x00009e80                GPIOPinTypeI2C
 .text.GPIOPinTypeI2CSCL
                0x00009e9c       0x1c C:/ti/tirtos_tivac_2_12_01_33/products/TivaWare_C_Series-2.1.0.12573c/driverlib/gcc\libdriver.a(gpio.o)
                0x00009e9c                GPIOPinTypeI2CSCL
 .text.GPIOPinTypeLCD
                0x00009eb8       0x1c C:/ti/tirtos_tivac_2_12_01_33/products/TivaWare_C_Series-2.1.0.12573c/driverlib/gcc\libdriver.a(gpio.o)
                0x00009eb8                GPIOPinTypeLCD
 .text.GPIOPinTypeSSI
                0x00009ed4       0x1c C:/ti/tirtos_tivac_2_12_01_33/products/TivaWare_C_Series-2.1.0.12573c/driverlib/gcc\libdriver.a(gpio.o)
                0x00009ed4                GPIOPinTypeSSI
 .text.GPIOPinTypeTimer
                0x00009ef0       0x1c C:/ti/tirtos_tivac_2_12_01_33/products/TivaWare_C_Series-2.1.0.12573c/driverlib/gcc\libdriver.a(gpio.o)
                0x00009ef0                GPIOPinTypeTimer
 .text.GPIOPinTypeUART
                0x00009f0c       0x1c C:/ti/tirtos_tivac_2_12_01_33/products/TivaWare_C_Series-2.1.0.12573c/driverlib/gcc\libdriver.a(gpio.o)
                0x00009f0c                GPIOPinTypeUART
 .text.GPIOPinTypeUSBAnalog
                0x00009f28       0x1c C:/ti/tirtos_tivac_2_12_01_33/products/TivaWare_C_Series-2.1.0.12573c/driverlib/gcc\libdriver.a(gpio.o)
                0x00009f28                GPIOPinTypeUSBAnalog
 .text.GPIOPinTypeUSBDigital
                0x00009f44       0x1c C:/ti/tirtos_tivac_2_12_01_33/products/TivaWare_C_Series-2.1.0.12573c/driverlib/gcc\libdriver.a(gpio.o)
                0x00009f44                GPIOPinTypeUSBDigital
 .text.GPIOPinConfigure
                0x00009f60       0x4c C:/ti/tirtos_tivac_2_12_01_33/products/TivaWare_C_Series-2.1.0.12573c/driverlib/gcc\libdriver.a(gpio.o)
                0x00009f60                GPIOPinConfigure
 .text.IntEnable
                0x00009fac       0x60 C:/ti/tirtos_tivac_2_12_01_33/products/TivaWare_C_Series-2.1.0.12573c/driverlib/gcc\libdriver.a(interrupt.o)
                0x00009fac                IntEnable
 .text.LCDModeSet
                0x0000a00c       0x1e C:/ti/tirtos_tivac_2_12_01_33/products/TivaWare_C_Series-2.1.0.12573c/driverlib/gcc\libdriver.a(lcd.o)
                0x0000a00c                LCDModeSet
 .text.LCDIDDConfigSet
                0x0000a02a        0x4 C:/ti/tirtos_tivac_2_12_01_33/products/TivaWare_C_Series-2.1.0.12573c/driverlib/gcc\libdriver.a(lcd.o)
                0x0000a02a                LCDIDDConfigSet
 .text.LCDIDDTimingSet
                0x0000a02e       0x34 C:/ti/tirtos_tivac_2_12_01_33/products/TivaWare_C_Series-2.1.0.12573c/driverlib/gcc\libdriver.a(lcd.o)
                0x0000a02e                LCDIDDTimingSet
 .text.LCDIDDCommandWrite
                0x0000a062        0xc C:/ti/tirtos_tivac_2_12_01_33/products/TivaWare_C_Series-2.1.0.12573c/driverlib/gcc\libdriver.a(lcd.o)
                0x0000a062                LCDIDDCommandWrite
 .text.LCDIDDDataWrite
                0x0000a06e        0xc C:/ti/tirtos_tivac_2_12_01_33/products/TivaWare_C_Series-2.1.0.12573c/driverlib/gcc\libdriver.a(lcd.o)
                0x0000a06e                LCDIDDDataWrite
 .text.LCDDMAConfigSet
                0x0000a07a        0x4 C:/ti/tirtos_tivac_2_12_01_33/products/TivaWare_C_Series-2.1.0.12573c/driverlib/gcc\libdriver.a(lcd.o)
                0x0000a07a                LCDDMAConfigSet
 .text.SysCtlPeripheralEnable
                0x0000a07e       0x22 C:/ti/tirtos_tivac_2_12_01_33/products/TivaWare_C_Series-2.1.0.12573c/driverlib/gcc\libdriver.a(sysctl.o)
                0x0000a07e                SysCtlPeripheralEnable
 .text.SysCtlDelay
                0x0000a0a0        0x8 C:/ti/tirtos_tivac_2_12_01_33/products/TivaWare_C_Series-2.1.0.12573c/driverlib/gcc\libdriver.a(sysctl.o)
                0x0000a0a0                SysCtlDelay
 .text.TimerEnable
                0x0000a0a8       0x10 C:/ti/tirtos_tivac_2_12_01_33/products/TivaWare_C_Series-2.1.0.12573c/driverlib/gcc\libdriver.a(timer.o)
                0x0000a0a8                TimerEnable
 .text.TimerConfigure
                0x0000a0b8       0x58 C:/ti/tirtos_tivac_2_12_01_33/products/TivaWare_C_Series-2.1.0.12573c/driverlib/gcc\libdriver.a(timer.o)
                0x0000a0b8                TimerConfigure
 .text.TimerControlTrigger
                0x0000a110       0x54 C:/ti/tirtos_tivac_2_12_01_33/products/TivaWare_C_Series-2.1.0.12573c/driverlib/gcc\libdriver.a(timer.o)
                0x0000a110                TimerControlTrigger
 .text.TimerPrescaleSet
                0x0000a164       0x12 C:/ti/tirtos_tivac_2_12_01_33/products/TivaWare_C_Series-2.1.0.12573c/driverlib/gcc\libdriver.a(timer.o)
                0x0000a164                TimerPrescaleSet
 .text.TimerLoadSet
                0x0000a176       0x12 C:/ti/tirtos_tivac_2_12_01_33/products/TivaWare_C_Series-2.1.0.12573c/driverlib/gcc\libdriver.a(timer.o)
                0x0000a176                TimerLoadSet
 .text.UARTEnable
                0x0000a188       0x16 C:/ti/tirtos_tivac_2_12_01_33/products/TivaWare_C_Series-2.1.0.12573c/driverlib/gcc\libdriver.a(uart.o)
                0x0000a188                UARTEnable
 .text.UARTDisable
                0x0000a19e       0x1c C:/ti/tirtos_tivac_2_12_01_33/products/TivaWare_C_Series-2.1.0.12573c/driverlib/gcc\libdriver.a(uart.o)
                0x0000a19e                UARTDisable
 .text.UARTConfigSetExpClk
                0x0000a1ba       0x48 C:/ti/tirtos_tivac_2_12_01_33/products/TivaWare_C_Series-2.1.0.12573c/driverlib/gcc\libdriver.a(uart.o)
                0x0000a1ba                UARTConfigSetExpClk
 .text.UARTCharPut
                0x0000a202        0xa C:/ti/tirtos_tivac_2_12_01_33/products/TivaWare_C_Series-2.1.0.12573c/driverlib/gcc\libdriver.a(uart.o)
                0x0000a202                UARTCharPut
 .text.abort    0x0000a20c       0x10 C:/ti/tirtos_tivac_2_12_01_33/products/bios_6_41_04_54/packages/gnu/targets/arm/libs/install-native/arm-none-eabi/lib/armv7e-m/fpu\libc.a(lib_a-abort.o)
                0x0000a20c                abort
 .text.exit     0x0000a21c       0x20 C:/ti/tirtos_tivac_2_12_01_33/products/bios_6_41_04_54/packages/gnu/targets/arm/libs/install-native/arm-none-eabi/lib/armv7e-m/fpu\libc.a(lib_a-exit.o)
                0x0000a21c                exit
 .text.memcpy   0x0000a23c      0x144 C:/ti/tirtos_tivac_2_12_01_33/products/bios_6_41_04_54/packages/gnu/targets/arm/libs/install-native/arm-none-eabi/lib/armv7e-m/fpu\libc.a(lib_a-memcpy.o)
                0x0000a23c                memcpy
 .text.memset   0x0000a380      0x12c C:/ti/tirtos_tivac_2_12_01_33/products/bios_6_41_04_54/packages/gnu/targets/arm/libs/install-native/arm-none-eabi/lib/armv7e-m/fpu\libc.a(lib_a-memset.o)
                0x0000a380                memset
 .text.cleanup_glue
                0x0000a4ac       0x1c C:/ti/tirtos_tivac_2_12_01_33/products/bios_6_41_04_54/packages/gnu/targets/arm/libs/install-native/arm-none-eabi/lib/armv7e-m/fpu\libc.a(lib_a-reent.o)
                0x0000a4ac                cleanup_glue
 .text._reclaim_reent
                0x0000a4c8       0x8c C:/ti/tirtos_tivac_2_12_01_33/products/bios_6_41_04_54/packages/gnu/targets/arm/libs/install-native/arm-none-eabi/lib/armv7e-m/fpu\libc.a(lib_a-reent.o)
                0x0000a4c8                _reclaim_reent
 .text._raise_r
                0x0000a554       0x58 C:/ti/tirtos_tivac_2_12_01_33/products/bios_6_41_04_54/packages/gnu/targets/arm/libs/install-native/arm-none-eabi/lib/armv7e-m/fpu\libc.a(lib_a-signal.o)
                0x0000a554                _raise_r
 .text.raise    0x0000a5ac       0x14 C:/ti/tirtos_tivac_2_12_01_33/products/bios_6_41_04_54/packages/gnu/targets/arm/libs/install-native/arm-none-eabi/lib/armv7e-m/fpu\libc.a(lib_a-signal.o)
                0x0000a5ac                raise
 .text._kill_r  0x0000a5c0       0x28 C:/ti/tirtos_tivac_2_12_01_33/products/bios_6_41_04_54/packages/gnu/targets/arm/libs/install-native/arm-none-eabi/lib/armv7e-m/fpu\libc.a(lib_a-signalr.o)
                0x0000a5c0                _kill_r
 .text._getpid_r
                0x0000a5e8        0x4 C:/ti/tirtos_tivac_2_12_01_33/products/bios_6_41_04_54/packages/gnu/targets/arm/libs/install-native/arm-none-eabi/lib/armv7e-m/fpu\libc.a(lib_a-signalr.o)
                0x0000a5e8                _getpid_r
 .text.strlen   0x0000a5ec       0x60 C:/ti/tirtos_tivac_2_12_01_33/products/bios_6_41_04_54/packages/gnu/targets/arm/libs/install-native/arm-none-eabi/lib/armv7e-m/fpu\libc.a(lib_a-strlen.o)
                0x0000a5ec                strlen
 .text.startup.register_fini
                0x0000a64c       0x14 C:/ti/tirtos_tivac_2_12_01_33/products/bios_6_41_04_54/packages/gnu/targets/arm/libs/install-native/arm-none-eabi/lib/armv7e-m/fpu\libc.a(lib_a-__call_atexit.o)
 .text.__call_exitprocs
                0x0000a660      0x288 C:/ti/tirtos_tivac_2_12_01_33/products/bios_6_41_04_54/packages/gnu/targets/arm/libs/install-native/arm-none-eabi/lib/armv7e-m/fpu\libc.a(lib_a-__call_atexit.o)
                0x0000a660                __call_exitprocs