Archive member included because of file (symbol)

C:\Users\Shervin\workspace_v6_1\minimal_TivaTM4C129XNCZAD\src\sysbios\sysbios.am4fg(m3_Hwi_asm_gnu.o)
                              C:\Users\Shervin\workspace_v6_1\minimal_TivaTM4C129XNCZAD\Debug\configPkg\package\cfg\app_pm4fg.om4fg (ti_sysbios_family_arm_m3_Hwi_pendSV(int0_t))
C:\Users\Shervin\workspace_v6_1\minimal_TivaTM4C129XNCZAD\src\sysbios\sysbios.am4fg(m3_Hwi_asm_switch_gnu.o)
                              C:\Users\Shervin\workspace_v6_1\minimal_TivaTM4C129XNCZAD\Debug\configPkg\package\cfg\app_pm4fg.om4fg (ti_sysbios_family_arm_m3_Hwi_getTaskSP__E)
C:\Users\Shervin\workspace_v6_1\minimal_TivaTM4C129XNCZAD\src\sysbios\sysbios.am4fg(m3_IntrinsicsSupport_asm_gnu.o)
                              C:\Users\Shervin\workspace_v6_1\minimal_TivaTM4C129XNCZAD\Debug\configPkg\package\cfg\app_pm4fg.om4fg (ti_sysbios_family_arm_m3_IntrinsicsSupport_maxbit__E)
C:\Users\Shervin\workspace_v6_1\minimal_TivaTM4C129XNCZAD\src\sysbios\sysbios.am4fg(m3_TaskSupport_asm_gnu.o)
                              C:\Users\Shervin\workspace_v6_1\minimal_TivaTM4C129XNCZAD\Debug\configPkg\package\cfg\app_pm4fg.om4fg (ti_sysbios_family_arm_m3_TaskSupport_swap__E)
C:\Users\Shervin\workspace_v6_1\minimal_TivaTM4C129XNCZAD\src\sysbios\sysbios.am4fg(_BIOS.o)
                              C:\Users\Shervin\workspace_v6_1\minimal_TivaTM4C129XNCZAD\Debug\configPkg\package\cfg\app_pm4fg.om4fg (ti_sysbios_BIOS_setThreadType__E)
C:\Users\Shervin\workspace_v6_1\minimal_TivaTM4C129XNCZAD\src\sysbios\sysbios.am4fg(knl_Clock.o)
                              C:\Users\Shervin\workspace_v6_1\minimal_TivaTM4C129XNCZAD\Debug\configPkg\package\cfg\app_pm4fg.om4fg (ti_sysbios_knl_Clock_Module_startup__E)
C:\Users\Shervin\workspace_v6_1\minimal_TivaTM4C129XNCZAD\src\sysbios\sysbios.am4fg(knl_Idle.o)
                              C:\Users\Shervin\workspace_v6_1\minimal_TivaTM4C129XNCZAD\Debug\configPkg\package\cfg\app_pm4fg.om4fg (ti_sysbios_knl_Idle_loop__E)
C:\Users\Shervin\workspace_v6_1\minimal_TivaTM4C129XNCZAD\src\sysbios\sysbios.am4fg(knl_Queue.o)
                              C:\Users\Shervin\workspace_v6_1\minimal_TivaTM4C129XNCZAD\Debug\configPkg\package\cfg\app_pm4fg.om4fg (ti_sysbios_knl_Queue_Instance_init__E)
C:\Users\Shervin\workspace_v6_1\minimal_TivaTM4C129XNCZAD\src\sysbios\sysbios.am4fg(knl_Semaphore.o)
                              C:\Users\Shervin\workspace_v6_1\minimal_TivaTM4C129XNCZAD\Debug\configPkg\package\cfg\app_pm4fg.om4fg (ti_sysbios_knl_Semaphore_Instance_init__E)
C:\Users\Shervin\workspace_v6_1\minimal_TivaTM4C129XNCZAD\src\sysbios\sysbios.am4fg(knl_Swi.o)
                              C:\Users\Shervin\workspace_v6_1\minimal_TivaTM4C129XNCZAD\Debug\configPkg\package\cfg\app_pm4fg.om4fg (ti_sysbios_knl_Swi_Module_startup__E)
C:\Users\Shervin\workspace_v6_1\minimal_TivaTM4C129XNCZAD\src\sysbios\sysbios.am4fg(knl_Task.o)
                              C:\Users\Shervin\workspace_v6_1\minimal_TivaTM4C129XNCZAD\Debug\configPkg\package\cfg\app_pm4fg.om4fg (ti_sysbios_knl_Task_Module_startup__E)
C:\Users\Shervin\workspace_v6_1\minimal_TivaTM4C129XNCZAD\src\sysbios\sysbios.am4fg(hal_Hwi.o)
                              C:\Users\Shervin\workspace_v6_1\minimal_TivaTM4C129XNCZAD\Debug\configPkg\package\cfg\app_pm4fg.om4fg (ti_sysbios_hal_Hwi_Module_startup__E)
C:\Users\Shervin\workspace_v6_1\minimal_TivaTM4C129XNCZAD\src\sysbios\sysbios.am4fg(hal_Hwi_stack.o)
                              C:\Users\Shervin\workspace_v6_1\minimal_TivaTM4C129XNCZAD\Debug\configPkg\package\cfg\app_pm4fg.om4fg (ti_sysbios_hal_Hwi_initStack)
C:\Users\Shervin\workspace_v6_1\minimal_TivaTM4C129XNCZAD\src\sysbios\sysbios.am4fg(hal_Hwi_startup.o)
                              C:\Users\Shervin\workspace_v6_1\minimal_TivaTM4C129XNCZAD\Debug\configPkg\package\cfg\app_pm4fg.om4fg (ti_sysbios_hal_Hwi_startup__E)
C:\Users\Shervin\workspace_v6_1\minimal_TivaTM4C129XNCZAD\src\sysbios\sysbios.am4fg(gates_GateHwi.o)
                              C:\Users\Shervin\workspace_v6_1\minimal_TivaTM4C129XNCZAD\Debug\configPkg\package\cfg\app_pm4fg.om4fg (ti_sysbios_gates_GateHwi_Instance_init__E)
C:\Users\Shervin\workspace_v6_1\minimal_TivaTM4C129XNCZAD\src\sysbios\sysbios.am4fg(gates_GateMutex.o)
                              C:\Users\Shervin\workspace_v6_1\minimal_TivaTM4C129XNCZAD\Debug\configPkg\package\cfg\app_pm4fg.om4fg (ti_sysbios_gates_GateMutex_Instance_init__E)
C:\Users\Shervin\workspace_v6_1\minimal_TivaTM4C129XNCZAD\src\sysbios\sysbios.am4fg(m3_Hwi.o)
                              C:\Users\Shervin\workspace_v6_1\minimal_TivaTM4C129XNCZAD\Debug\configPkg\package\cfg\app_pm4fg.om4fg (ti_sysbios_family_arm_m3_Hwi_Module_startup__E)
C:\Users\Shervin\workspace_v6_1\minimal_TivaTM4C129XNCZAD\src\sysbios\sysbios.am4fg(m3_TaskSupport.o)
[...]
Memory Configuration

Name             Origin             Length             Attributes
FLASH            0x00000000         0x00100000         xr
SRAM             0x20000000         0x00040000         xw
*default*        0x00000000         0xffffffff

Linker script and memory map

LOAD ./main.o
LOAD ./drivers/frame.o
LOAD ./drivers/kentec320x240x16_ssd2119.o
LOAD ./drivers/mx66l51235f.o
LOAD ./drivers/pinout.o
LOAD ./drivers/sound.o
LOAD ./drivers/touch.o
                0x00000000                PROVIDE (_intvecs_base_address, DEFINED (_intvecs_base_address)?_intvecs_base_address:0x0)

.intvecs        0x00000000       0x3c
 *(.intvecs)
 .intvecs       0x00000000       0x3c C:\Users\Shervin\workspace_v6_1\minimal_TivaTM4C129XNCZAD\Debug\configPkg\package\cfg\app_pm4fg.om4fg
                0x00000000                ti_sysbios_family_arm_m3_Hwi_resetVectors
                0x20000000                PROVIDE (_vtable_base_address, DEFINED (_vtable_base_address)?_vtable_base_address:0x20000000)

.vtable         0x20000000      0x360
 *(.vtable)
 .vtable        0x20000000      0x360 C:\Users\Shervin\workspace_v6_1\minimal_TivaTM4C129XNCZAD\Debug\configPkg\package\cfg\app_pm4fg.om4fg
                0x20000000                ti_sysbios_family_arm_m3_Hwi_ramVectors

.text           0x00000040     0x5874
 CREATE_OBJECT_SYMBOLS
 *(.text)
 .text          0x00000040      0x13c C:\Users\Shervin\workspace_v6_1\minimal_TivaTM4C129XNCZAD\src\sysbios\sysbios.am4fg(m3_Hwi_asm_gnu.o)
                0x00000040                ti_sysbios_family_arm_m3_Hwi_dispatch(int0_t)
                0x0000011c                ti_sysbios_family_arm_m3_Hwi_pendSV(int0_t)
                0x0000015c                ti_sysbios_family_arm_m3_Hwi_excHandlerAsm(int0_t)
 *fill*         0x0000017c        0x4 
 .text          0x00000180       0xa0 C:\Users\Shervin\workspace_v6_1\minimal_TivaTM4C129XNCZAD\src\sysbios\sysbios.am4fg(m3_Hwi_asm_switch_gnu.o)
                0x0000019c                ti_sysbios_family_xxx_Hwi_switchAndRunFunc
                0x000001ba                ti_sysbios_family_arm_m3_Hwi_getTaskSP__E
                0x000001c0                ti_sysbios_family_arm_m3_Hwi_initStacks__E
 .text          0x00000220       0xd0 C:\Users\Shervin\workspace_v6_1\minimal_TivaTM4C129XNCZAD\src\sysbios\sysbios.am4fg(m3_TaskSupport_asm_gnu.o)
                0x00000220                ti_sysbios_family_arm_m3_TaskSupport_buildTaskStack
                0x000002ac                ti_sysbios_family_arm_m3_TaskSupport_swap__E
                0x000002b8                ti_sysbios_knl_Task_swapReturn
                0x000002d4                ti_sysbios_family_arm_m3_TaskSupport_glue
 *(.text.*)
 .text.taskFxn  0x000002f0       0x2c ./main.o
                0x000002f0                taskFxn
 .text.main     0x0000031c       0x18 ./main.o
                0x0000031c                main
 .text.TouchScreenDebouncer
                0x00000334      0x284 ./drivers/touch.o
 .text.TouchScreenIntHandler
                0x000005b8      0x1b8 ./drivers/touch.o
                0x000005b8                TouchScreenIntHandler
 .text.xdc_runtime_Text_visitRope__I
                0x00000770        0x8 C:\Users\Shervin\workspace_v6_1\minimal_TivaTM4C129XNCZAD\Debug\configPkg\package\cfg\app_pm4fg.om4fg
                0x00000770                xdc_runtime_Text_visitRope(int0_t)
 .text.xdc_runtime_Startup_exec__I
                0x00000778       0x14 C:\Users\Shervin\workspace_v6_1\minimal_TivaTM4C129XNCZAD\Debug\configPkg\package\cfg\app_pm4fg.om4fg
                0x00000778                xdc_runtime_Startup_exec(int0_t)
 .text.xdc_runtime_System_printfExtend__I
                0x0000078c       0xd4 C:\Users\Shervin\workspace_v6_1\minimal_TivaTM4C129XNCZAD\Debug\configPkg\package\cfg\app_pm4fg.om4fg
                0x0000078c                xdc_runtime_System_printfExtend(int0_t)
 .text.xdc_runtime_SysMin_output__I
                0x00000860       0x24 C:\Users\Shervin\workspace_v6_1\minimal_TivaTM4C129XNCZAD\Debug\configPkg\package\cfg\app_pm4fg.om4fg
                0x00000860                xdc_runtime_SysMin_output(int0_t)
 .text.ti_catalog_arm_cortexm4_tiva_ce_Boot_init__I
                0x00000884       0x10 C:\Users\Shervin\workspace_v6_1\minimal_TivaTM4C129XNCZAD\Debug\configPkg\package\cfg\app_pm4fg.om4fg
                0x00000884                ti_catalog_arm_cortexm4_tiva_ce_Boot_init(int0_t)
 .text.ti_sysbios_BIOS_startFunc__I
                0x00000894       0x20 C:\Users\Shervin\workspace_v6_1\minimal_TivaTM4C129XNCZAD\Debug\configPkg\package\cfg\app_pm4fg.om4fg
                0x00000894                ti_sysbios_BIOS_startFunc(int0_t)
 .text.ti_sysbios_BIOS_atExitFunc__I
                0x000008b4       0x14 C:\Users\Shervin\workspace_v6_1\minimal_TivaTM4C129XNCZAD\Debug\configPkg\package\cfg\app_pm4fg.om4fg
                0x000008b4                ti_sysbios_BIOS_atExitFunc(int0_t)
 .text.ti_sysbios_BIOS_exitFunc__I
                0x000008c8       0x14 C:\Users\Shervin\workspace_v6_1\minimal_TivaTM4C129XNCZAD\Debug\configPkg\package\cfg\app_pm4fg.om4fg
                0x000008c8                ti_sysbios_BIOS_exitFunc(int0_t)
 .text.ti_sysbios_BIOS_errorRaiseHook__I
                0x000008dc       0x28 C:\Users\Shervin\workspace_v6_1\minimal_TivaTM4C129XNCZAD\Debug\configPkg\package\cfg\app_pm4fg.om4fg
                0x000008dc                ti_sysbios_BIOS_errorRaiseHook(int0_t)
 .text.ti_sysbios_gates_GateHwi_Handle__label__S
                0x00000904       0x18 C:\Users\Shervin\workspace_v6_1\minimal_TivaTM4C129XNCZAD\Debug\configPkg\package\cfg\app_pm4fg.om4fg
                0x00000904                ti_sysbios_gates_GateHwi_Handle__label(void) static
 .text.ti_sysbios_gates_GateMutex_Handle__label__S
                0x0000091c       0x18 C:\Users\Shervin\workspace_v6_1\minimal_TivaTM4C129XNCZAD\Debug\configPkg\package\cfg\app_pm4fg.om4fg
                0x0000091c                ti_sysbios_gates_GateMutex_Handle__label(void) static
 .text.xdc_runtime_HeapStd_Handle__label__S
                0x00000934       0x18 C:\Users\Shervin\workspace_v6_1\minimal_TivaTM4C129XNCZAD\Debug\configPkg\package\cfg\app_pm4fg.om4fg
                0x00000934                xdc_runtime_HeapStd_Handle__label(void) static
 .text.xdc_runtime_LoggerBuf_Handle__label__S
                0x0000094c       0x18 C:\Users\Shervin\workspace_v6_1\minimal_TivaTM4C129XNCZAD\Debug\configPkg\package\cfg\app_pm4fg.om4fg
                0x0000094c                xdc_runtime_LoggerBuf_Handle__label(void) static
 .text.ti_sysbios_gates_GateHwi_Object__delete__S
                0x00000964       0x24 C:\Users\Shervin\workspace_v6_1\minimal_TivaTM4C129XNCZAD\Debug\configPkg\package\cfg\app_pm4fg.om4fg
                0x00000964                ti_sysbios_gates_GateHwi_Object__delete(void) static
 .text.ti_sysbios_gates_GateMutex_Object__delete__S
                0x00000988       0x28 C:\Users\Shervin\workspace_v6_1\minimal_TivaTM4C129XNCZAD\Debug\configPkg\package\cfg\app_pm4fg.om4fg
                0x00000988                ti_sysbios_gates_GateMutex_Object__delete(void) static
 .text.xdc_runtime_HeapStd_Object__delete__S
                0x000009b0       0x20 C:\Users\Shervin\workspace_v6_1\minimal_TivaTM4C129XNCZAD\Debug\configPkg\package\cfg\app_pm4fg.om4fg
                0x000009b0                xdc_runtime_HeapStd_Object__delete(void) static
 .text.xdc_runtime_LoggerBuf_Object__delete__S
                0x000009d0       0x24 C:\Users\Shervin\workspace_v6_1\minimal_TivaTM4C129XNCZAD\Debug\configPkg\package\cfg\app_pm4fg.om4fg
                0x000009d0                xdc_runtime_LoggerBuf_Object__delete(void) static
 .text.ti_sysbios_gates_GateHwi_Object__create__S
                0x000009f4       0x2c C:\Users\Shervin\workspace_v6_1\minimal_TivaTM4C129XNCZAD\Debug\configPkg\package\cfg\app_pm4fg.om4fg
                0x000009f4                ti_sysbios_gates_GateHwi_Object__create(void) static
 .text.ti_sysbios_gates_GateMutex_Object__create__S
                0x00000a20       0x2c C:\Users\Shervin\workspace_v6_1\minimal_TivaTM4C129XNCZAD\Debug\configPkg\package\cfg\app_pm4fg.om4fg
                0x00000a20                ti_sysbios_gates_GateMutex_Object__create(void) static
 .text.xdc_runtime_HeapStd_Object__create__S
                0x00000a4c       0x50 C:\Users\Shervin\workspace_v6_1\minimal_TivaTM4C129XNCZAD\Debug\configPkg\package\cfg\app_pm4fg.om4fg
                0x00000a4c                xdc_runtime_HeapStd_Object__create(void) static
 .text.xdc_runtime_LoggerBuf_Object__create__S
                0x00000a9c       0x54 C:\Users\Shervin\workspace_v6_1\minimal_TivaTM4C129XNCZAD\Debug\configPkg\package\cfg\app_pm4fg.om4fg
                0x00000a9c                xdc_runtime_LoggerBuf_Object__create(void) static
 .text.ti_sysbios_knl_Clock_doTick__I
                0x00000af0       0x30 C:\Users\Shervin\workspace_v6_1\minimal_TivaTM4C129XNCZAD\Debug\configPkg\package\cfg\app_pm4fg.om4fg
                0x00000af0                ti_sysbios_knl_Clock_doTick(int0_t)
 .text.xdc_runtime_Startup_reset__I
                0x00000b20        0x4 C:\Users\Shervin\workspace_v6_1\minimal_TivaTM4C129XNCZAD\Debug\configPkg\package\cfg\app_pm4fg.om4fg
                0x00000b20                xdc_runtime_Startup_reset(int0_t)
 .text.malloc   0x00000b24        0x4 C:\Users\Shervin\workspace_v6_1\minimal_TivaTM4C129XNCZAD\Debug\configPkg\package\cfg\app_pm4fg.om4fg
                0x00000b24                malloc
 .text.free     0x00000b28        0x4 C:\Users\Shervin\workspace_v6_1\minimal_TivaTM4C129XNCZAD\Debug\configPkg\package\cfg\app_pm4fg.om4fg
                0x00000b28                free
 .text.xdc_runtime_System_printf__E
                0x00000b2c       0x1c C:\Users\Shervin\workspace_v6_1\minimal_TivaTM4C129XNCZAD\Debug\configPkg\package\cfg\app_pm4fg.om4fg
                0x00000b2c                xdc_runtime_System_printf__E
 .text.xdc_runtime_System_aprintf__E
                0x00000b48       0x1c C:\Users\Shervin\workspace_v6_1\minimal_TivaTM4C129XNCZAD\Debug\configPkg\package\cfg\app_pm4fg.om4fg
                0x00000b48                xdc_runtime_System_aprintf__E
 .text.ti_sysbios_hal_Hwi_HwiProxy_Module__startupDone__S
                0x00000b64       0x14 C:\Users\Shervin\workspace_v6_1\minimal_TivaTM4C129XNCZAD\Debug\configPkg\package\cfg\app_pm4fg.om4fg
                0x00000b64                ti_sysbios_hal_Hwi_HwiProxy_Module__startupDone(void) static
 .text.ti_sysbios_hal_Hwi_HwiProxy_getStackInfo__E
                0x00000b78        0x4 C:\Users\Shervin\workspace_v6_1\minimal_TivaTM4C129XNCZAD\Debug\configPkg\package\cfg\app_pm4fg.om4fg
                0x00000b78                ti_sysbios_hal_Hwi_HwiProxy_getStackInfo__E
 .text.ti_sysbios_hal_Hwi_HwiProxy_startup__E
                0x00000b7c        0x4 C:\Users\Shervin\workspace_v6_1\minimal_TivaTM4C129XNCZAD\Debug\configPkg\package\cfg\app_pm4fg.om4fg
                0x00000b7c                ti_sysbios_hal_Hwi_HwiProxy_startup__E
 .text.ti_sysbios_hal_Hwi_HwiProxy_switchFromBootStack__E
                0x00000b80        0x4 C:\Users\Shervin\workspace_v6_1\minimal_TivaTM4C129XNCZAD\Debug\configPkg\package\cfg\app_pm4fg.om4fg
                0x00000b80                ti_sysbios_hal_Hwi_HwiProxy_switchFromBootStack__E
 .text.ti_sysbios_knl_Clock_TimerProxy_Module__startupDone__S
                0x00000b84       0x14 C:\Users\Shervin\workspace_v6_1\minimal_TivaTM4C129XNCZAD\Debug\configPkg\package\cfg\app_pm4fg.om4fg
                0x00000b84                ti_sysbios_knl_Clock_TimerProxy_Module__startupDone(void) static
 .text.ti_sysbios_knl_Clock_TimerProxy_getMaxTicks__E
                0x00000b98        0x4 C:\Users\Shervin\workspace_v6_1\minimal_TivaTM4C129XNCZAD\Debug\configPkg\package\cfg\app_pm4fg.om4fg
                0x00000b98                ti_sysbios_knl_Clock_TimerProxy_getMaxTicks__E
 .text.ti_sysbios_knl_Clock_TimerProxy_getPeriod__E
                0x00000b9c        0x4 C:\Users\Shervin\workspace_v6_1\minimal_TivaTM4C129XNCZAD\Debug\configPkg\package\cfg\app_pm4fg.om4fg
                0x00000b9c                ti_sysbios_knl_Clock_TimerProxy_getPeriod__E
 .text.ti_sysbios_knl_Task_SupportProxy_Module__startupDone__S
                0x00000ba0        0x4 C:\Users\Shervin\workspace_v6_1\minimal_TivaTM4C129XNCZAD\Debug\configPkg\package\cfg\app_pm4fg.om4fg
                0x00000ba0                ti_sysbios_knl_Task_SupportProxy_Module__startupDone(void) static
 .text.ti_sysbios_knl_Task_SupportProxy_start__E
                0x00000ba4        0x4 C:\Users\Shervin\workspace_v6_1\minimal_TivaTM4C129XNCZAD\Debug\configPkg\package\cfg\app_pm4fg.om4fg
                0x00000ba4                ti_sysbios_knl_Task_SupportProxy_start__E
 .text.ti_sysbios_knl_Task_SupportProxy_swap__E
                0x00000ba8        0x4 C:\Users\Shervin\workspace_v6_1\minimal_TivaTM4C129XNCZAD\Debug\configPkg\package\cfg\app_pm4fg.om4fg
                0x00000ba8                ti_sysbios_knl_Task_SupportProxy_swap__E
 .text.ti_sysbios_knl_Task_SupportProxy_checkStack__E
                0x00000bac        0x4 C:\Users\Shervin\workspace_v6_1\minimal_TivaTM4C129XNCZAD\Debug\configPkg\package\cfg\app_pm4fg.om4fg
                0x00000bac                ti_sysbios_knl_Task_SupportProxy_checkStack__E
 .text.xdc_runtime_LoggerBuf_Module_GateProxy_enter__E
                0x00000bb0        0x4 C:\Users\Shervin\workspace_v6_1\minimal_TivaTM4C129XNCZAD\Debug\configPkg\package\cfg\app_pm4fg.om4fg
                0x00000bb0                xdc_runtime_LoggerBuf_Module_GateProxy_enter__E
 .text.xdc_runtime_LoggerBuf_Module_GateProxy_leave__E
                0x00000bb4        0x4 C:\Users\Shervin\workspace_v6_1\minimal_TivaTM4C129XNCZAD\Debug\configPkg\package\cfg\app_pm4fg.om4fg
                0x00000bb4                xdc_runtime_LoggerBuf_Module_GateProxy_leave__E
 .text.xdc_runtime_LoggerBuf_TimestampProxy_get64__E
                0x00000bb8        0x4 C:\Users\Shervin\workspace_v6_1\minimal_TivaTM4C129XNCZAD\Debug\configPkg\package\cfg\app_pm4fg.om4fg
                0x00000bb8                xdc_runtime_LoggerBuf_TimestampProxy_get64__E
 .text.xdc_runtime_Memory_HeapProxy_alloc__E
                0x00000bbc        0xc C:\Users\Shervin\workspace_v6_1\minimal_TivaTM4C129XNCZAD\Debug\configPkg\package\cfg\app_pm4fg.om4fg
                0x00000bbc                xdc_runtime_Memory_HeapProxy_alloc__E
 .text.xdc_runtime_Memory_HeapProxy_free__E
                0x00000bc8        0xc C:\Users\Shervin\workspace_v6_1\minimal_TivaTM4C129XNCZAD\Debug\configPkg\package\cfg\app_pm4fg.om4fg
                0x00000bc8                xdc_runtime_Memory_HeapProxy_free__E
 .text.xdc_runtime_System_Module_GateProxy_enter__E
                0x00000bd4        0x4 C:\Users\Shervin\workspace_v6_1\minimal_TivaTM4C129XNCZAD\Debug\configPkg\package\cfg\app_pm4fg.om4fg
                0x00000bd4                xdc_runtime_System_Module_GateProxy_enter__E
 .text.xdc_runtime_System_Module_GateProxy_leave__E
                0x00000bd8        0x4 C:\Users\Shervin\workspace_v6_1\minimal_TivaTM4C129XNCZAD\Debug\configPkg\package\cfg\app_pm4fg.om4fg
                0x00000bd8                xdc_runtime_System_Module_GateProxy_leave__E
 .text.xdc_runtime_System_SupportProxy_abort__E
                0x00000bdc        0x4 C:\Users\Shervin\workspace_v6_1\minimal_TivaTM4C129XNCZAD\Debug\configPkg\package\cfg\app_pm4fg.om4fg
                0x00000bdc                xdc_runtime_System_SupportProxy_abort__E
 .text.xdc_runtime_System_SupportProxy_exit__E
                0x00000be0        0x4 C:\Users\Shervin\workspace_v6_1\minimal_TivaTM4C129XNCZAD\Debug\configPkg\package\cfg\app_pm4fg.om4fg
                0x00000be0                xdc_runtime_System_SupportProxy_exit__E
 .text.xdc_runtime_System_SupportProxy_putch__E
                0x00000be4        0x4 C:\Users\Shervin\workspace_v6_1\minimal_TivaTM4C129XNCZAD\Debug\configPkg\package\cfg\app_pm4fg.om4fg
                0x00000be4                xdc_runtime_System_SupportProxy_putch__E
 .text.xdc_runtime_System_SupportProxy_ready__E
                0x00000be8        0x4 C:\Users\Shervin\workspace_v6_1\minimal_TivaTM4C129XNCZAD\Debug\configPkg\package\cfg\app_pm4fg.om4fg
                0x00000be8                xdc_runtime_System_SupportProxy_ready__E
 .text.ti_sysbios_family_arm_m3_Hwi_Handle__label__S
                0x00000bec       0x18 C:\Users\Shervin\workspace_v6_1\minimal_TivaTM4C129XNCZAD\Debug\configPkg\package\cfg\app_pm4fg.om4fg
                0x00000bec                ti_sysbios_family_arm_m3_Hwi_Handle__label(void) static
 .text.ti_sysbios_family_arm_m3_Hwi_Object__get__S
                0x00000c04       0x1c C:\Users\Shervin\workspace_v6_1\minimal_TivaTM4C129XNCZAD\Debug\configPkg\package\cfg\app_pm4fg.om4fg
                0x00000c04                ti_sysbios_family_arm_m3_Hwi_Object__get(void) static
 .text.ti_sysbios_knl_Queue_Object__get__S
                0x00000c20        0x8 C:\Users\Shervin\workspace_v6_1\minimal_TivaTM4C129XNCZAD\Debug\configPkg\package\cfg\app_pm4fg.om4fg
                0x00000c20                ti_sysbios_knl_Queue_Object__get(void) static
 .text.ti_sysbios_knl_Queue_construct
                0x00000c28       0x2c C:\Users\Shervin\workspace_v6_1\minimal_TivaTM4C129XNCZAD\Debug\configPkg\package\cfg\app_pm4fg.om4fg
                0x00000c28                ti_sysbios_knl_Queue_construct
 .text.ti_sysbios_knl_Queue_destruct
                0x00000c54       0x20 C:\Users\Shervin\workspace_v6_1\minimal_TivaTM4C129XNCZAD\Debug\configPkg\package\cfg\app_pm4fg.om4fg
                0x00000c54                ti_sysbios_knl_Queue_destruct
 .text.ti_sysbios_knl_Semaphore_construct
                0x00000c74       0x30 C:\Users\Shervin\workspace_v6_1\minimal_TivaTM4C129XNCZAD\Debug\configPkg\package\cfg\app_pm4fg.om4fg
                0x00000c74                ti_sysbios_knl_Semaphore_construct
 .text.ti_sysbios_knl_Semaphore_destruct
                0x00000ca4       0x24 C:\Users\Shervin\workspace_v6_1\minimal_TivaTM4C129XNCZAD\Debug\configPkg\package\cfg\app_pm4fg.om4fg
                0x00000ca4                ti_sysbios_knl_Semaphore_destruct
 .text.ti_sysbios_knl_Swi_Handle__label__S
                0x00000cc8       0x18 C:\Users\Shervin\workspace_v6_1\minimal_TivaTM4C129XNCZAD\Debug\configPkg\package\cfg\app_pm4fg.om4fg
                0x00000cc8                ti_sysbios_knl_Swi_Handle__label(void) static
 .text.ti_sysbios_knl_Swi_Object__get__S
                0x00000ce0       0x1c C:\Users\Shervin\workspace_v6_1\minimal_TivaTM4C129XNCZAD\Debug\configPkg\package\cfg\app_pm4fg.om4fg
                0x00000ce0                ti_sysbios_knl_Swi_Object__get(void) static
 .text.ti_sysbios_knl_Task_Handle__label__S
                0x00000cfc       0x18 C:\Users\Shervin\workspace_v6_1\minimal_TivaTM4C129XNCZAD\Debug\configPkg\package\cfg\app_pm4fg.om4fg
                0x00000cfc                ti_sysbios_knl_Task_Handle__label(void) static
 .text.ti_sysbios_knl_Task_Object__get__S
                0x00000d14       0x18 C:\Users\Shervin\workspace_v6_1\minimal_TivaTM4C129XNCZAD\Debug\configPkg\package\cfg\app_pm4fg.om4fg
                0x00000d14                ti_sysbios_knl_Task_Object__get(void) static
 .text.xdc_runtime_LoggerBuf_Object__get__S
                0x00000d2c       0x1c C:\Users\Shervin\workspace_v6_1\minimal_TivaTM4C129XNCZAD\Debug\configPkg\package\cfg\app_pm4fg.om4fg
                0x00000d2c                xdc_runtime_LoggerBuf_Object__get(void) static
 .text.ti_sysbios_BIOS_getThreadType__E
                0x00000d48        0xc C:\Users\Shervin\workspace_v6_1\minimal_TivaTM4C129XNCZAD\src\sysbios\sysbios.am4fg(_BIOS.o)
                0x00000d48                ti_sysbios_BIOS_getThreadType__E
 .text.ti_sysbios_BIOS_setThreadType__E
                0x00000d54       0x10 C:\Users\Shervin\workspace_v6_1\minimal_TivaTM4C129XNCZAD\src\sysbios\sysbios.am4fg(_BIOS.o)
                0x00000d54                ti_sysbios_BIOS_setThreadType__E
 .text.ti_sysbios_BIOS_start__E
                0x00000d64       0x10 C:\Users\Shervin\workspace_v6_1\minimal_TivaTM4C129XNCZAD\src\sysbios\sysbios.am4fg(_BIOS.o)
                0x00000d64                ti_sysbios_BIOS_start__E
 .text.ti_sysbios_BIOS_exit__E
                0x00000d74       0x10 C:\Users\Shervin\workspace_v6_1\minimal_TivaTM4C129XNCZAD\src\sysbios\sysbios.am4fg(_BIOS.o)
                0x00000d74                ti_sysbios_BIOS_exit__E
 .text.ti_sysbios_knl_Clock_Module_startup__E
                0x00000d84       0x24 C:\Users\Shervin\workspace_v6_1\minimal_TivaTM4C129XNCZAD\src\sysbios\sysbios.am4fg(knl_Clock.o)
                0x00000d84                ti_sysbios_knl_Clock_Module_startup__E
 .text.ti_sysbios_knl_Clock_getCompletedTicks__E
                0x00000da8        0xc C:\Users\Shervin\workspace_v6_1\minimal_TivaTM4C129XNCZAD\src\sysbios\sysbios.am4fg(knl_Clock.o)
                0x00000da8                ti_sysbios_knl_Clock_getCompletedTicks__E
 .text.ti_sysbios_knl_Clock_getTickPeriod__E
                0x00000db4        0xc C:\Users\Shervin\workspace_v6_1\minimal_TivaTM4C129XNCZAD\src\sysbios\sysbios.am4fg(knl_Clock.o)
                0x00000db4                ti_sysbios_knl_Clock_getTickPeriod__E
 .text.ti_sysbios_knl_Clock_workFunc__E
                0x00000dc0       0x94 C:\Users\Shervin\workspace_v6_1\minimal_TivaTM4C129XNCZAD\src\sysbios\sysbios.am4fg(knl_Clock.o)
                0x00000dc0                ti_sysbios_knl_Clock_workFunc__E
 .text.ti_sysbios_knl_Clock_addI__E
                0x00000e54       0x28 C:\Users\Shervin\workspace_v6_1\minimal_TivaTM4C129XNCZAD\src\sysbios\sysbios.am4fg(knl_Clock.o)
                0x00000e54                ti_sysbios_knl_Clock_addI__E
 .text.ti_sysbios_knl_Clock_removeI__E
                0x00000e7c        0x4 C:\Users\Shervin\workspace_v6_1\minimal_TivaTM4C129XNCZAD\src\sysbios\sysbios.am4fg(knl_Clock.o)
                0x00000e7c                ti_sysbios_knl_Clock_removeI__E
 .text.ti_sysbios_knl_Clock_startI__E
                0x00000e80       0x14 C:\Users\Shervin\workspace_v6_1\minimal_TivaTM4C129XNCZAD\src\sysbios\sysbios.am4fg(knl_Clock.o)
                0x00000e80                ti_sysbios_knl_Clock_startI__E
 .text.ti_sysbios_knl_Clock_stop__E
                0x00000e94        0x8 C:\Users\Shervin\workspace_v6_1\minimal_TivaTM4C129XNCZAD\src\sysbios\sysbios.am4fg(knl_Clock.o)
                0x00000e94                ti_sysbios_knl_Clock_stop__E
 .text.ti_sysbios_knl_Clock_logTick__E
                0x00000e9c        0x4 C:\Users\Shervin\workspace_v6_1\minimal_TivaTM4C129XNCZAD\src\sysbios\sysbios.am4fg(knl_Clock.o)
                0x00000e9c                ti_sysbios_knl_Clock_logTick__E
 .text.ti_sysbios_knl_Idle_loop__E
                0x00000ea0       0x20 C:\Users\Shervin\workspace_v6_1\minimal_TivaTM4C129XNCZAD\src\sysbios\sysbios.am4fg(knl_Idle.o)
                0x00000ea0                ti_sysbios_knl_Idle_loop__E
 .text.ti_sysbios_knl_Idle_run__E
                0x00000ec0       0x24 C:\Users\Shervin\workspace_v6_1\minimal_TivaTM4C129XNCZAD\src\sysbios\sysbios.am4fg(knl_Idle.o)
                0x00000ec0                ti_sysbios_knl_Idle_run__E
 .text.ti_sysbios_knl_Queue_Instance_init__E
                0x00000ee4        0x8 C:\Users\Shervin\workspace_v6_1\minimal_TivaTM4C129XNCZAD\src\sysbios\sysbios.am4fg(knl_Queue.o)
                0x00000ee4                ti_sysbios_knl_Queue_Instance_init__E
 .text.ti_sysbios_knl_Queue_dequeue__E
                0x00000eec        0xc C:\Users\Shervin\workspace_v6_1\minimal_TivaTM4C129XNCZAD\src\sysbios\sysbios.am4fg(knl_Queue.o)
                0x00000eec                ti_sysbios_knl_Queue_dequeue__E
 .text.ti_sysbios_knl_Queue_empty__E
                0x00000ef8        0xc C:\Users\Shervin\workspace_v6_1\minimal_TivaTM4C129XNCZAD\src\sysbios\sysbios.am4fg(knl_Queue.o)
                0x00000ef8                ti_sysbios_knl_Queue_empty__E
 .text.ti_sysbios_knl_Queue_enqueue__E
                0x00000f04        0xc C:\Users\Shervin\workspace_v6_1\minimal_TivaTM4C129XNCZAD\src\sysbios\sysbios.am4fg(knl_Queue.o)
                0x00000f04                ti_sysbios_knl_Queue_enqueue__E
 .text.ti_sysbios_knl_Queue_head__E
                0x00000f10        0x4 C:\Users\Shervin\workspace_v6_1\minimal_TivaTM4C129XNCZAD\src\sysbios\sysbios.am4fg(knl_Queue.o)
                0x00000f10                ti_sysbios_knl_Queue_head__E
 .text.ti_sysbios_knl_Queue_elemClear__E
                0x00000f14        0x8 C:\Users\Shervin\workspace_v6_1\minimal_TivaTM4C129XNCZAD\src\sysbios\sysbios.am4fg(knl_Queue.o)
                0x00000f14                ti_sysbios_knl_Queue_elemClear__E
 .text.ti_sysbios_knl_Queue_insert__E
                0x00000f1c        0xc C:\Users\Shervin\workspace_v6_1\minimal_TivaTM4C129XNCZAD\src\sysbios\sysbios.am4fg(knl_Queue.o)
                0x00000f1c                ti_sysbios_knl_Queue_insert__E
 .text.ti_sysbios_knl_Queue_next__E
                0x00000f28        0x4 C:\Users\Shervin\workspace_v6_1\minimal_TivaTM4C129XNCZAD\src\sysbios\sysbios.am4fg(knl_Queue.o)
                0x00000f28                ti_sysbios_knl_Queue_next__E
 .text.ti_sysbios_knl_Queue_put__E
                0x00000f2c       0x1c C:\Users\Shervin\workspace_v6_1\minimal_TivaTM4C129XNCZAD\src\sysbios\sysbios.am4fg(knl_Queue.o)
                0x00000f2c                ti_sysbios_knl_Queue_put__E
 .text.ti_sysbios_knl_Queue_remove__E
                0x00000f48       0x10 C:\Users\Shervin\workspace_v6_1\minimal_TivaTM4C129XNCZAD\src\sysbios\sysbios.am4fg(knl_Queue.o)
                0x00000f48                ti_sysbios_knl_Queue_remove__E
 .text.ti_sysbios_knl_Semaphore_pendTimeout__I
                0x00000f58       0x30 C:\Users\Shervin\workspace_v6_1\minimal_TivaTM4C129XNCZAD\src\sysbios\sysbios.am4fg(knl_Semaphore.o)
                0x00000f58                ti_sysbios_knl_Semaphore_pendTimeout(int0_t)
 .text.ti_sysbios_knl_Semaphore_Instance_init__E
                0x00000f88       0x9c C:\Users\Shervin\workspace_v6_1\minimal_TivaTM4C129XNCZAD\src\sysbios\sysbios.am4fg(knl_Semaphore.o)
                0x00000f88                ti_sysbios_knl_Semaphore_Instance_init__E
 .text.ti_sysbios_knl_Semaphore_Instance_finalize__E
                0x00001024       0x10 C:\Users\Shervin\workspace_v6_1\minimal_TivaTM4C129XNCZAD\src\sysbios\sysbios.am4fg(knl_Semaphore.o)
                0x00001024                ti_sysbios_knl_Semaphore_Instance_finalize__E
 .text.ti_sysbios_knl_Semaphore_pend__E
                0x00001034      0x2b0 C:\Users\Shervin\workspace_v6_1\minimal_TivaTM4C129XNCZAD\src\sysbios\sysbios.am4fg(knl_Semaphore.o)
                0x00001034                ti_sysbios_knl_Semaphore_pend__E
 .text.ti_sysbios_knl_Semaphore_post__E
                0x000012e4       0xec C:\Users\Shervin\workspace_v6_1\minimal_TivaTM4C129XNCZAD\src\sysbios\sysbios.am4fg(knl_Semaphore.o)
                0x000012e4                ti_sysbios_knl_Semaphore_post__E
 .text.ti_sysbios_knl_Swi_runLoop__I
                0x000013d0       0xc4 C:\Users\Shervin\workspace_v6_1\minimal_TivaTM4C129XNCZAD\src\sysbios\sysbios.am4fg(knl_Swi.o)
                0x000013d0                ti_sysbios_knl_Swi_runLoop(int0_t)
 .text.ti_sysbios_knl_Swi_Module_startup__E
                0x00001494       0x24 C:\Users\Shervin\workspace_v6_1\minimal_TivaTM4C129XNCZAD\src\sysbios\sysbios.am4fg(knl_Swi.o)
                0x00001494                ti_sysbios_knl_Swi_Module_startup__E
 .text.ti_sysbios_knl_Swi_startup__E
                0x000014b8       0x88 C:\Users\Shervin\workspace_v6_1\minimal_TivaTM4C129XNCZAD\src\sysbios\sysbios.am4fg(knl_Swi.o)
                0x000014b8                ti_sysbios_knl_Swi_startup__E
 .text.ti_sysbios_knl_Swi_enabled__E
                0x00001540       0x14 C:\Users\Shervin\workspace_v6_1\minimal_TivaTM4C129XNCZAD\src\sysbios\sysbios.am4fg(knl_Swi.o)
                0x00001540                ti_sysbios_knl_Swi_enabled__E
 .text.ti_sysbios_knl_Swi_disable__E
                0x00001554       0x14 C:\Users\Shervin\workspace_v6_1\minimal_TivaTM4C129XNCZAD\src\sysbios\sysbios.am4fg(knl_Swi.o)
                0x00001554                ti_sysbios_knl_Swi_disable__E
 .text.ti_sysbios_knl_Swi_restoreHwi__E
                0x00001568       0xd0 C:\Users\Shervin\workspace_v6_1\minimal_TivaTM4C129XNCZAD\src\sysbios\sysbios.am4fg(knl_Swi.o)
                0x00001568                ti_sysbios_knl_Swi_restoreHwi__E
 .text.ti_sysbios_knl_Swi_self__E
                0x00001638        0xc C:\Users\Shervin\workspace_v6_1\minimal_TivaTM4C129XNCZAD\src\sysbios\sysbios.am4fg(knl_Swi.o)
                0x00001638                ti_sysbios_knl_Swi_self__E
 .text.ti_sysbios_knl_Swi_post__E
                0x00001644       0x8c C:\Users\Shervin\workspace_v6_1\minimal_TivaTM4C129XNCZAD\src\sysbios\sysbios.am4fg(knl_Swi.o)
                0x00001644                ti_sysbios_knl_Swi_post__E
 .text.ti_sysbios_knl_Task_sleepTimeout__I
                0x000016d0       0x4c C:\Users\Shervin\workspace_v6_1\minimal_TivaTM4C129XNCZAD\src\sysbios\sysbios.am4fg(knl_Task.o)
                0x000016d0                ti_sysbios_knl_Task_sleepTimeout(int0_t)
 .text.ti_sysbios_knl_Task_schedule__I
                0x0000171c      0x190 C:\Users\Shervin\workspace_v6_1\minimal_TivaTM4C129XNCZAD\src\sysbios\sysbios.am4fg(knl_Task.o)
                0x0000171c                ti_sysbios_knl_Task_schedule(int0_t)
 .text.ti_sysbios_knl_Task_enter__I
                0x000018ac       0x24 C:\Users\Shervin\workspace_v6_1\minimal_TivaTM4C129XNCZAD\src\sysbios\sysbios.am4fg(knl_Task.o)
                0x000018ac                ti_sysbios_knl_Task_enter(int0_t)
 .text.ti_sysbios_knl_Task_exit__E
                0x000018d0       0xd0 C:\Users\Shervin\workspace_v6_1\minimal_TivaTM4C129XNCZAD\src\sysbios\sysbios.am4fg(knl_Task.o)
                0x000018d0                ti_sysbios_knl_Task_exit__E
 .text.ti_sysbios_knl_Task_Module_startup__E
                0x000019a0      0x22c C:\Users\Shervin\workspace_v6_1\minimal_TivaTM4C129XNCZAD\src\sysbios\sysbios.am4fg(knl_Task.o)
                0x000019a0                ti_sysbios_knl_Task_Module_startup__E
 .text.ti_sysbios_knl_Task_startCore__E
                0x00001bcc       0xcc C:\Users\Shervin\workspace_v6_1\minimal_TivaTM4C129XNCZAD\src\sysbios\sysbios.am4fg(knl_Task.o)
                0x00001bcc                ti_sysbios_knl_Task_startCore__E
 .text.ti_sysbios_knl_Task_startup__E
                0x00001c98        0x8 C:\Users\Shervin\workspace_v6_1\minimal_TivaTM4C129XNCZAD\src\sysbios\sysbios.am4fg(knl_Task.o)
                0x00001c98                ti_sysbios_knl_Task_startup__E
 .text.ti_sysbios_knl_Task_enabled__E
                0x00001ca0       0x20 C:\Users\Shervin\workspace_v6_1\minimal_TivaTM4C129XNCZAD\src\sysbios\sysbios.am4fg(knl_Task.o)
                0x00001ca0                ti_sysbios_knl_Task_enabled__E
 .text.ti_sysbios_knl_Task_disable__E
                0x00001cc0       0x14 C:\Users\Shervin\workspace_v6_1\minimal_TivaTM4C129XNCZAD\src\sysbios\sysbios.am4fg(knl_Task.o)
                0x00001cc0                ti_sysbios_knl_Task_disable__E
 .text.ti_sysbios_knl_Task_restore__E
                0x00001cd4       0x3c C:\Users\Shervin\workspace_v6_1\minimal_TivaTM4C129XNCZAD\src\sysbios\sysbios.am4fg(knl_Task.o)
                0x00001cd4                ti_sysbios_knl_Task_restore__E
 .text.ti_sysbios_knl_Task_restoreHwi__E
                0x00001d10       0x24 C:\Users\Shervin\workspace_v6_1\minimal_TivaTM4C129XNCZAD\src\sysbios\sysbios.am4fg(knl_Task.o)
                0x00001d10                ti_sysbios_knl_Task_restoreHwi__E
 .text.ti_sysbios_knl_Task_self__E
                0x00001d34        0xc C:\Users\Shervin\workspace_v6_1\minimal_TivaTM4C129XNCZAD\src\sysbios\sysbios.am4fg(knl_Task.o)
                0x00001d34                ti_sysbios_knl_Task_self__E
 .text.ti_sysbios_knl_Task_sleep__E
                0x00001d40      0x1fc C:\Users\Shervin\workspace_v6_1\minimal_TivaTM4C129XNCZAD\src\sysbios\sysbios.am4fg(knl_Task.o)
                0x00001d40                ti_sysbios_knl_Task_sleep__E
 .text.ti_sysbios_knl_Task_getPri__E
                0x00001f3c        0x4 C:\Users\Shervin\workspace_v6_1\minimal_TivaTM4C129XNCZAD\src\sysbios\sysbios.am4fg(knl_Task.o)
                0x00001f3c                ti_sysbios_knl_Task_getPri__E
 .text.ti_sysbios_knl_Task_blockI__E
                0x00001f40       0x4c C:\Users\Shervin\workspace_v6_1\minimal_TivaTM4C129XNCZAD\src\sysbios\sysbios.am4fg(knl_Task.o)
                0x00001f40                ti_sysbios_knl_Task_blockI__E
 .text.ti_sysbios_knl_Task_unblockI__E
                0x00001f8c       0x3c C:\Users\Shervin\workspace_v6_1\minimal_TivaTM4C129XNCZAD\src\sysbios\sysbios.am4fg(knl_Task.o)
                0x00001f8c                ti_sysbios_knl_Task_unblockI__E
 .text.ti_sysbios_hal_Hwi_Module_startup__E
                0x00001fc8       0x10 C:\Users\Shervin\workspace_v6_1\minimal_TivaTM4C129XNCZAD\src\sysbios\sysbios.am4fg(hal_Hwi.o)
                0x00001fc8                ti_sysbios_hal_Hwi_Module_startup__E
 .text.ti_sysbios_hal_Hwi_getStackInfo__E
                0x00001fd8        0x4 C:\Users\Shervin\workspace_v6_1\minimal_TivaTM4C129XNCZAD\src\sysbios\sysbios.am4fg(hal_Hwi.o)
                0x00001fd8                ti_sysbios_hal_Hwi_getStackInfo__E
 .text.ti_sysbios_hal_Hwi_switchFromBootStack__E
                0x00001fdc        0x4 C:\Users\Shervin\workspace_v6_1\minimal_TivaTM4C129XNCZAD\src\sysbios\sysbios.am4fg(hal_Hwi.o)
                0x00001fdc                ti_sysbios_hal_Hwi_switchFromBootStack__E
 .text.ti_sysbios_hal_Hwi_initStack
                0x00001fe0       0x24 C:\Users\Shervin\workspace_v6_1\minimal_TivaTM4C129XNCZAD\src\sysbios\sysbios.am4fg(hal_Hwi_stack.o)
                0x00001fe0                ti_sysbios_hal_Hwi_initStack
 .text.ti_sysbios_hal_Hwi_checkStack
                0x00002004       0x38 C:\Users\Shervin\workspace_v6_1\minimal_TivaTM4C129XNCZAD\src\sysbios\sysbios.am4fg(hal_Hwi_stack.o)
                0x00002004                ti_sysbios_hal_Hwi_checkStack
 .text.ti_sysbios_hal_Hwi_startup__E
                0x0000203c        0x4 C:\Users\Shervin\workspace_v6_1\minimal_TivaTM4C129XNCZAD\src\sysbios\sysbios.am4fg(hal_Hwi_startup.o)
                0x0000203c                ti_sysbios_hal_Hwi_startup__E
 .text.ti_sysbios_gates_GateHwi_Instance_init__E
                0x00002040        0x4 C:\Users\Shervin\workspace_v6_1\minimal_TivaTM4C129XNCZAD\src\sysbios\sysbios.am4fg(gates_GateHwi.o)
                0x00002040                ti_sysbios_gates_GateHwi_Instance_init__E
 .text.ti_sysbios_gates_GateHwi_enter__E
                0x00002044        0xc C:\Users\Shervin\workspace_v6_1\minimal_TivaTM4C129XNCZAD\src\sysbios\sysbios.am4fg(gates_GateHwi.o)
                0x00002044                ti_sysbios_gates_GateHwi_enter__E
 .text.ti_sysbios_gates_GateHwi_leave__E
                0x00002050        0x8 C:\Users\Shervin\workspace_v6_1\minimal_TivaTM4C129XNCZAD\src\sysbios\sysbios.am4fg(gates_GateHwi.o)
                0x00002050                ti_sysbios_gates_GateHwi_leave__E
 .text.ti_sysbios_gates_GateHwi_query__E
                0x00002058        0x4 C:\Users\Shervin\workspace_v6_1\minimal_TivaTM4C129XNCZAD\src\sysbios\sysbios.am4fg(gates_GateHwi.o)
                0x00002058                ti_sysbios_gates_GateHwi_query__E
 .text.ti_sysbios_gates_GateMutex_Instance_init__E
                0x0000205c       0x1c C:\Users\Shervin\workspace_v6_1\minimal_TivaTM4C129XNCZAD\src\sysbios\sysbios.am4fg(gates_GateMutex.o)
                0x0000205c                ti_sysbios_gates_GateMutex_Instance_init__E
 .text.ti_sysbios_gates_GateMutex_Instance_finalize__E
                0x00002078       0x10 C:\Users\Shervin\workspace_v6_1\minimal_TivaTM4C129XNCZAD\src\sysbios\sysbios.am4fg(gates_GateMutex.o)
                0x00002078                ti_sysbios_gates_GateMutex_Instance_finalize__E
 .text.ti_sysbios_gates_GateMutex_enter__E
                0x00002088       0xc0 C:\Users\Shervin\workspace_v6_1\minimal_TivaTM4C129XNCZAD\src\sysbios\sysbios.am4fg(gates_GateMutex.o)
                0x00002088                ti_sysbios_gates_GateMutex_enter__E
 .text.ti_sysbios_gates_GateMutex_leave__E
                0x00002148       0x14 C:\Users\Shervin\workspace_v6_1\minimal_TivaTM4C129XNCZAD\src\sysbios\sysbios.am4fg(gates_GateMutex.o)
                0x00002148                ti_sysbios_gates_GateMutex_leave__E
 .text.ti_sysbios_gates_GateMutex_query__E
                0x0000215c        0x4 C:\Users\Shervin\workspace_v6_1\minimal_TivaTM4C129XNCZAD\src\sysbios\sysbios.am4fg(gates_GateMutex.o)
                0x0000215c                ti_sysbios_gates_GateMutex_query__E
 .text.ti_sysbios_family_arm_m3_Hwi_Module_startup__E
                0x00002160      0x114 C:\Users\Shervin\workspace_v6_1\minimal_TivaTM4C129XNCZAD\src\sysbios\sysbios.am4fg(m3_Hwi.o)
                0x00002160                ti_sysbios_family_arm_m3_Hwi_Module_startup__E
 .text.ti_sysbios_family_arm_m3_Hwi_initNVIC__E
                0x00002274       0x94 C:\Users\Shervin\workspace_v6_1\minimal_TivaTM4C129XNCZAD\src\sysbios\sysbios.am4fg(m3_Hwi.o)
                0x00002274                ti_sysbios_family_arm_m3_Hwi_initNVIC__E
 .text.ti_sysbios_family_arm_m3_Hwi_startup__E
                0x00002308       0x10 C:\Users\Shervin\workspace_v6_1\minimal_TivaTM4C129XNCZAD\src\sysbios\sysbios.am4fg(m3_Hwi.o)
                0x00002308                ti_sysbios_family_arm_m3_Hwi_startup__E
 .text.ti_sysbios_family_arm_m3_Hwi_disableInterrupt__E
                0x00002318       0x58 C:\Users\Shervin\workspace_v6_1\minimal_TivaTM4C129XNCZAD\src\sysbios\sysbios.am4fg(m3_Hwi.o)
                0x00002318                ti_sysbios_family_arm_m3_Hwi_disableInterrupt__E
 .text.ti_sysbios_family_arm_m3_Hwi_enableInterrupt__E
                0x00002370       0x54 C:\Users\Shervin\workspace_v6_1\minimal_TivaTM4C129XNCZAD\src\sysbios\sysbios.am4fg(m3_Hwi.o)
                0x00002370                ti_sysbios_family_arm_m3_Hwi_enableInterrupt__E
 .text.ti_sysbios_family_arm_m3_Hwi_clearInterrupt__E
                0x000023c4       0x20 C:\Users\Shervin\workspace_v6_1\minimal_TivaTM4C129XNCZAD\src\sysbios\sysbios.am4fg(m3_Hwi.o)
                0x000023c4                ti_sysbios_family_arm_m3_Hwi_clearInterrupt__E
 .text.ti_sysbios_family_arm_m3_Hwi_switchFromBootStack__E
                0x000023e4       0x1c C:\Users\Shervin\workspace_v6_1\minimal_TivaTM4C129XNCZAD\src\sysbios\sysbios.am4fg(m3_Hwi.o)
                0x000023e4                ti_sysbios_family_arm_m3_Hwi_switchFromBootStack__E
 .text.ti_sysbios_family_arm_m3_Hwi_getStackInfo__E
                0x00002400       0x40 C:\Users\Shervin\workspace_v6_1\minimal_TivaTM4C129XNCZAD\src\sysbios\sysbios.am4fg(m3_Hwi.o)
                0x00002400                ti_sysbios_family_arm_m3_Hwi_getStackInfo__E
 .text.ti_sysbios_family_arm_m3_Hwi_excHandler__I
                0x00002440       0x20 C:\Users\Shervin\workspace_v6_1\minimal_TivaTM4C129XNCZAD\src\sysbios\sysbios.am4fg(m3_Hwi.o)
                0x00002440                ti_sysbios_family_arm_m3_Hwi_excHandler(int0_t)
 .text.ti_sysbios_family_arm_m3_Hwi_excFillContext__I
                0x00002460      0x1cc C:\Users\Shervin\workspace_v6_1\minimal_TivaTM4C129XNCZAD\src\sysbios\sysbios.am4fg(m3_Hwi.o)
                0x00002460                ti_sysbios_family_arm_m3_Hwi_excFillContext(int0_t)
 .text.ti_sysbios_family_arm_m3_Hwi_excHardFault__I
                0x0000262c      0x2c0 C:\Users\Shervin\workspace_v6_1\minimal_TivaTM4C129XNCZAD\src\sysbios\sysbios.am4fg(m3_Hwi.o)
                0x0000262c                ti_sysbios_family_arm_m3_Hwi_excHardFault(int0_t)
 .text.ti_sysbios_family_arm_m3_Hwi_excDumpRegs__I
                0x000028ec      0x1e8 C:\Users\Shervin\workspace_v6_1\minimal_TivaTM4C129XNCZAD\src\sysbios\sysbios.am4fg(m3_Hwi.o)
                0x000028ec                ti_sysbios_family_arm_m3_Hwi_excDumpRegs(int0_t)
 .text.ti_sysbios_family_arm_m3_Hwi_excHandlerMax__I
                0x00002ad4      0x3a4 C:\Users\Shervin\workspace_v6_1\minimal_TivaTM4C129XNCZAD\src\sysbios\sysbios.am4fg(m3_Hwi.o)
                0x00002ad4                ti_sysbios_family_arm_m3_Hwi_excHandlerMax(int0_t)
 .text.ti_sysbios_family_arm_m3_Hwi_dispatchC__I
                0x00002e78       0x68 C:\Users\Shervin\workspace_v6_1\minimal_TivaTM4C129XNCZAD\src\sysbios\sysbios.am4fg(m3_Hwi.o)
                0x00002e78                ti_sysbios_family_arm_m3_Hwi_dispatchC(int0_t)
 .text.ti_sysbios_family_arm_m3_Hwi_doSwiRestore__I
                0x00002ee0        0x8 C:\Users\Shervin\workspace_v6_1\minimal_TivaTM4C129XNCZAD\src\sysbios\sysbios.am4fg(m3_Hwi.o)
                0x00002ee0                ti_sysbios_family_arm_m3_Hwi_doSwiRestore(int0_t)
 .text.ti_sysbios_family_arm_m3_Hwi_doTaskRestore__I
                0x00002ee8        0x8 C:\Users\Shervin\workspace_v6_1\minimal_TivaTM4C129XNCZAD\src\sysbios\sysbios.am4fg(m3_Hwi.o)
                0x00002ee8                ti_sysbios_family_arm_m3_Hwi_doTaskRestore(int0_t)
 .text.ti_sysbios_family_arm_m3_TaskSupport_start__E
                0x00002ef0       0x44 C:\Users\Shervin\workspace_v6_1\minimal_TivaTM4C129XNCZAD\src\sysbios\sysbios.am4fg(m3_TaskSupport.o)
                0x00002ef0                ti_sysbios_family_arm_m3_TaskSupport_start__E
 .text.ti_sysbios_family_arm_m3_TaskSupport_checkStack__E
                0x00002f34        0xc C:\Users\Shervin\workspace_v6_1\minimal_TivaTM4C129XNCZAD\src\sysbios\sysbios.am4fg(m3_TaskSupport.o)
                0x00002f34                ti_sysbios_family_arm_m3_TaskSupport_checkStack__E
 .text.ti_sysbios_family_arm_lm4_TimestampProvider_Module_startup__E
                0x00002f40        0x8 C:\Users\Shervin\workspace_v6_1\minimal_TivaTM4C129XNCZAD\src\sysbios\sysbios.am4fg(lm4_TimestampProvider.o)
                0x00002f40                ti_sysbios_family_arm_lm4_TimestampProvider_Module_startup__E
 .text.ti_sysbios_family_arm_lm4_TimestampProvider_startTimer__E
                0x00002f48        0xc C:\Users\Shervin\workspace_v6_1\minimal_TivaTM4C129XNCZAD\src\sysbios\sysbios.am4fg(lm4_TimestampProvider.o)
                0x00002f48                ti_sysbios_family_arm_lm4_TimestampProvider_startTimer__E
 .text.ti_sysbios_family_arm_lm4_TimestampProvider_rolloverFunc__E
                0x00002f54       0x10 C:\Users\Shervin\workspace_v6_1\minimal_TivaTM4C129XNCZAD\src\sysbios\sysbios.am4fg(lm4_TimestampProvider.o)
                0x00002f54                ti_sysbios_family_arm_lm4_TimestampProvider_rolloverFunc__E
 .text.ti_sysbios_family_arm_lm4_TimestampProvider_get64__E
                0x00002f64       0x64 C:\Users\Shervin\workspace_v6_1\minimal_TivaTM4C129XNCZAD\src\sysbios\sysbios.am4fg(lm4_TimestampProvider.o)
                0x00002f64                ti_sysbios_family_arm_lm4_TimestampProvider_get64__E
 .text.ti_sysbios_family_arm_lm4_Timer_getMaxTicks__E
                0x00002fc8        0xc C:\Users\Shervin\workspace_v6_1\minimal_TivaTM4C129XNCZAD\src\sysbios\sysbios.am4fg(lm4_Timer.o)
                0x00002fc8                ti_sysbios_family_arm_lm4_Timer_getMaxTicks__E
 .text.ti_sysbios_family_arm_lm4_Timer_getPeriod__E
                0x00002fd4        0x4 C:\Users\Shervin\workspace_v6_1\minimal_TivaTM4C129XNCZAD\src\sysbios\sysbios.am4fg(lm4_Timer.o)
                0x00002fd4                ti_sysbios_family_arm_lm4_Timer_getPeriod__E
 .text.ti_sysbios_family_arm_lm4_Timer_getExpiredCounts64__E
                0x00002fd8       0x94 C:\Users\Shervin\workspace_v6_1\minimal_TivaTM4C129XNCZAD\src\sysbios\sysbios.am4fg(lm4_Timer.o)
                0x00002fd8                ti_sysbios_family_arm_lm4_Timer_getExpiredCounts64__E
 .text.ti_sysbios_family_arm_lm4_Timer_getExpiredCounts__E
                0x0000306c       0x70 C:\Users\Shervin\workspace_v6_1\minimal_TivaTM4C129XNCZAD\src\sysbios\sysbios.am4fg(lm4_Timer.o)
                0x0000306c                ti_sysbios_family_arm_lm4_Timer_getExpiredCounts__E
 .text.ti_sysbios_family_arm_lm4_Timer_masterDisable__I
                0x000030dc        0x8 C:\Users\Shervin\workspace_v6_1\minimal_TivaTM4C129XNCZAD\src\sysbios\sysbios.am4fg(lm4_Timer.o)
                0x000030dc                ti_sysbios_family_arm_lm4_Timer_masterDisable(int0_t)
 .text.ti_sysbios_family_arm_lm4_Timer_masterEnable__I
                0x000030e4        0x4 C:\Users\Shervin\workspace_v6_1\minimal_TivaTM4C129XNCZAD\src\sysbios\sysbios.am4fg(lm4_Timer.o)
                0x000030e4                ti_sysbios_family_arm_lm4_Timer_masterEnable(int0_t)
 .text.ti_sysbios_family_arm_lm4_Timer_isrStub__E
                0x000030e8       0x64 C:\Users\Shervin\workspace_v6_1\minimal_TivaTM4C129XNCZAD\src\sysbios\sysbios.am4fg(lm4_Timer.o)
                0x000030e8                ti_sysbios_family_arm_lm4_Timer_isrStub__E
 .text.ti_sysbios_family_arm_lm4_Timer_enableTimers__I
                0x0000314c       0x9c C:\Users\Shervin\workspace_v6_1\minimal_TivaTM4C129XNCZAD\src\sysbios\sysbios.am4fg(lm4_Timer.o)
                0x0000314c                ti_sysbios_family_arm_lm4_Timer_enableTimers(int0_t)
 .text.ti_sysbios_family_arm_lm4_Timer_Module_startup__E
                0x000031e8       0xb0 C:\Users\Shervin\workspace_v6_1\minimal_TivaTM4C129XNCZAD\src\sysbios\sysbios.am4fg(lm4_Timer.o)
                0x000031e8                ti_sysbios_family_arm_lm4_Timer_Module_startup__E
 .text.ti_sysbios_family_arm_lm4_Timer_start__E
                0x00003298      0x230 C:\Users\Shervin\workspace_v6_1\minimal_TivaTM4C129XNCZAD\src\sysbios\sysbios.am4fg(lm4_Timer.o)
                0x00003298                ti_sysbios_family_arm_lm4_Timer_start__E
 .text.ti_sysbios_family_arm_lm4_Timer_startup__E
                0x000034c8       0x48 C:\Users\Shervin\workspace_v6_1\minimal_TivaTM4C129XNCZAD\src\sysbios\sysbios.am4fg(lm4_Timer.o)
                0x000034c8                ti_sysbios_family_arm_lm4_Timer_startup__E
 .text.ti_sysbios_family_arm_lm4_Timer_enableTiva__I
                0x00003510       0x90 C:\Users\Shervin\workspace_v6_1\minimal_TivaTM4C129XNCZAD\src\sysbios\sysbios.am4fg(lm4_Timer.o)
                0x00003510                ti_sysbios_family_arm_lm4_Timer_enableTiva(int0_t)
 .text.ti_catalog_arm_cortexm4_tiva_ce_Boot_sysCtlClockFreqSet__E
                0x000035a0       0xa0 C:\ti\tirtos_tivac_2_12_01_33\products\bios_6_41_04_54\packages\ti\catalog\arm\cortexm4\tiva\ce\lib\Boot.am4fg(Boot.om4fg)
                0x000035a0                ti_catalog_arm_cortexm4_tiva_ce_Boot_sysCtlClockFreqSet__E
 .text.ti_catalog_arm_cortexm4_tiva_ce_Boot_sysCtlClockFreqSetI__I
                0x00003640      0x2fc C:\ti\tirtos_tivac_2_12_01_33\products\bios_6_41_04_54\packages\ti\catalog\arm\cortexm4\tiva\ce\lib\Boot.am4fg(Boot_sysctl.om4fg)
                0x00003640                ti_catalog_arm_cortexm4_tiva_ce_Boot_sysCtlClockFreqSetI(int0_t)
 .text.xdc_runtime_Assert_raise__I
                0x0000393c       0x54 C:\ti\tirtos_tivac_2_12_01_33\products\bios_6_41_04_54\packages\gnu\targets\arm\rtsv7M\lib\gnu.targets.arm.rtsv7M.am4fg(Assert.om4fg)
                0x0000393c                xdc_runtime_Assert_raise(int0_t)
 .text.xdc_runtime_Core_createObject__I
                0x00003990       0xf0 C:\ti\tirtos_tivac_2_12_01_33\products\bios_6_41_04_54\packages\gnu\targets\arm\rtsv7M\lib\gnu.targets.arm.rtsv7M.am4fg(Core-mem.om4fg)
                0x00003990                xdc_runtime_Core_createObject(int0_t)
 .text.xdc_runtime_Core_deleteObject__I
                0x00003a80       0x60 C:\ti\tirtos_tivac_2_12_01_33\products\bios_6_41_04_54\packages\gnu\targets\arm\rtsv7M\lib\gnu.targets.arm.rtsv7M.am4fg(Core-mem.om4fg)
                0x00003a80                xdc_runtime_Core_deleteObject(int0_t)
 .text.xdc_runtime_Core_constructObject__I
                0x00003ae0       0xbc C:\ti\tirtos_tivac_2_12_01_33\products\bios_6_41_04_54\packages\gnu\targets\arm\rtsv7M\lib\gnu.targets.arm.rtsv7M.am4fg(Core-smem.om4fg)
                0x00003ae0                xdc_runtime_Core_constructObject(int0_t)
 .text.xdc_runtime_Core_assignLabel__I
                0x00003b9c       0x3c C:\ti\tirtos_tivac_2_12_01_33\products\bios_6_41_04_54\packages\gnu\targets\arm\rtsv7M\lib\gnu.targets.arm.rtsv7M.am4fg(Core-label.om4fg)
                0x00003b9c                xdc_runtime_Core_assignLabel(int0_t)
 .text.xdc_runtime_Core_assignParams__I
                0x00003bd8       0x40 C:\ti\tirtos_tivac_2_12_01_33\products\bios_6_41_04_54\packages\gnu\targets\arm\rtsv7M\lib\gnu.targets.arm.rtsv7M.am4fg(Core-params.om4fg)
                0x00003bd8                xdc_runtime_Core_assignParams(int0_t)
 .text.xdc_runtime_Error_init__E
                0x00003c18        0xc C:\ti\tirtos_tivac_2_12_01_33\products\bios_6_41_04_54\packages\gnu\targets\arm\rtsv7M\lib\gnu.targets.arm.rtsv7M.am4fg(Error.om4fg)
                0x00003c18                xdc_runtime_Error_init__E
 .text.xdc_runtime_Error_check__E
                0x00003c24       0x20 C:\ti\tirtos_tivac_2_12_01_33\products\bios_6_41_04_54\packages\gnu\targets\arm\rtsv7M\lib\gnu.targets.arm.rtsv7M.am4fg(Error.om4fg)
                0x00003c24                xdc_runtime_Error_check__E
 .text.xdc_runtime_Error_print__E
                0x00003c44       0x54 C:\ti\tirtos_tivac_2_12_01_33\products\bios_6_41_04_54\packages\gnu\targets\arm\rtsv7M\lib\gnu.targets.arm.rtsv7M.am4fg(Error.om4fg)
                0x00003c44                xdc_runtime_Error_print__E
 .text.xdc_runtime_Error_raiseX__E
                0x00003c98       0x20 C:\ti\tirtos_tivac_2_12_01_33\products\bios_6_41_04_54\packages\gnu\targets\arm\rtsv7M\lib\gnu.targets.arm.rtsv7M.am4fg(Error.om4fg)
                0x00003c98                xdc_runtime_Error_raiseX__E
 .text.xdc_runtime_Error_setX__E
                0x00003cb8       0x48 C:\ti\tirtos_tivac_2_12_01_33\products\bios_6_41_04_54\packages\gnu\targets\arm\rtsv7M\lib\gnu.targets.arm.rtsv7M.am4fg(Error.om4fg)
                0x00003cb8                xdc_runtime_Error_setX__E
 .text.xdc_runtime_Error_policyDefault__E
                0x00003d00      0x100 C:\ti\tirtos_tivac_2_12_01_33\products\bios_6_41_04_54\packages\gnu\targets\arm\rtsv7M\lib\gnu.targets.arm.rtsv7M.am4fg(Error.om4fg)
                0x00003d00                xdc_runtime_Error_policyDefault__E
 .text.xdc_runtime_Gate_enterSystem__E
                0x00003e00        0xc C:\ti\tirtos_tivac_2_12_01_33\products\bios_6_41_04_54\packages\gnu\targets\arm\rtsv7M\lib\gnu.targets.arm.rtsv7M.am4fg(Gate.om4fg)
                0x00003e00                xdc_runtime_Gate_enterSystem__E
 .text.xdc_runtime_Gate_leaveSystem__E
                0x00003e0c       0x10 C:\ti\tirtos_tivac_2_12_01_33\products\bios_6_41_04_54\packages\gnu\targets\arm\rtsv7M\lib\gnu.targets.arm.rtsv7M.am4fg(Gate.om4fg)
                0x00003e0c                xdc_runtime_Gate_leaveSystem__E
 .text.xdc_runtime_HeapStd_Instance_init__E
                0x00003e1c       0xcc C:\ti\tirtos_tivac_2_12_01_33\products\bios_6_41_04_54\packages\gnu\targets\arm\rtsv7M\lib\gnu.targets.arm.rtsv7M.am4fg(HeapStd.om4fg)
                0x00003e1c                xdc_runtime_HeapStd_Instance_init__E
 .text.xdc_runtime_HeapStd_alloc__E
                0x00003ee8      0x168 C:\ti\tirtos_tivac_2_12_01_33\products\bios_6_41_04_54\packages\gnu\targets\arm\rtsv7M\lib\gnu.targets.arm.rtsv7M.am4fg(HeapStd.om4fg)
                0x00003ee8                xdc_runtime_HeapStd_alloc__E
 .text.xdc_runtime_HeapStd_free__E
                0x00004050       0xa8 C:\ti\tirtos_tivac_2_12_01_33\products\bios_6_41_04_54\packages\gnu\targets\arm\rtsv7M\lib\gnu.targets.arm.rtsv7M.am4fg(HeapStd.om4fg)
                0x00004050                xdc_runtime_HeapStd_free__E
 .text.xdc_runtime_HeapStd_isBlocking__E
                0x000040f8        0x4 C:\ti\tirtos_tivac_2_12_01_33\products\bios_6_41_04_54\packages\gnu\targets\arm\rtsv7M\lib\gnu.targets.arm.rtsv7M.am4fg(HeapStd.om4fg)
                0x000040f8                xdc_runtime_HeapStd_isBlocking__E
 .text.xdc_runtime_HeapStd_getStats__E
                0x000040fc       0x10 C:\ti\tirtos_tivac_2_12_01_33\products\bios_6_41_04_54\packages\gnu\targets\arm\rtsv7M\lib\gnu.targets.arm.rtsv7M.am4fg(HeapStd.om4fg)
                0x000040fc                xdc_runtime_HeapStd_getStats__E
 .text.xdc_runtime_LoggerBuf_Instance_finalize__E
                0x0000410c       0x14 C:\ti\tirtos_tivac_2_12_01_33\products\bios_6_41_04_54\packages\gnu\targets\arm\rtsv7M\lib\gnu.targets.arm.rtsv7M.am4fg(LoggerBuf.om4fg)
                0x0000410c                xdc_runtime_LoggerBuf_Instance_finalize__E
 .text.xdc_runtime_LoggerBuf_enable__E
                0x00004120        0xc C:\ti\tirtos_tivac_2_12_01_33\products\bios_6_41_04_54\packages\gnu\targets\arm\rtsv7M\lib\gnu.targets.arm.rtsv7M.am4fg(LoggerBuf.om4fg)
                0x00004120                xdc_runtime_LoggerBuf_enable__E
 .text.xdc_runtime_LoggerBuf_disable__E
                0x0000412c        0xc C:\ti\tirtos_tivac_2_12_01_33\products\bios_6_41_04_54\packages\gnu\targets\arm\rtsv7M\lib\gnu.targets.arm.rtsv7M.am4fg(LoggerBuf.om4fg)
                0x0000412c                xdc_runtime_LoggerBuf_disable__E
 .text.xdc_runtime_LoggerBuf_reset__E
                0x00004138       0x20 C:\ti\tirtos_tivac_2_12_01_33\products\bios_6_41_04_54\packages\gnu\targets\arm\rtsv7M\lib\gnu.targets.arm.rtsv7M.am4fg(LoggerBuf.om4fg)
                0x00004138                xdc_runtime_LoggerBuf_reset__E
 .text.xdc_runtime_LoggerBuf_Module_startup__E
                0x00004158       0x28 C:\ti\tirtos_tivac_2_12_01_33\products\bios_6_41_04_54\packages\gnu\targets\arm\rtsv7M\lib\gnu.targets.arm.rtsv7M.am4fg(LoggerBuf.om4fg)
                0x00004158                xdc_runtime_LoggerBuf_Module_startup__E
 .text.xdc_runtime_LoggerBuf_Instance_init__E
                0x00004180       0x3c C:\ti\tirtos_tivac_2_12_01_33\products\bios_6_41_04_54\packages\gnu\targets\arm\rtsv7M\lib\gnu.targets.arm.rtsv7M.am4fg(LoggerBuf.om4fg)
                0x00004180                xdc_runtime_LoggerBuf_Instance_init__E
 .text.xdc_runtime_LoggerBuf_setFilterLevel__E
                0x000041bc       0x88 C:\ti\tirtos_tivac_2_12_01_33\products\bios_6_41_04_54\packages\gnu\targets\arm\rtsv7M\lib\gnu.targets.arm.rtsv7M.am4fg(LoggerBuf.om4fg)
                0x000041bc                xdc_runtime_LoggerBuf_setFilterLevel__E
 .text.xdc_runtime_LoggerBuf_getFilterLevel__E
                0x00004244       0x78 C:\ti\tirtos_tivac_2_12_01_33\products\bios_6_41_04_54\packages\gnu\targets\arm\rtsv7M\lib\gnu.targets.arm.rtsv7M.am4fg(LoggerBuf.om4fg)
                0x00004244                xdc_runtime_LoggerBuf_getFilterLevel__E
 .text.xdc_runtime_LoggerBuf_filterOutEvent__I
                0x000042bc       0x44 C:\ti\tirtos_tivac_2_12_01_33\products\bios_6_41_04_54\packages\gnu\targets\arm\rtsv7M\lib\gnu.targets.arm.rtsv7M.am4fg(LoggerBuf.om4fg)
                0x000042bc                xdc_runtime_LoggerBuf_filterOutEvent(int0_t)
 .text.xdc_runtime_LoggerBuf_write4__E
                0x00004300       0xd4 C:\ti\tirtos_tivac_2_12_01_33\products\bios_6_41_04_54\packages\gnu\targets\arm\rtsv7M\lib\gnu.targets.arm.rtsv7M.am4fg(LoggerBuf.om4fg)
                0x00004300                xdc_runtime_LoggerBuf_write4__E
 .text.xdc_runtime_LoggerBuf_write0__E
                0x000043d4       0x18 C:\ti\tirtos_tivac_2_12_01_33\products\bios_6_41_04_54\packages\gnu\targets\arm\rtsv7M\lib\gnu.targets.arm.rtsv7M.am4fg(LoggerBuf.om4fg)
                0x000043d4                xdc_runtime_LoggerBuf_write0__E
 .text.xdc_runtime_LoggerBuf_write1__E
                0x000043ec       0x14 C:\ti\tirtos_tivac_2_12_01_33\products\bios_6_41_04_54\packages\gnu\targets\arm\rtsv7M\lib\gnu.targets.arm.rtsv7M.am4fg(LoggerBuf.om4fg)
                0x000043ec                xdc_runtime_LoggerBuf_write1__E
 .text.xdc_runtime_LoggerBuf_write2__E
                0x00004400       0x18 C:\ti\tirtos_tivac_2_12_01_33\products\bios_6_41_04_54\packages\gnu\targets\arm\rtsv7M\lib\gnu.targets.arm.rtsv7M.am4fg(LoggerBuf.om4fg)
                0x00004400                xdc_runtime_LoggerBuf_write2__E
 .text.xdc_runtime_LoggerBuf_write8__E
                0x00004418      0x19c C:\ti\tirtos_tivac_2_12_01_33\products\bios_6_41_04_54\packages\gnu\targets\arm\rtsv7M\lib\gnu.targets.arm.rtsv7M.am4fg(LoggerBuf.om4fg)
                0x00004418                xdc_runtime_LoggerBuf_write8__E
 .text.xdc_runtime_Memory_alloc__E
                0x000045b4       0x80 C:\ti\tirtos_tivac_2_12_01_33\products\bios_6_41_04_54\packages\gnu\targets\arm\rtsv7M\lib\gnu.targets.arm.rtsv7M.am4fg(Memory.om4fg)
                0x000045b4                xdc_runtime_Memory_alloc__E
 .text.xdc_runtime_Memory_getMaxDefaultTypeAlign__E
                0x00004634        0xc C:\ti\tirtos_tivac_2_12_01_33\products\bios_6_41_04_54\packages\gnu\targets\arm\rtsv7M\lib\gnu.targets.arm.rtsv7M.am4fg(Memory.om4fg)
                0x00004634                xdc_runtime_Memory_getMaxDefaultTypeAlign__E
 .text.xdc_runtime_Memory_free__E
                0x00004640       0x14 C:\ti\tirtos_tivac_2_12_01_33\products\bios_6_41_04_54\packages\gnu\targets\arm\rtsv7M\lib\gnu.targets.arm.rtsv7M.am4fg(Memory.om4fg)
                0x00004640                xdc_runtime_Memory_free__E
 .text.xdc_runtime_Memory_valloc__E
                0x00004654       0x1c C:\ti\tirtos_tivac_2_12_01_33\products\bios_6_41_04_54\packages\gnu\targets\arm\rtsv7M\lib\gnu.targets.arm.rtsv7M.am4fg(Memory.om4fg)
                0x00004654                xdc_runtime_Memory_valloc__E
 .text.xdc_runtime_Memory_calloc__E
                0x00004670       0x14 C:\ti\tirtos_tivac_2_12_01_33\products\bios_6_41_04_54\packages\gnu\targets\arm\rtsv7M\lib\gnu.targets.arm.rtsv7M.am4fg(Memory.om4fg)
                0x00004670                xdc_runtime_Memory_calloc__E
 .text.xdc_runtime_Startup_exec__E
                0x00004684       0x5c C:\ti\tirtos_tivac_2_12_01_33\products\bios_6_41_04_54\packages\gnu\targets\arm\rtsv7M\lib\gnu.targets.arm.rtsv7M.am4fg(Startup.om4fg)
                0x00004684                xdc_runtime_Startup_exec__E
 .text.xdc_runtime_Startup_startMods__I
                0x000046e0       0xe8 C:\ti\tirtos_tivac_2_12_01_33\products\bios_6_41_04_54\packages\gnu\targets\arm\rtsv7M\lib\gnu.targets.arm.rtsv7M.am4fg(Startup.om4fg)
                0x000046e0                xdc_runtime_Startup_startMods(int0_t)
 .text.xdc_runtime_System_Module_startup__E
                0x000047c8        0x8 C:\ti\tirtos_tivac_2_12_01_33\products\bios_6_41_04_54\packages\gnu\targets\arm\rtsv7M\lib\gnu.targets.arm.rtsv7M.am4fg(System.om4fg)
                0x000047c8                xdc_runtime_System_Module_startup__E
 .text.xdc_runtime_System_abort__E
                0x000047d0       0x1c C:\ti\tirtos_tivac_2_12_01_33\products\bios_6_41_04_54\packages\gnu\targets\arm\rtsv7M\lib\gnu.targets.arm.rtsv7M.am4fg(System.om4fg)
                0x000047d0                xdc_runtime_System_abort__E
 .text.xdc_runtime_System_atexit__E
                0x000047ec       0x3c C:\ti\tirtos_tivac_2_12_01_33\products\bios_6_41_04_54\packages\gnu\targets\arm\rtsv7M\lib\gnu.targets.arm.rtsv7M.am4fg(System.om4fg)
                0x000047ec                xdc_runtime_System_atexit__E
 .text.xdc_runtime_System_abortStd__E
                0x00004828        0x8 C:\ti\tirtos_tivac_2_12_01_33\products\bios_6_41_04_54\packages\gnu\targets\arm\rtsv7M\lib\gnu.targets.arm.rtsv7M.am4fg(System.om4fg)
                0x00004828                xdc_runtime_System_abortStd__E
 .text.xdc_runtime_System_exitStd__E
                0x00004830        0x8 C:\ti\tirtos_tivac_2_12_01_33\products\bios_6_41_04_54\packages\gnu\targets\arm\rtsv7M\lib\gnu.targets.arm.rtsv7M.am4fg(System.om4fg)
                0x00004830                xdc_runtime_System_exitStd__E
 .text.xdc_runtime_System_processAtExit__E
                0x00004838       0x38 C:\ti\tirtos_tivac_2_12_01_33\products\bios_6_41_04_54\packages\gnu\targets\arm\rtsv7M\lib\gnu.targets.arm.rtsv7M.am4fg(System.om4fg)
                0x00004838                xdc_runtime_System_processAtExit__E
 .text.xdc_runtime_System_exit__E
                0x00004870       0x18 C:\ti\tirtos_tivac_2_12_01_33\products\bios_6_41_04_54\packages\gnu\targets\arm\rtsv7M\lib\gnu.targets.arm.rtsv7M.am4fg(System.om4fg)
                0x00004870                xdc_runtime_System_exit__E
 .text.xdc_runtime_System_formatNum__I
                0x00004888       0x68 C:\ti\tirtos_tivac_2_12_01_33\products\bios_6_41_04_54\packages\gnu\targets\arm\rtsv7M\lib\gnu.targets.arm.rtsv7M.am4fg(System.om4fg)
                0x00004888                xdc_runtime_System_formatNum(int0_t)
 .text.xdc_runtime_System_putchar__I
                0x000048f0       0x34 C:\ti\tirtos_tivac_2_12_01_33\products\bios_6_41_04_54\packages\gnu\targets\arm\rtsv7M\lib\gnu.targets.arm.rtsv7M.am4fg(System.om4fg)
                0x000048f0                xdc_runtime_System_putchar(int0_t)
 .text.xdc_runtime_System_doPrint__I
                0x00004924      0x338 C:\ti\tirtos_tivac_2_12_01_33\products\bios_6_41_04_54\packages\gnu\targets\arm\rtsv7M\lib\gnu.targets.arm.rtsv7M.am4fg(System.om4fg)
                0x00004924                xdc_runtime_System_doPrint(int0_t)
 .text.xdc_runtime_System_avprintf__E
                0x00004c5c       0x2c C:\ti\tirtos_tivac_2_12_01_33\products\bios_6_41_04_54\packages\gnu\targets\arm\rtsv7M\lib\gnu.targets.arm.rtsv7M.am4fg(System.om4fg)
                0x00004c5c                xdc_runtime_System_avprintf__E
 .text.xdc_runtime_System_aprintf_va__F
                0x00004c88        0x4 C:\ti\tirtos_tivac_2_12_01_33\products\bios_6_41_04_54\packages\gnu\targets\arm\rtsv7M\lib\gnu.targets.arm.rtsv7M.am4fg(System.om4fg)
                0x00004c88                xdc_runtime_System_aprintf_va(void)
 .text.xdc_runtime_System_vprintf__E
                0x00004c8c       0x28 C:\ti\tirtos_tivac_2_12_01_33\products\bios_6_41_04_54\packages\gnu\targets\arm\rtsv7M\lib\gnu.targets.arm.rtsv7M.am4fg(System.om4fg)
                0x00004c8c                xdc_runtime_System_vprintf__E
 .text.xdc_runtime_System_printf_va__F
                0x00004cb4        0x4 C:\ti\tirtos_tivac_2_12_01_33\products\bios_6_41_04_54\packages\gnu\targets\arm\rtsv7M\lib\gnu.targets.arm.rtsv7M.am4fg(System.om4fg)
                0x00004cb4                xdc_runtime_System_printf_va(void)
 .text.xdc_runtime_System_vsnprintf__E
                0x00004cb8       0x18 C:\ti\tirtos_tivac_2_12_01_33\products\bios_6_41_04_54\packages\gnu\targets\arm\rtsv7M\lib\gnu.targets.arm.rtsv7M.am4fg(System.om4fg)
                0x00004cb8                xdc_runtime_System_vsnprintf__E
 .text.xdc_runtime_SysMin_Module_startup__E
                0x00004cd0       0x20 C:\ti\tirtos_tivac_2_12_01_33\products\bios_6_41_04_54\packages\gnu\targets\arm\rtsv7M\lib\gnu.targets.arm.rtsv7M.am4fg(SysMin.om4fg)
                0x00004cd0                xdc_runtime_SysMin_Module_startup__E
 .text.xdc_runtime_SysMin_putch__E
                0x00004cf0       0x4c C:\ti\tirtos_tivac_2_12_01_33\products\bios_6_41_04_54\packages\gnu\targets\arm\rtsv7M\lib\gnu.targets.arm.rtsv7M.am4fg(SysMin.om4fg)
                0x00004cf0                xdc_runtime_SysMin_putch__E
 .text.xdc_runtime_SysMin_ready__E
                0x00004d3c       0x10 C:\ti\tirtos_tivac_2_12_01_33\products\bios_6_41_04_54\packages\gnu\targets\arm\rtsv7M\lib\gnu.targets.arm.rtsv7M.am4fg(SysMin.om4fg)
                0x00004d3c                xdc_runtime_SysMin_ready__E
 .text.xdc_runtime_SysMin_flush__E
                0x00004d4c       0x54 C:\ti\tirtos_tivac_2_12_01_33\products\bios_6_41_04_54\packages\gnu\targets\arm\rtsv7M\lib\gnu.targets.arm.rtsv7M.am4fg(SysMin.om4fg)
                0x00004d4c                xdc_runtime_SysMin_flush__E
 .text.xdc_runtime_SysMin_abort__E
                0x00004da0       0x34 C:\ti\tirtos_tivac_2_12_01_33\products\bios_6_41_04_54\packages\gnu\targets\arm\rtsv7M\lib\gnu.targets.arm.rtsv7M.am4fg(SysMin.om4fg)
                0x00004da0                xdc_runtime_SysMin_abort__E
 .text.xdc_runtime_SysMin_exit__E
                0x00004dd4       0x1c C:\ti\tirtos_tivac_2_12_01_33\products\bios_6_41_04_54\packages\gnu\targets\arm\rtsv7M\lib\gnu.targets.arm.rtsv7M.am4fg(SysMin.om4fg)
                0x00004dd4                xdc_runtime_SysMin_exit__E
 .text.xdc_runtime_Text_cordText__E
                0x00004df0       0x2c C:\ti\tirtos_tivac_2_12_01_33\products\bios_6_41_04_54\packages\gnu\targets\arm\rtsv7M\lib\gnu.targets.arm.rtsv7M.am4fg(Text.om4fg)
                0x00004df0                xdc_runtime_Text_cordText__E
 .text.xdc_runtime_Text_ropeText__E
                0x00004e1c       0x14 C:\ti\tirtos_tivac_2_12_01_33\products\bios_6_41_04_54\packages\gnu\targets\arm\rtsv7M\lib\gnu.targets.arm.rtsv7M.am4fg(Text.om4fg)
                0x00004e1c                xdc_runtime_Text_ropeText__E
 .text.xdc_runtime_Text_xprintf__I
                0x00004e30       0x40 C:\ti\tirtos_tivac_2_12_01_33\products\bios_6_41_04_54\packages\gnu\targets\arm\rtsv7M\lib\gnu.targets.arm.rtsv7M.am4fg(Text.om4fg)
                0x00004e30                xdc_runtime_Text_xprintf(int0_t)
 .text.xdc_runtime_Text_printVisFxn__I
                0x00004e70       0x34 C:\ti\tirtos_tivac_2_12_01_33\products\bios_6_41_04_54\packages\gnu\targets\arm\rtsv7M\lib\gnu.targets.arm.rtsv7M.am4fg(Text.om4fg)
                0x00004e70                xdc_runtime_Text_printVisFxn(int0_t)
 .text.xdc_runtime_Text_putMod__E
                0x00004ea4       0x94 C:\ti\tirtos_tivac_2_12_01_33\products\bios_6_41_04_54\packages\gnu\targets\arm\rtsv7M\lib\gnu.targets.arm.rtsv7M.am4fg(Text.om4fg)
                0x00004ea4                xdc_runtime_Text_putMod__E
 .text.xdc_runtime_Text_putLab__E
                0x00004f38       0x80 C:\ti\tirtos_tivac_2_12_01_33\products\bios_6_41_04_54\packages\gnu\targets\arm\rtsv7M\lib\gnu.targets.arm.rtsv7M.am4fg(Text.om4fg)
                0x00004f38                xdc_runtime_Text_putLab__E
 .text.xdc_runtime_Text_putSite__E
                0x00004fb8       0x9c C:\ti\tirtos_tivac_2_12_01_33\products\bios_6_41_04_54\packages\gnu\targets\arm\rtsv7M\lib\gnu.targets.arm.rtsv7M.am4fg(Text.om4fg)
                0x00004fb8                xdc_runtime_Text_putSite__E
 .text.xdc_runtime_Registry_findById__E
                0x00005054       0x1c C:\ti\tirtos_tivac_2_12_01_33\products\bios_6_41_04_54\packages\gnu\targets\arm\rtsv7M\lib\gnu.targets.arm.rtsv7M.am4fg(Registry.om4fg)
                0x00005054                xdc_runtime_Registry_findById__E
 .text.startupC
                0x00005070       0x98 C:\ti\tirtos_tivac_2_12_01_33\products\bios_6_41_04_54\packages\gnu\targets\arm\rtsv7M\lib\boot.am4fg(startup.om4fg)
                0x00005070                startupC
 .text._fini    0x00005108        0x4 C:\ti\tirtos_tivac_2_12_01_33\products\bios_6_41_04_54\packages\gnu\targets\arm\rtsv7M\lib\boot.am4fg(startup.om4fg)
                0x00005108                _fini
 .text._exit    0x0000510c        0x4 C:\ti\tirtos_tivac_2_12_01_33\products\bios_6_41_04_54\packages\gnu\targets\arm\rtsv7M\lib\syscalls.am4fg(syscalls.om4fg)
                0x0000510c                _exit
                0x0000510c                C$$EXIT
 .text._write   0x00005110       0x14 C:/ti/tirtos_tivac_2_12_01_33/products/bios_6_41_04_54/packages/gnu/targets/arm/libs/install-native/arm-none-eabi/lib/armv7e-m/fpu\libnosys.a(write.o)
                0x00005110                _write
 .text.abort    0x00005124       0x10 C:/ti/tirtos_tivac_2_12_01_33/products/bios_6_41_04_54/packages/gnu/targets/arm/libs/install-native/arm-none-eabi/lib/armv7e-m/fpu\libc.a(lib_a-abort.o)
                0x00005124                abort
 .text.exit     0x00005134       0x20 C:/ti/tirtos_tivac_2_12_01_33/products/bios_6_41_04_54/packages/gnu/targets/arm/libs/install-native/arm-none-eabi/lib/armv7e-m/fpu\libc.a(lib_a-exit.o)
                0x00005134                exit
 .text.memcpy   0x00005154      0x144 C:/ti/tirtos_tivac_2_12_01_33/products/bios_6_41_04_54/packages/gnu/targets/arm/libs/install-native/arm-none-eabi/lib/armv7e-m/fpu\libc.a(lib_a-memcpy.o)
                0x00005154                memcpy
 .text.memset   0x00005298      0x12c C:/ti/tirtos_tivac_2_12_01_33/products/bios_6_41_04_54/packages/gnu/targets/arm/libs/install-native/arm-none-eabi/lib/armv7e-m/fpu\libc.a(lib_a-memset.o)
                0x00005298                memset
 .text._raise_r
                0x000053c4       0x58 C:/ti/tirtos_tivac_2_12_01_33/products/bios_6_41_04_54/packages/gnu/targets/arm/libs/install-native/arm-none-eabi/lib/armv7e-m/fpu\libc.a(lib_a-signal.o)
                0x000053c4                _raise_r
 .text.raise    0x0000541c       0x14 C:/ti/tirtos_tivac_2_12_01_33/products/bios_6_41_04_54/packages/gnu/targets/arm/libs/install-native/arm-none-eabi/lib/armv7e-m/fpu\libc.a(lib_a-signal.o)
                0x0000541c                raise
 .text._kill_r  0x00005430       0x28 C:/ti/tirtos_tivac_2_12_01_33/products/bios_6_41_04_54/packages/gnu/targets/arm/libs/install-native/arm-none-eabi/lib/armv7e-m/fpu\libc.a(lib_a-signalr.o)
                0x00005430                _kill_r
 .text._getpid_r
                0x00005458        0x4 C:/ti/tirtos_tivac_2_12_01_33/products/bios_6_41_04_54/packages/gnu/targets/arm/libs/install-native/arm-none-eabi/lib/armv7e-m/fpu\libc.a(lib_a-signalr.o)
                0x00005458                _getpid_r
 .text.strlen   0x0000545c       0x60 C:/ti/tirtos_tivac_2_12_01_33/products/bios_6_41_04_54/packages/gnu/targets/arm/libs/install-native/arm-none-eabi/lib/armv7e-m/fpu\libc.a(lib_a-strlen.o)
                0x0000545c                strlen
 .text.startup.register_fini
                0x000054bc       0x14 C:/ti/tirtos_tivac_2_12_01_33/products/bios_6_41_04_54/packages/gnu/targets/arm/libs/install-native/arm-none-eabi/lib/armv7e-m/fpu\libc.a(lib_a-__call_atexit.o)
 .text.__call_exitprocs
                0x000054d0      0x288 C:/ti/tirtos_tivac_2_12_01_33/products/bios_6_41_04_54/packages/gnu/targets/arm/libs/install-native/arm-none-eabi/lib/armv7e-m/fpu\libc.a(lib_a-__call_atexit.o)
                0x000054d0                __call_exitprocs
 .text.atexit   0x00005758        0xc C:/ti/tirtos_tivac_2_12_01_33/products/bios_6_41_04_54/packages/gnu/targets/arm/libs/install-native/arm-none-eabi/lib/armv7e-m/fpu\libc.a(lib_a-atexit.o)
                0x00005758                atexit
 .text.__libc_fini_array
                0x00005764       0x50 C:/ti/tirtos_tivac_2_12_01_33/products/bios_6_41_04_54/packages/gnu/targets/arm/libs/install-native/arm-none-eabi/lib/armv7e-m/fpu\libc.a(lib_a-fini.o)
                0x00005764                __libc_fini_array
 .text.__getreent
                0x000057b4        0xc C:/ti/tirtos_tivac_2_12_01_33/products/bios_6_41_04_54/packages/gnu/targets/arm/libs/install-native/arm-none-eabi/lib/armv7e-m/fpu\libc.a(lib_a-getreent.o)
                0x000057b4                __getreent
 .text.__libc_lock_acquire_recursive
                0x000057c0        0x4 C:/ti/tirtos_tivac_2_12_01_33/products/bios_6_41_04_54/packages/gnu/targets/arm/libs/install-native/arm-none-eabi/lib/armv7e-m/fpu\libc.a(lib_a-lock.o)
                0x000057c0                __libc_lock_acquire_recursive
 .text.__libc_lock_release_recursive
                0x000057c4        0x4 C:/ti/tirtos_tivac_2_12_01_33/products/bios_6_41_04_54/packages/gnu/targets/arm/libs/install-native/arm-none-eabi/lib/armv7e-m/fpu\libc.a(lib_a-lock.o)
                0x000057c4                __libc_lock_release_recursive
 .text.__register_exitproc
                0x000057c8       0xc0 C:/ti/tirtos_tivac_2_12_01_33/products/bios_6_41_04_54/packages/gnu/targets/arm/libs/install-native/arm-none-eabi/lib/armv7e-m/fpu\libc.a(lib_a-__atexit.o)
                0x000057c8                __register_exitproc
 .text._getpid  0x00005888       0x14 C:/ti/tirtos_tivac_2_12_01_33/products/bios_6_41_04_54/packages/gnu/targets/arm/libs/install-native/arm-none-eabi/lib/armv7e-m/fpu\libnosys.a(getpid.o)
                0x00005888                _getpid
 .text._kill    0x0000589c       0x14 C:/ti/tirtos_tivac_2_12_01_33/products/bios_6_41_04_54/packages/gnu/targets/arm/libs/install-native/arm-none-eabi/lib/armv7e-m/fpu\libnosys.a(kill.o)
                0x0000589c                _kill
                0x000058b0                . = ALIGN (0x4)
 *(.ctors)
                0x000058b0                . = ALIGN (0x4)
 *(.dtors)
                0x000058b0                . = ALIGN (0x4)
                0x000058b0                __init_array_start = .
 *(.init_array*)
 .init_array.00000
                0x000058b0        0x4 C:/ti/tirtos_tivac_2_12_01_33/products/bios_6_41_04_54/packages/gnu/targets/arm/libs/install-native/arm-none-eabi/lib/armv7e-m/fpu\libc.a(lib_a-__call_atexit.o)
                0x000058b4                __init_array_end = .
 *(.init)
 *(.fini*)
                0x000058b4                PROVIDE (__etext, .)
                0x000058b4                PROVIDE (_etext, .)
                0x000058b4                PROVIDE (etext, .)

.glue_7         0x000058b4        0x0
 .glue_7        0x00000000        0x0 linker stubs

.glue_7t        0x000058b4        0x0
 .glue_7t       0x00000000        0x0 linker stubs

.vfp11_veneer   0x000058b4        0x0
 .vfp11_veneer  0x00000000        0x0 linker stubs

.v4_bx          0x000058b4        0x0
 .v4_bx         0x00000000        0x0 linker stubs

.iplt           0x000058b4        0x0
 .iplt          0x00000000        0x0 ./main.o

.c_int00        0x000058b4       0x44
 .c_int00       0x000058b4       0x44 C:\ti\tirtos_tivac_2_12_01_33\products\bios_6_41_04_54\packages\gnu\targets\arm\rtsv7M\lib\boot.am4fg(boot.om4fg)
                0x000058b4                _c_int00
                0x000058de                _reset_fxns_done_

.rodata         0x000058f8      0xd38
 *(.rodata)
 .rodata        0x000058f8       0x34 ./main.o
 *(.rodata*)
 .rodata_xdc_runtime_Startup_maxPasses__C
                0x0000592c        0x4 C:\Users\Shervin\workspace_v6_1\minimal_TivaTM4C129XNCZAD\Debug\configPkg\package\cfg\app_pm4fg.om4fg
                0x0000592c                xdc_runtime_Startup_maxPasses(void) const
 .rodata_xdc_runtime_Startup_sfxnRts__A
                0x00005930       0x14 C:\Users\Shervin\workspace_v6_1\minimal_TivaTM4C129XNCZAD\Debug\configPkg\package\cfg\app_pm4fg.om4fg
                0x00005930                xdc_runtime_Startup_sfxnRts__A
 .rodata_ti_sysbios_gates_GateMutex_Module__FXNS__C
                0x00005944       0x24 C:\Users\Shervin\workspace_v6_1\minimal_TivaTM4C129XNCZAD\Debug\configPkg\package\cfg\app_pm4fg.om4fg
                0x00005944                ti_sysbios_gates_GateMutex_Module__FXNS(void) const
 .rodata_ti_sysbios_knl_Task_numConstructedTasks__C
                0x00005968        0x4 C:\Users\Shervin\workspace_v6_1\minimal_TivaTM4C129XNCZAD\Debug\configPkg\package\cfg\app_pm4fg.om4fg
                0x00005968                ti_sysbios_knl_Task_numConstructedTasks(void) const
 .rodata_xdc_runtime_HeapStd_Module__FXNS__C
                0x0000596c       0x28 C:\Users\Shervin\workspace_v6_1\minimal_TivaTM4C129XNCZAD\Debug\configPkg\package\cfg\app_pm4fg.om4fg
                0x0000596c                xdc_runtime_HeapStd_Module__FXNS(void) const
 .rodata_xdc_runtime_Core_Module__diagsMask__C
                0x00005994        0x4 C:\Users\Shervin\workspace_v6_1\minimal_TivaTM4C129XNCZAD\Debug\configPkg\package\cfg\app_pm4fg.om4fg
                0x00005994                xdc_runtime_Core_Module__diagsMask(void) const
 .rodata_xdc_runtime_Error_policyFxn__C
                0x00005998        0x4 C:\Users\Shervin\workspace_v6_1\minimal_TivaTM4C129XNCZAD\Debug\configPkg\package\cfg\app_pm4fg.om4fg
                0x00005998                xdc_runtime_Error_policyFxn(void) const
 .rodata_xdc_runtime_IGateProvider_Interface__BASE__C
                0x0000599c        0x4 C:\Users\Shervin\workspace_v6_1\minimal_TivaTM4C129XNCZAD\Debug\configPkg\package\cfg\app_pm4fg.om4fg
                0x0000599c                xdc_runtime_IGateProvider_Interface__BASE(void) const
 .rodata_ti_sysbios_knl_Task_Object__count__C
                0x000059a0        0x4 C:\Users\Shervin\workspace_v6_1\minimal_TivaTM4C129XNCZAD\Debug\configPkg\package\cfg\app_pm4fg.om4fg
                0x000059a0                ti_sysbios_knl_Task_Object__count(void) const
 .rodata_ti_sysbios_family_arm_lm4_Timer_startupNeeded__C
                0x000059a4        0x4 C:\Users\Shervin\workspace_v6_1\minimal_TivaTM4C129XNCZAD\Debug\configPkg\package\cfg\app_pm4fg.om4fg
                0x000059a4                ti_sysbios_family_arm_lm4_Timer_startupNeeded(void) const
 .rodata_xdc_runtime_Core_Module__id__C
                0x000059a8        0x2 C:\Users\Shervin\workspace_v6_1\minimal_TivaTM4C129XNCZAD\Debug\configPkg\package\cfg\app_pm4fg.om4fg
                0x000059a8                xdc_runtime_Core_Module__id(void) const
 *fill*         0x000059aa        0x2 
 .rodata_ti_sysbios_family_arm_m3_Hwi_excHookFuncs__A
                0x000059ac        0x8 C:\Users\Shervin\workspace_v6_1\minimal_TivaTM4C129XNCZAD\Debug\configPkg\package\cfg\app_pm4fg.om4fg
                0x000059ac                ti_sysbios_family_arm_m3_Hwi_excHookFuncs__A
 .rodata_ti_sysbios_family_arm_lm4_Timer_enableFunc__C
                0x000059b4        0x4 C:\Users\Shervin\workspace_v6_1\minimal_TivaTM4C129XNCZAD\Debug\configPkg\package\cfg\app_pm4fg.om4fg
                0x000059b4                ti_sysbios_family_arm_lm4_Timer_enableFunc(void) const
 .rodata_xdc_runtime_Error_policy__C
                0x000059b8        0x1 C:\Users\Shervin\workspace_v6_1\minimal_TivaTM4C129XNCZAD\Debug\configPkg\package\cfg\app_pm4fg.om4fg
                0x000059b8                xdc_runtime_Error_policy(void) const
 *fill*         0x000059b9        0x3 
 .rodata_ti_sysbios_family_arm_m3_Hwi_excHookFuncs__C
                0x000059bc        0x4 C:\Users\Shervin\workspace_v6_1\minimal_TivaTM4C129XNCZAD\Debug\configPkg\package\cfg\app_pm4fg.om4fg
                0x000059bc                ti_sysbios_family_arm_m3_Hwi_excHookFuncs(void) const
 .rodata_ti_sysbios_knl_Task_allBlockedFunc__C
                0x000059c0        0x4 C:\Users\Shervin\workspace_v6_1\minimal_TivaTM4C129XNCZAD\Debug\configPkg\package\cfg\app_pm4fg.om4fg
                0x000059c0                ti_sysbios_knl_Task_allBlockedFunc(void) const
 .rodata_xdc_runtime_IHeap_Interface__BASE__C
                0x000059c4        0x4 C:\Users\Shervin\workspace_v6_1\minimal_TivaTM4C129XNCZAD\Debug\configPkg\package\cfg\app_pm4fg.om4fg
                0x000059c4                xdc_runtime_IHeap_Interface__BASE(void) const
 .rodata_xdc_runtime_Startup_firstFxns__A
                0x000059c8       0x10 C:\Users\Shervin\workspace_v6_1\minimal_TivaTM4C129XNCZAD\Debug\configPkg\package\cfg\app_pm4fg.om4fg
                0x000059c8                xdc_runtime_Startup_firstFxns__A
 .rodata_ti_sysbios_knl_Clock_Module_State_clockQ__O
                0x000059d8        0x4 C:\Users\Shervin\workspace_v6_1\minimal_TivaTM4C129XNCZAD\Debug\configPkg\package\cfg\app_pm4fg.om4fg
                0x000059d8                ti_sysbios_knl_Clock_Module_State_clockQ__O
 .rodata_xdc_runtime_Error_maxDepth__C
                0x000059dc        0x2 C:\Users\Shervin\workspace_v6_1\minimal_TivaTM4C129XNCZAD\Debug\configPkg\package\cfg\app_pm4fg.om4fg
                0x000059dc                xdc_runtime_Error_maxDepth(void) const
 *fill*         0x000059de        0x2 
 .rodata_ti_sysbios_family_arm_m3_Hwi_excHandlerFunc__C
                0x000059e0        0x4 C:\Users\Shervin\workspace_v6_1\minimal_TivaTM4C129XNCZAD\Debug\configPkg\package\cfg\app_pm4fg.om4fg
                0x000059e0                ti_sysbios_family_arm_m3_Hwi_excHandlerFunc(void) const
 .rodata_xdc_runtime_ILogger_Interface__BASE__C
                0x000059e4        0x4 C:\Users\Shervin\workspace_v6_1\minimal_TivaTM4C129XNCZAD\Debug\configPkg\package\cfg\app_pm4fg.om4fg
                0x000059e4                xdc_runtime_ILogger_Interface__BASE(void) const
 .rodata_ti_sysbios_knl_Task_initStackFlag__C
                0x000059e8        0x2 C:\Users\Shervin\workspace_v6_1\minimal_TivaTM4C129XNCZAD\Debug\configPkg\package\cfg\app_pm4fg.om4fg
                0x000059e8                ti_sysbios_knl_Task_initStackFlag(void) const
 *fill*         0x000059ea        0x2 
 .rodata_xdc_runtime_Startup_sfxnTab__A
                0x000059ec       0x28 C:\Users\Shervin\workspace_v6_1\minimal_TivaTM4C129XNCZAD\Debug\configPkg\package\cfg\app_pm4fg.om4fg
                0x000059ec                xdc_runtime_Startup_sfxnTab__A
 .rodata_xdc_runtime_Startup_sfxnTab__C
                0x00005a14        0x4 C:\Users\Shervin\workspace_v6_1\minimal_TivaTM4C129XNCZAD\Debug\configPkg\package\cfg\app_pm4fg.om4fg
                0x00005a14                xdc_runtime_Startup_sfxnTab(void) const
 .rodata_xdc_runtime_Text_nameEmpty__C
                0x00005a18        0x4 C:\Users\Shervin\workspace_v6_1\minimal_TivaTM4C129XNCZAD\Debug\configPkg\package\cfg\app_pm4fg.om4fg
                0x00005a18                xdc_runtime_Text_nameEmpty(void) const
 .rodata_xdc_runtime_HeapStd_Object__PARAMS__C
                0x00005a1c       0x1c C:\Users\Shervin\workspace_v6_1\minimal_TivaTM4C129XNCZAD\Debug\configPkg\package\cfg\app_pm4fg.om4fg
                0x00005a1c                xdc_runtime_HeapStd_Object__PARAMS(void) const
 .rodata_ti_sysbios_gates_GateMutex_Module__id__C
                0x00005a38        0x2 C:\Users\Shervin\workspace_v6_1\minimal_TivaTM4C129XNCZAD\Debug\configPkg\package\cfg\app_pm4fg.om4fg
                0x00005a38                ti_sysbios_gates_GateMutex_Module__id(void) const
 *fill*         0x00005a3a        0x2 
 .rodata_ti_sysbios_family_arm_m3_Hwi_ccr__C
                0x00005a3c        0x4 C:\Users\Shervin\workspace_v6_1\minimal_TivaTM4C129XNCZAD\Debug\configPkg\package\cfg\app_pm4fg.om4fg
                0x00005a3c                ti_sysbios_family_arm_m3_Hwi_ccr(void) const
 .rodata_xdc_runtime_HeapStd_A_zeroSize__C
                0x00005a40        0x4 C:\Users\Shervin\workspace_v6_1\minimal_TivaTM4C129XNCZAD\Debug\configPkg\package\cfg\app_pm4fg.om4fg
                0x00005a40                xdc_runtime_HeapStd_A_zeroSize(void) const
 .rodata_xdc_runtime_System_maxAtexitHandlers__C
                0x00005a44        0x4 C:\Users\Shervin\workspace_v6_1\minimal_TivaTM4C129XNCZAD\Debug\configPkg\package\cfg\app_pm4fg.om4fg
                0x00005a44                xdc_runtime_System_maxAtexitHandlers(void) const
 .rodata_xdc_runtime_LoggerBuf_statusLogger__C
                0x00005a48        0x4 C:\Users\Shervin\workspace_v6_1\minimal_TivaTM4C129XNCZAD\Debug\configPkg\package\cfg\app_pm4fg.om4fg
                0x00005a48                xdc_runtime_LoggerBuf_statusLogger(void) const
 .rodata_xdc_runtime_Core_Module__diagsEnabled__C
                0x00005a4c        0x4 C:\Users\Shervin\workspace_v6_1\minimal_TivaTM4C129XNCZAD\Debug\configPkg\package\cfg\app_pm4fg.om4fg
                0x00005a4c                xdc_runtime_Core_Module__diagsEnabled(void) const
 .rodata_xdc_runtime_Text_visitRopeFxn__C
                0x00005a50        0x4 C:\Users\Shervin\workspace_v6_1\minimal_TivaTM4C129XNCZAD\Debug\configPkg\package\cfg\app_pm4fg.om4fg
                0x00005a50                xdc_runtime_Text_visitRopeFxn(void) const
 .rodata_ti_sysbios_knl_Task_Module__diagsIncluded__C
                0x00005a54        0x4 C:\Users\Shervin\workspace_v6_1\minimal_TivaTM4C129XNCZAD\Debug\configPkg\package\cfg\app_pm4fg.om4fg
                0x00005a54                ti_sysbios_knl_Task_Module__diagsIncluded(void) const
 .rodata_xdc_runtime_Core_A_initializedParams__C
                0x00005a58        0x4 C:\Users\Shervin\workspace_v6_1\minimal_TivaTM4C129XNCZAD\Debug\configPkg\package\cfg\app_pm4fg.om4fg
                0x00005a58                xdc_runtime_Core_A_initializedParams(void) const
 .rodata_ti_sysbios_knl_Task_E_stackOverflow__C
                0x00005a5c        0x4 C:\Users\Shervin\workspace_v6_1\minimal_TivaTM4C129XNCZAD\Debug\configPkg\package\cfg\app_pm4fg.om4fg
                0x00005a5c                ti_sysbios_knl_Task_E_stackOverflow(void) const
 .rodata_xdc_runtime_Startup_lastFxns__C
                0x00005a60        0x8 C:\Users\Shervin\workspace_v6_1\minimal_TivaTM4C129XNCZAD\Debug\configPkg\package\cfg\app_pm4fg.om4fg
                0x00005a60                xdc_runtime_Startup_lastFxns(void) const
 .rodata_xdc_runtime_HeapStd_Module__diagsMask__C
                0x00005a68        0x4 C:\Users\Shervin\workspace_v6_1\minimal_TivaTM4C129XNCZAD\Debug\configPkg\package\cfg\app_pm4fg.om4fg
                0x00005a68                xdc_runtime_HeapStd_Module__diagsMask(void) const
 .rodata_xdc_runtime_System_abortFxn__C
                0x00005a6c        0x4 C:\Users\Shervin\workspace_v6_1\minimal_TivaTM4C129XNCZAD\Debug\configPkg\package\cfg\app_pm4fg.om4fg
                0x00005a6c                xdc_runtime_System_abortFxn(void) const
 .rodata_xdc_runtime_Startup_sfxnRts__C
                0x00005a70        0x4 C:\Users\Shervin\workspace_v6_1\minimal_TivaTM4C129XNCZAD\Debug\configPkg\package\cfg\app_pm4fg.om4fg
                0x00005a70                xdc_runtime_Startup_sfxnRts(void) const
 .rodata_ti_sysbios_knl_Semaphore_Module__diagsEnabled__C
                0x00005a74        0x4 C:\Users\Shervin\workspace_v6_1\minimal_TivaTM4C129XNCZAD\Debug\configPkg\package\cfg\app_pm4fg.om4fg
                0x00005a74                ti_sysbios_knl_Semaphore_Module__diagsEnabled(void) const
 .rodata_xdc_runtime_Text_registryModsLastId__C
                0x00005a78        0x2 C:\Users\Shervin\workspace_v6_1\minimal_TivaTM4C129XNCZAD\Debug\configPkg\package\cfg\app_pm4fg.om4fg
                0x00005a78                xdc_runtime_Text_registryModsLastId(void) const
 *fill*         0x00005a7a        0x2 
 .rodata_xdc_runtime_LoggerBuf_Object__count__C
                0x00005a7c        0x4 C:\Users\Shervin\workspace_v6_1\minimal_TivaTM4C129XNCZAD\Debug\configPkg\package\cfg\app_pm4fg.om4fg
                0x00005a7c                xdc_runtime_LoggerBuf_Object__count(void) const
 .rodata_xdc_runtime_Startup_firstFxns__C
                0x00005a80        0x8 C:\Users\Shervin\workspace_v6_1\minimal_TivaTM4C129XNCZAD\Debug\configPkg\package\cfg\app_pm4fg.om4fg
                0x00005a80                xdc_runtime_Startup_firstFxns(void) const
 .rodata_xdc_runtime_Memory_defaultHeapInstance__C
                0x00005a88        0x4 C:\Users\Shervin\workspace_v6_1\minimal_TivaTM4C129XNCZAD\Debug\configPkg\package\cfg\app_pm4fg.om4fg
                0x00005a88                xdc_runtime_Memory_defaultHeapInstance(void) const
 .rodata_xdc_runtime_Text_charTab__A
                0x00005a8c        0x4 C:\Users\Shervin\workspace_v6_1\minimal_TivaTM4C129XNCZAD\Debug\configPkg\package\cfg\app_pm4fg.om4fg
                0x00005a8c                xdc_runtime_Text_charTab__A
 .rodata_xdc_runtime_Text_charTab__C
                0x00005a90        0x4 C:\Users\Shervin\workspace_v6_1\minimal_TivaTM4C129XNCZAD\Debug\configPkg\package\cfg\app_pm4fg.om4fg
                0x00005a90                xdc_runtime_Text_charTab(void) const
 .rodata_xdc_runtime_Memory_Module__id__C
                0x00005a94        0x2 C:\Users\Shervin\workspace_v6_1\minimal_TivaTM4C129XNCZAD\Debug\configPkg\package\cfg\app_pm4fg.om4fg
                0x00005a94                xdc_runtime_Memory_Module__id(void) const
 .rodata_xdc_runtime_SysMin_flushAtExit__C
                0x00005a96        0x2 C:\Users\Shervin\workspace_v6_1\minimal_TivaTM4C129XNCZAD\Debug\configPkg\package\cfg\app_pm4fg.om4fg
                0x00005a96                xdc_runtime_SysMin_flushAtExit(void) const
 .rodata_ti_sysbios_gates_GateMutex_A_badContext__C
                0x00005a98        0x4 C:\Users\Shervin\workspace_v6_1\minimal_TivaTM4C129XNCZAD\Debug\configPkg\package\cfg\app_pm4fg.om4fg
                0x00005a98                ti_sysbios_gates_GateMutex_A_badContext(void) const
 .rodata_xdc_runtime_Startup_lastFxns__A
                0x00005a9c        0x4 C:\Users\Shervin\workspace_v6_1\minimal_TivaTM4C129XNCZAD\Debug\configPkg\package\cfg\app_pm4fg.om4fg
                0x00005a9c                xdc_runtime_Startup_lastFxns__A
 .rodata_ti_sysbios_family_arm_m3_Hwi_Object__count__C
                0x00005aa0        0x4 C:\Users\Shervin\workspace_v6_1\minimal_TivaTM4C129XNCZAD\Debug\configPkg\package\cfg\app_pm4fg.om4fg
                0x00005aa0                ti_sysbios_family_arm_m3_Hwi_Object__count(void) const
 .rodata_xdc_runtime_Error_Module__diagsIncluded__C
                0x00005aa4        0x4 C:\Users\Shervin\workspace_v6_1\minimal_TivaTM4C129XNCZAD\Debug\configPkg\package\cfg\app_pm4fg.om4fg
                0x00005aa4                xdc_runtime_Error_Module__diagsIncluded(void) const
 .rodata_ti_sysbios_family_arm_m3_Hwi_E_NMI__C
                0x00005aa8        0x4 C:\Users\Shervin\workspace_v6_1\minimal_TivaTM4C129XNCZAD\Debug\configPkg\package\cfg\app_pm4fg.om4fg
                0x00005aa8                ti_sysbios_family_arm_m3_Hwi_E_NMI(void) const
 .rodata_xdc_runtime_Assert_E_assertFailed__C
                0x00005aac        0x4 C:\Users\Shervin\workspace_v6_1\minimal_TivaTM4C129XNCZAD\Debug\configPkg\package\cfg\app_pm4fg.om4fg
                0x00005aac                xdc_runtime_Assert_E_assertFailed(void) const
 .rodata_xdc_runtime_LoggerBuf_filterByLevel__C
                0x00005ab0        0x2 C:\Users\Shervin\workspace_v6_1\minimal_TivaTM4C129XNCZAD\Debug\configPkg\package\cfg\app_pm4fg.om4fg
                0x00005ab0                xdc_runtime_LoggerBuf_filterByLevel(void) const
 *fill*         0x00005ab2        0x2 
 .rodata_xdc_runtime_Error_Module__diagsEnabled__C
                0x00005ab4        0x4 C:\Users\Shervin\workspace_v6_1\minimal_TivaTM4C129XNCZAD\Debug\configPkg\package\cfg\app_pm4fg.om4fg
                0x00005ab4                xdc_runtime_Error_Module__diagsEnabled(void) const
 .rodata_xdc_runtime_System_Module__gateObj__C
                0x00005ab8        0x4 C:\Users\Shervin\workspace_v6_1\minimal_TivaTM4C129XNCZAD\Debug\configPkg\package\cfg\app_pm4fg.om4fg
                0x00005ab8                xdc_runtime_System_Module__gateObj(void) const
 .rodata_ti_catalog_arm_cortexm4_tiva_ce_Boot_Module__diagsEnabled__C
                0x00005abc        0x4 C:\Users\Shervin\workspace_v6_1\minimal_TivaTM4C129XNCZAD\Debug\configPkg\package\cfg\app_pm4fg.om4fg
                0x00005abc                ti_catalog_arm_cortexm4_tiva_ce_Boot_Module__diagsEnabled(void) const
 .rodata_ti_sysbios_gates_GateMutex_Module__diagsIncluded__C
                0x00005ac0        0x4 C:\Users\Shervin\workspace_v6_1\minimal_TivaTM4C129XNCZAD\Debug\configPkg\package\cfg\app_pm4fg.om4fg
                0x00005ac0                ti_sysbios_gates_GateMutex_Module__diagsIncluded(void) const
 .rodata_ti_sysbios_knl_Queue_Object__DESC__C
                0x00005ac4       0x20 C:\Users\Shervin\workspace_v6_1\minimal_TivaTM4C129XNCZAD\Debug\configPkg\package\cfg\app_pm4fg.om4fg
                0x00005ac4                ti_sysbios_knl_Queue_Object__DESC(void) const
 .rodata_xdc_runtime_Error_Module__loggerFxn8__C
                0x00005ae4        0x4 C:\Users\Shervin\workspace_v6_1\minimal_TivaTM4C129XNCZAD\Debug\configPkg\package\cfg\app_pm4fg.om4fg
                0x00005ae4                xdc_runtime_Error_Module__loggerFxn8(void) const
 .rodata_ti_sysbios_knl_Semaphore_Instance_State_pendQ__O
                0x00005ae8        0x4 C:\Users\Shervin\workspace_v6_1\minimal_TivaTM4C129XNCZAD\Debug\configPkg\package\cfg\app_pm4fg.om4fg
                0x00005ae8                ti_sysbios_knl_Semaphore_Instance_State_pendQ__O
 .rodata_ti_sysbios_knl_Idle_funcList__A
                0x00005aec        0x4 C:\Users\Shervin\workspace_v6_1\minimal_TivaTM4C129XNCZAD\Debug\configPkg\package\cfg\app_pm4fg.om4fg
                0x00005aec                ti_sysbios_knl_Idle_funcList__A
 .rodata_ti_sysbios_knl_Task_A_badTimeout__C
                0x00005af0        0x4 C:\Users\Shervin\workspace_v6_1\minimal_TivaTM4C129XNCZAD\Debug\configPkg\package\cfg\app_pm4fg.om4fg
                0x00005af0                ti_sysbios_knl_Task_A_badTimeout(void) const
 .rodata_xdc_runtime_Core_Module__diagsIncluded__C
                0x00005af4        0x4 C:\Users\Shervin\workspace_v6_1\minimal_TivaTM4C129XNCZAD\Debug\configPkg\package\cfg\app_pm4fg.om4fg
                0x00005af4                xdc_runtime_Core_Module__diagsIncluded(void) const
 .rodata_ti_sysbios_family_arm_m3_Hwi_E_usageFault__C
                0x00005af8        0x4 C:\Users\Shervin\workspace_v6_1\minimal_TivaTM4C129XNCZAD\Debug\configPkg\package\cfg\app_pm4fg.om4fg
                0x00005af8                ti_sysbios_family_arm_m3_Hwi_E_usageFault(void) const
 .rodata_xdc_runtime_HeapStd_Object__DESC__C
                0x00005afc       0x20 C:\Users\Shervin\workspace_v6_1\minimal_TivaTM4C129XNCZAD\Debug\configPkg\package\cfg\app_pm4fg.om4fg
                0x00005afc                xdc_runtime_HeapStd_Object__DESC(void) const
 .rodata_xdc_runtime_Error_Module__diagsMask__C
                0x00005b1c        0x4 C:\Users\Shervin\workspace_v6_1\minimal_TivaTM4C129XNCZAD\Debug\configPkg\package\cfg\app_pm4fg.om4fg
                0x00005b1c                xdc_runtime_Error_Module__diagsMask(void) const
 .rodata_ti_sysbios_knl_Task_Module_State_inactiveQ__O